Host: kn078
/project/6106383/ewillis/pca_contrastive/venv/bin/python
Python 3.11.4
Tue Jan 20 23:44:36 2026       
+-----------------------------------------------------------------------------------------+
| NVIDIA-SMI 570.148.08             Driver Version: 570.148.08     CUDA Version: 12.8     |
|-----------------------------------------+------------------------+----------------------+
| GPU  Name                 Persistence-M | Bus-Id          Disp.A | Volatile Uncorr. ECC |
| Fan  Temp   Perf          Pwr:Usage/Cap |           Memory-Usage | GPU-Util  Compute M. |
|                                         |                        |               MIG M. |
|=========================================+========================+======================|
|   0  NVIDIA L40S                    On  |   00000000:CA:00.0 Off |                    0 |
| N/A   31C    P8             33W /  350W |       0MiB /  46068MiB |      0%      Default |
|                                         |                        |                  N/A |
+-----------------------------------------+------------------------+----------------------+
                                                                                         
+-----------------------------------------------------------------------------------------+
| Processes:                                                                              |
|  GPU   GI   CI              PID   Type   Process name                        GPU Memory |
|        ID   ID                                                               Usage      |
|=========================================================================================|
|  No running processes found                                                             |
+-----------------------------------------------------------------------------------------+
TRAIN_MODE=two_stage
OUTDIR_MODE=/home/ewillis/projects/aip-medilab/ewillis/pca_contrastive/mri_model_medsam_finetune_2D/LATEST/SPIE-RESULTS: results_isup3/two_stage
/project/6106383/ewillis/pca_contrastive/venv/lib/python3.11/site-packages/pydantic/_internal/_generate_schema.py:2249: UnsupportedFieldAttributeWarning: The 'repr' attribute with value False was provided to the `Field()` function, which has no effect in the context it was used. 'repr' is field-specific metadata, and can only be attached to a model field using `Annotated` metadata or by assignment. This may have happened because an `Annotated` type alias using the `type` statement was used, or if the `Field()` function was attached to a single member of a union type.
  warnings.warn(
/project/6106383/ewillis/pca_contrastive/venv/lib/python3.11/site-packages/pydantic/_internal/_generate_schema.py:2249: UnsupportedFieldAttributeWarning: The 'frozen' attribute with value True was provided to the `Field()` function, which has no effect in the context it was used. 'frozen' is field-specific metadata, and can only be attached to a model field using `Annotated` metadata or by assignment. This may have happened because an `Annotated` type alias using the `type` statement was used, or if the `Field()` function was attached to a single member of a union type.
  warnings.warn(
SCRIPT: train_triplet_full.py
ARGS: Namespace(train_mode='two_stage', seed=42, manifest='/project/aip-medilab/shared/picai/manifests/slices_manifest.csv', target='isup3', folds_train='1,2,3', folds_val='0', folds_test='4', batch_size=16, pos_ratio=0.33, use_skip=False, label6_column='merged_ISUP', sam_checkpoint='/project/aip-medilab/ewillis/pca_contrastive/mri_model_medsam_finetune/work_dir/MedSAM/medsam_vit_b.pth', proj_dim=512, histo_dir='/project/aip-medilab/shared/picai/histopathology_encodings/UNI2/projected_512D/embeddings_512', histo_marksheet_dir='/project/aip-medilab/shared/picai/histopathology_encodings/UNI2_splits', provider='all', triplet_epochs=40, triplet_patience=10, triplet_margin=0.2, lr_max_iter=5, head_epochs=40, head_patience=10, stage2_scope='head_only', lr=1e-05, wd=0.0, enc_lr_mult=0.1, patient_col='patient_id', case_col='case_id', outdir='/home/ewillis/projects/aip-medilab/ewillis/pca_contrastive/mri_model_medsam_finetune_2D/LATEST/SPIE-RESULTS: results_isup3/two_stage', wandb=True, wandb_project='MID_DEC_KILLARNEY_NEW_SPIE', wandb_run_name='isup3-two_stage-scope-head_only')
!!!!!! classes_present [0, 1, 2]
[split-check] #patients: train=885, val=295, test=296
[split-check] patient overlaps: train∩val=0, train∩test=0, val∩test=0
wandb: Currently logged in as: jesande7 (jesande7-queens) to https://api.wandb.ai. Use `wandb login --relogin` to force relogin
wandb: WARNING Changes to your `wandb` environment variables will be ignored because your `wandb` session has already started. For more information on how to modify your settings with `wandb.init()` arguments, please refer to https://wandb.me/wandb-init.
wandb: Tracking run with wandb version 0.21.2
wandb: Run data is saved locally in /project/6106383/shared/picai/wandb/run-20260120_234455-n7n09fl5
wandb: Run `wandb offline` to turn off syncing.
wandb: Syncing run isup3-two_stage-scope-head_only
wandb: ⭐️ View project at https://wandb.ai/jesande7-queens/MID_DEC_KILLARNEY_NEW_SPIE
wandb: 🚀 View run at https://wandb.ai/jesande7-queens/MID_DEC_KILLARNEY_NEW_SPIE/runs/n7n09fl5
[two_stage] lr=1e-05 wd=0 enc_lr_mult=0.1 margin=0.2
[triplet] lr_proj=1e-05 | lr_enc=1e-06
/project/6106383/ewillis/pca_contrastive/venv/lib/python3.11/site-packages/sklearn/linear_model/_logistic.py:1272: FutureWarning: 'multi_class' was deprecated in version 1.5 and will be removed in 1.7. From then on, it will always use 'multinomial'. Leave it to its default value to avoid this warning.
  warnings.warn(
/project/6106383/ewillis/pca_contrastive/venv/lib/python3.11/site-packages/sklearn/linear_model/_logistic.py:473: ConvergenceWarning: lbfgs failed to converge after 5 iteration(s) (status=1):
STOP: TOTAL NO. OF ITERATIONS REACHED LIMIT

Increase the number of iterations to improve the convergence (max_iter=5).
You might also want to scale the data as shown in:
    https://scikit-learn.org/stable/modules/preprocessing.html
Please also refer to the documentation for alternative solver options:
    https://scikit-learn.org/stable/modules/linear_model.html#logistic-regression
  n_iter_i = _check_optimize_result(
  ↳ [triplet] new best (val BAL-acc=0.3333) snapshot stored in memory
/project/6106383/ewillis/pca_contrastive/venv/lib/python3.11/site-packages/sklearn/linear_model/_logistic.py:1272: FutureWarning: 'multi_class' was deprecated in version 1.5 and will be removed in 1.7. From then on, it will always use 'multinomial'. Leave it to its default value to avoid this warning.
  warnings.warn(
/project/6106383/ewillis/pca_contrastive/venv/lib/python3.11/site-packages/sklearn/linear_model/_logistic.py:473: ConvergenceWarning: lbfgs failed to converge after 5 iteration(s) (status=1):
STOP: TOTAL NO. OF ITERATIONS REACHED LIMIT

Increase the number of iterations to improve the convergence (max_iter=5).
You might also want to scale the data as shown in:
    https://scikit-learn.org/stable/modules/preprocessing.html
Please also refer to the documentation for alternative solver options:
    https://scikit-learn.org/stable/modules/linear_model.html#logistic-regression
  n_iter_i = _check_optimize_result(
  ↳ [triplet] no improvement (1/10)
/project/6106383/ewillis/pca_contrastive/venv/lib/python3.11/site-packages/sklearn/linear_model/_logistic.py:1272: FutureWarning: 'multi_class' was deprecated in version 1.5 and will be removed in 1.7. From then on, it will always use 'multinomial'. Leave it to its default value to avoid this warning.
  warnings.warn(
/project/6106383/ewillis/pca_contrastive/venv/lib/python3.11/site-packages/sklearn/linear_model/_logistic.py:473: ConvergenceWarning: lbfgs failed to converge after 5 iteration(s) (status=1):
STOP: TOTAL NO. OF ITERATIONS REACHED LIMIT

Increase the number of iterations to improve the convergence (max_iter=5).
You might also want to scale the data as shown in:
    https://scikit-learn.org/stable/modules/preprocessing.html
Please also refer to the documentation for alternative solver options:
    https://scikit-learn.org/stable/modules/linear_model.html#logistic-regression
  n_iter_i = _check_optimize_result(
  ↳ [triplet] new best (val BAL-acc=0.4839) snapshot stored in memory
/project/6106383/ewillis/pca_contrastive/venv/lib/python3.11/site-packages/sklearn/linear_model/_logistic.py:1272: FutureWarning: 'multi_class' was deprecated in version 1.5 and will be removed in 1.7. From then on, it will always use 'multinomial'. Leave it to its default value to avoid this warning.
  warnings.warn(
/project/6106383/ewillis/pca_contrastive/venv/lib/python3.11/site-packages/sklearn/linear_model/_logistic.py:473: ConvergenceWarning: lbfgs failed to converge after 5 iteration(s) (status=1):
STOP: TOTAL NO. OF ITERATIONS REACHED LIMIT

Increase the number of iterations to improve the convergence (max_iter=5).
You might also want to scale the data as shown in:
    https://scikit-learn.org/stable/modules/preprocessing.html
Please also refer to the documentation for alternative solver options:
    https://scikit-learn.org/stable/modules/linear_model.html#logistic-regression
  n_iter_i = _check_optimize_result(
  ↳ [triplet] new best (val BAL-acc=0.5019) snapshot stored in memory
/project/6106383/ewillis/pca_contrastive/venv/lib/python3.11/site-packages/sklearn/linear_model/_logistic.py:1272: FutureWarning: 'multi_class' was deprecated in version 1.5 and will be removed in 1.7. From then on, it will always use 'multinomial'. Leave it to its default value to avoid this warning.
  warnings.warn(
/project/6106383/ewillis/pca_contrastive/venv/lib/python3.11/site-packages/sklearn/linear_model/_logistic.py:473: ConvergenceWarning: lbfgs failed to converge after 5 iteration(s) (status=1):
STOP: TOTAL NO. OF ITERATIONS REACHED LIMIT

Increase the number of iterations to improve the convergence (max_iter=5).
You might also want to scale the data as shown in:
    https://scikit-learn.org/stable/modules/preprocessing.html
Please also refer to the documentation for alternative solver options:
    https://scikit-learn.org/stable/modules/linear_model.html#logistic-regression
  n_iter_i = _check_optimize_result(
  ↳ [triplet] new best (val BAL-acc=0.5160) snapshot stored in memory
/project/6106383/ewillis/pca_contrastive/venv/lib/python3.11/site-packages/sklearn/linear_model/_logistic.py:1272: FutureWarning: 'multi_class' was deprecated in version 1.5 and will be removed in 1.7. From then on, it will always use 'multinomial'. Leave it to its default value to avoid this warning.
  warnings.warn(
/project/6106383/ewillis/pca_contrastive/venv/lib/python3.11/site-packages/sklearn/linear_model/_logistic.py:473: ConvergenceWarning: lbfgs failed to converge after 5 iteration(s) (status=1):
STOP: TOTAL NO. OF ITERATIONS REACHED LIMIT

Increase the number of iterations to improve the convergence (max_iter=5).
You might also want to scale the data as shown in:
    https://scikit-learn.org/stable/modules/preprocessing.html
Please also refer to the documentation for alternative solver options:
    https://scikit-learn.org/stable/modules/linear_model.html#logistic-regression
  n_iter_i = _check_optimize_result(
  ↳ [triplet] no improvement (1/10)
/project/6106383/ewillis/pca_contrastive/venv/lib/python3.11/site-packages/sklearn/linear_model/_logistic.py:1272: FutureWarning: 'multi_class' was deprecated in version 1.5 and will be removed in 1.7. From then on, it will always use 'multinomial'. Leave it to its default value to avoid this warning.
  warnings.warn(
/project/6106383/ewillis/pca_contrastive/venv/lib/python3.11/site-packages/sklearn/linear_model/_logistic.py:473: ConvergenceWarning: lbfgs failed to converge after 5 iteration(s) (status=1):
STOP: TOTAL NO. OF ITERATIONS REACHED LIMIT

Increase the number of iterations to improve the convergence (max_iter=5).
You might also want to scale the data as shown in:
    https://scikit-learn.org/stable/modules/preprocessing.html
Please also refer to the documentation for alternative solver options:
    https://scikit-learn.org/stable/modules/linear_model.html#logistic-regression
  n_iter_i = _check_optimize_result(
  ↳ [triplet] no improvement (2/10)
/project/6106383/ewillis/pca_contrastive/venv/lib/python3.11/site-packages/sklearn/linear_model/_logistic.py:1272: FutureWarning: 'multi_class' was deprecated in version 1.5 and will be removed in 1.7. From then on, it will always use 'multinomial'. Leave it to its default value to avoid this warning.
  warnings.warn(
/project/6106383/ewillis/pca_contrastive/venv/lib/python3.11/site-packages/sklearn/linear_model/_logistic.py:473: ConvergenceWarning: lbfgs failed to converge after 5 iteration(s) (status=1):
STOP: TOTAL NO. OF ITERATIONS REACHED LIMIT

Increase the number of iterations to improve the convergence (max_iter=5).
You might also want to scale the data as shown in:
    https://scikit-learn.org/stable/modules/preprocessing.html
Please also refer to the documentation for alternative solver options:
    https://scikit-learn.org/stable/modules/linear_model.html#logistic-regression
  n_iter_i = _check_optimize_result(
  ↳ [triplet] no improvement (3/10)
/project/6106383/ewillis/pca_contrastive/venv/lib/python3.11/site-packages/sklearn/linear_model/_logistic.py:1272: FutureWarning: 'multi_class' was deprecated in version 1.5 and will be removed in 1.7. From then on, it will always use 'multinomial'. Leave it to its default value to avoid this warning.
  warnings.warn(
/project/6106383/ewillis/pca_contrastive/venv/lib/python3.11/site-packages/sklearn/linear_model/_logistic.py:473: ConvergenceWarning: lbfgs failed to converge after 5 iteration(s) (status=1):
STOP: TOTAL NO. OF ITERATIONS REACHED LIMIT

Increase the number of iterations to improve the convergence (max_iter=5).
You might also want to scale the data as shown in:
    https://scikit-learn.org/stable/modules/preprocessing.html
Please also refer to the documentation for alternative solver options:
    https://scikit-learn.org/stable/modules/linear_model.html#logistic-regression
  n_iter_i = _check_optimize_result(
  ↳ [triplet] no improvement (4/10)
/project/6106383/ewillis/pca_contrastive/venv/lib/python3.11/site-packages/sklearn/linear_model/_logistic.py:1272: FutureWarning: 'multi_class' was deprecated in version 1.5 and will be removed in 1.7. From then on, it will always use 'multinomial'. Leave it to its default value to avoid this warning.
  warnings.warn(
/project/6106383/ewillis/pca_contrastive/venv/lib/python3.11/site-packages/sklearn/linear_model/_logistic.py:473: ConvergenceWarning: lbfgs failed to converge after 5 iteration(s) (status=1):
STOP: TOTAL NO. OF ITERATIONS REACHED LIMIT

Increase the number of iterations to improve the convergence (max_iter=5).
You might also want to scale the data as shown in:
    https://scikit-learn.org/stable/modules/preprocessing.html
Please also refer to the documentation for alternative solver options:
    https://scikit-learn.org/stable/modules/linear_model.html#logistic-regression
  n_iter_i = _check_optimize_result(
  ↳ [triplet] no improvement (5/10)
/project/6106383/ewillis/pca_contrastive/venv/lib/python3.11/site-packages/sklearn/linear_model/_logistic.py:1272: FutureWarning: 'multi_class' was deprecated in version 1.5 and will be removed in 1.7. From then on, it will always use 'multinomial'. Leave it to its default value to avoid this warning.
  warnings.warn(
/project/6106383/ewillis/pca_contrastive/venv/lib/python3.11/site-packages/sklearn/linear_model/_logistic.py:473: ConvergenceWarning: lbfgs failed to converge after 5 iteration(s) (status=1):
STOP: TOTAL NO. OF ITERATIONS REACHED LIMIT

Increase the number of iterations to improve the convergence (max_iter=5).
You might also want to scale the data as shown in:
    https://scikit-learn.org/stable/modules/preprocessing.html
Please also refer to the documentation for alternative solver options:
    https://scikit-learn.org/stable/modules/linear_model.html#logistic-regression
  n_iter_i = _check_optimize_result(
  ↳ [triplet] no improvement (6/10)
/project/6106383/ewillis/pca_contrastive/venv/lib/python3.11/site-packages/sklearn/linear_model/_logistic.py:1272: FutureWarning: 'multi_class' was deprecated in version 1.5 and will be removed in 1.7. From then on, it will always use 'multinomial'. Leave it to its default value to avoid this warning.
  warnings.warn(
/project/6106383/ewillis/pca_contrastive/venv/lib/python3.11/site-packages/sklearn/linear_model/_logistic.py:473: ConvergenceWarning: lbfgs failed to converge after 5 iteration(s) (status=1):
STOP: TOTAL NO. OF ITERATIONS REACHED LIMIT

Increase the number of iterations to improve the convergence (max_iter=5).
You might also want to scale the data as shown in:
    https://scikit-learn.org/stable/modules/preprocessing.html
Please also refer to the documentation for alternative solver options:
    https://scikit-learn.org/stable/modules/linear_model.html#logistic-regression
  n_iter_i = _check_optimize_result(
  ↳ [triplet] no improvement (7/10)
/project/6106383/ewillis/pca_contrastive/venv/lib/python3.11/site-packages/sklearn/linear_model/_logistic.py:1272: FutureWarning: 'multi_class' was deprecated in version 1.5 and will be removed in 1.7. From then on, it will always use 'multinomial'. Leave it to its default value to avoid this warning.
  warnings.warn(
/project/6106383/ewillis/pca_contrastive/venv/lib/python3.11/site-packages/sklearn/linear_model/_logistic.py:473: ConvergenceWarning: lbfgs failed to converge after 5 iteration(s) (status=1):
STOP: TOTAL NO. OF ITERATIONS REACHED LIMIT

Increase the number of iterations to improve the convergence (max_iter=5).
You might also want to scale the data as shown in:
    https://scikit-learn.org/stable/modules/preprocessing.html
Please also refer to the documentation for alternative solver options:
    https://scikit-learn.org/stable/modules/linear_model.html#logistic-regression
  n_iter_i = _check_optimize_result(
  ↳ [triplet] no improvement (8/10)
/project/6106383/ewillis/pca_contrastive/venv/lib/python3.11/site-packages/sklearn/linear_model/_logistic.py:1272: FutureWarning: 'multi_class' was deprecated in version 1.5 and will be removed in 1.7. From then on, it will always use 'multinomial'. Leave it to its default value to avoid this warning.
  warnings.warn(
/project/6106383/ewillis/pca_contrastive/venv/lib/python3.11/site-packages/sklearn/linear_model/_logistic.py:473: ConvergenceWarning: lbfgs failed to converge after 5 iteration(s) (status=1):
STOP: TOTAL NO. OF ITERATIONS REACHED LIMIT

Increase the number of iterations to improve the convergence (max_iter=5).
You might also want to scale the data as shown in:
    https://scikit-learn.org/stable/modules/preprocessing.html
Please also refer to the documentation for alternative solver options:
    https://scikit-learn.org/stable/modules/linear_model.html#logistic-regression
  n_iter_i = _check_optimize_result(
  ↳ [triplet] no improvement (9/10)
/project/6106383/ewillis/pca_contrastive/venv/lib/python3.11/site-packages/sklearn/linear_model/_logistic.py:1272: FutureWarning: 'multi_class' was deprecated in version 1.5 and will be removed in 1.7. From then on, it will always use 'multinomial'. Leave it to its default value to avoid this warning.
  warnings.warn(
/project/6106383/ewillis/pca_contrastive/venv/lib/python3.11/site-packages/sklearn/linear_model/_logistic.py:473: ConvergenceWarning: lbfgs failed to converge after 5 iteration(s) (status=1):
STOP: TOTAL NO. OF ITERATIONS REACHED LIMIT

Increase the number of iterations to improve the convergence (max_iter=5).
You might also want to scale the data as shown in:
    https://scikit-learn.org/stable/modules/preprocessing.html
Please also refer to the documentation for alternative solver options:
    https://scikit-learn.org/stable/modules/linear_model.html#logistic-regression
  n_iter_i = _check_optimize_result(
  ↳ [triplet] no improvement (10/10)
[triplet] Early stopping at epoch 15.
[stage2] scope=head_only (training head only)
[HEAD 001] train: loss 0.8722 bacc 0.3827 acc 0.2592 f1 0.2494 || val: loss 0.1250 acc 0.1302 BAL-acc 0.4022 f1 0.1687 | acc[c0]=0.096  acc[c1]=0.647  acc[c2]=0.464 | auc[c0]=0.919  auc[c1]=0.606  auc[c2]=0.888 | macroAUC=0.804 | macroSens=0.402 macroSpec=0.695 | sens[c0]=0.096  sens[c1]=0.647  sens[c2]=0.464 | spec[c0]=1.000  spec[c1]=0.120  spec[c2]=0.965
Confusion matrix (LR val): rows=true, cols=pred
true\pred  ISUP01  ISUP23  ISUP45
   ISUP01     597    5532     111
   ISUP23       0     224     122
   ISUP45       0      59      51
  ↳ [head] new best (val BAL-acc=0.4022) snapshot stored in memory
[HEAD 002] train: loss 0.7767 bacc 0.5363 acc 0.4738 f1 0.4618 || val: loss 0.1096 acc 0.5124 BAL-acc 0.5431 f1 0.3455 | acc[c0]=0.510  acc[c1]=0.538  acc[c2]=0.582 | auc[c0]=0.919  auc[c1]=0.685  auc[c2]=0.888 | macroAUC=0.831 | macroSens=0.543 macroSpec=0.821 | sens[c0]=0.510  sens[c1]=0.538  sens[c2]=0.582 | spec[c0]=0.974  spec[c1]=0.540  spec[c2]=0.950
Confusion matrix (LR val): rows=true, cols=pred
true\pred  ISUP01  ISUP23  ISUP45
   ISUP01    3181    2885     174
   ISUP23       5     186     155
   ISUP45       7      39      64
  ↳ [head] new best (val BAL-acc=0.5431) snapshot stored in memory
[HEAD 003] train: loss 0.7547 bacc 0.5829 acc 0.5611 f1 0.5191 || val: loss 0.1074 acc 0.5700 BAL-acc 0.5527 f1 0.3790 | acc[c0]=0.564  acc[c1]=0.749  acc[c2]=0.345 | auc[c0]=0.919  auc[c1]=0.749  auc[c2]=0.889 | macroAUC=0.852 | macroSens=0.553 macroSpec=0.840 | sens[c0]=0.564  sens[c1]=0.749  sens[c2]=0.345 | spec[c0]=0.969  spec[c1]=0.571  spec[c2]=0.978
Confusion matrix (LR val): rows=true, cols=pred
true\pred  ISUP01  ISUP23  ISUP45
   ISUP01    3520    2657      63
   ISUP23       7     259      80
   ISUP45       7      65      38
  ↳ [head] new best (val BAL-acc=0.5527) snapshot stored in memory
[HEAD 004] train: loss 0.7448 bacc 0.5954 acc 0.5816 f1 0.5341 || val: loss 0.1131 acc 0.5043 BAL-acc 0.5337 f1 0.3524 | acc[c0]=0.495  acc[c1]=0.697  acc[c2]=0.409 | auc[c0]=0.919  auc[c1]=0.682  auc[c2]=0.889 | macroAUC=0.830 | macroSens=0.534 macroSpec=0.819 | sens[c0]=0.495  sens[c1]=0.697  sens[c2]=0.409 | spec[c0]=0.976  spec[c1]=0.508  spec[c2]=0.972
Confusion matrix (LR val): rows=true, cols=pred
true\pred  ISUP01  ISUP23  ISUP45
   ISUP01    3091    3066      83
   ISUP23       4     241     101
   ISUP45       7      58      45
  ↳ [head] no improvement (1/10)
[HEAD 005] train: loss 0.7443 bacc 0.6009 acc 0.5816 f1 0.5358 || val: loss 0.1065 acc 0.6086 BAL-acc 0.5659 f1 0.3962 | acc[c0]=0.607  acc[c1]=0.699  acc[c2]=0.391 | auc[c0]=0.919  auc[c1]=0.759  auc[c2]=0.889 | macroAUC=0.856 | macroSens=0.566 macroSpec=0.848 | sens[c0]=0.607  sens[c1]=0.699  sens[c2]=0.391 | spec[c0]=0.952  spec[c1]=0.616  spec[c2]=0.976
Confusion matrix (LR val): rows=true, cols=pred
true\pred  ISUP01  ISUP23  ISUP45
   ISUP01    3790    2381      69
   ISUP23      13     242      91
   ISUP45       9      58      43
  ↳ [head] new best (val BAL-acc=0.5659) snapshot stored in memory
[HEAD 006] train: loss 0.7346 bacc 0.6093 acc 0.5924 f1 0.5477 || val: loss 0.1085 acc 0.5883 BAL-acc 0.5601 f1 0.3722 | acc[c0]=0.592  acc[c1]=0.543  acc[c2]=0.545 | auc[c0]=0.919  auc[c1]=0.700  auc[c2]=0.889 | macroAUC=0.836 | macroSens=0.560 macroSpec=0.842 | sens[c0]=0.592  sens[c1]=0.543  sens[c2]=0.545 | spec[c0]=0.956  spec[c1]=0.619  spec[c2]=0.952
Confusion matrix (LR val): rows=true, cols=pred
true\pred  ISUP01  ISUP23  ISUP45
   ISUP01    3691    2381     168
   ISUP23      11     188     147
   ISUP45       9      41      60
  ↳ [head] no improvement (1/10)
[HEAD 007] train: loss 0.7321 bacc 0.6142 acc 0.6026 f1 0.5514 || val: loss 0.1087 acc 0.5845 BAL-acc 0.5634 f1 0.3799 | acc[c0]=0.584  acc[c1]=0.624  acc[c2]=0.482 | auc[c0]=0.919  auc[c1]=0.720  auc[c2]=0.889 | macroAUC=0.843 | macroSens=0.563 macroSpec=0.842 | sens[c0]=0.584  sens[c1]=0.624  sens[c2]=0.482 | spec[c0]=0.958  spec[c1]=0.603  spec[c2]=0.964
Confusion matrix (LR val): rows=true, cols=pred
true\pred  ISUP01  ISUP23  ISUP45
   ISUP01    3645    2476     119
   ISUP23      10     216     120
   ISUP45       9      48      53
  ↳ [head] no improvement (2/10)
[HEAD 008] train: loss 0.7249 bacc 0.6283 acc 0.6102 f1 0.5629 || val: loss 0.1096 acc 0.5775 BAL-acc 0.5573 f1 0.3813 | acc[c0]=0.573  acc[c1]=0.717  acc[c2]=0.382 | auc[c0]=0.919  auc[c1]=0.736  auc[c2]=0.888 | macroAUC=0.848 | macroSens=0.557 macroSpec=0.841 | sens[c0]=0.573  sens[c1]=0.717  sens[c2]=0.382 | spec[c0]=0.965  spec[c1]=0.583  spec[c2]=0.975
Confusion matrix (LR val): rows=true, cols=pred
true\pred  ISUP01  ISUP23  ISUP45
   ISUP01    3577    2586      77
   ISUP23       8     248      90
   ISUP45       8      60      42
  ↳ [head] no improvement (3/10)
[HEAD 009] train: loss 0.7158 bacc 0.6343 acc 0.6142 f1 0.5693 || val: loss 0.1070 acc 0.6125 BAL-acc 0.5714 f1 0.3843 | acc[c0]=0.616  acc[c1]=0.590  acc[c2]=0.509 | auc[c0]=0.919  auc[c1]=0.729  auc[c2]=0.888 | macroAUC=0.845 | macroSens=0.571 macroSpec=0.849 | sens[c0]=0.616  sens[c1]=0.590  sens[c2]=0.509 | spec[c0]=0.950  spec[c1]=0.640  spec[c2]=0.957
Confusion matrix (LR val): rows=true, cols=pred
true\pred  ISUP01  ISUP23  ISUP45
   ISUP01    3841    2244     155
   ISUP23      13     204     129
   ISUP45      10      44      56
  ↳ [head] new best (val BAL-acc=0.5714) snapshot stored in memory
[HEAD 010] train: loss 0.7259 bacc 0.6164 acc 0.6028 f1 0.5576 || val: loss 0.1099 acc 0.5833 BAL-acc 0.5620 f1 0.3603 | acc[c0]=0.586  acc[c1]=0.555  acc[c2]=0.545 | auc[c0]=0.919  auc[c1]=0.702  auc[c2]=0.887 | macroAUC=0.836 | macroSens=0.562 macroSpec=0.840 | sens[c0]=0.586  sens[c1]=0.555  sens[c2]=0.545 | spec[c0]=0.954  spec[c1]=0.626  spec[c2]=0.940
Confusion matrix (LR val): rows=true, cols=pred
true\pred  ISUP01  ISUP23  ISUP45
   ISUP01    3654    2332     254
   ISUP23      12     192     142
   ISUP45       9      41      60
  ↳ [head] no improvement (1/10)
[HEAD 011] train: loss 0.7236 bacc 0.6380 acc 0.6255 f1 0.5734 || val: loss 0.1087 acc 0.5865 BAL-acc 0.5553 f1 0.3719 | acc[c0]=0.586  acc[c1]=0.653  acc[c2]=0.427 | auc[c0]=0.919  auc[c1]=0.735  auc[c2]=0.886 | macroAUC=0.847 | macroSens=0.555 macroSpec=0.841 | sens[c0]=0.586  sens[c1]=0.653  sens[c2]=0.427 | spec[c0]=0.954  spec[c1]=0.606  spec[c2]=0.962
Confusion matrix (LR val): rows=true, cols=pred
true\pred  ISUP01  ISUP23  ISUP45
   ISUP01    3654    2445     141
   ISUP23      12     226     108
   ISUP45       9      54      47
  ↳ [head] no improvement (2/10)
[HEAD 012] train: loss 0.7174 bacc 0.6359 acc 0.6227 f1 0.5720 || val: loss 0.1068 acc 0.6181 BAL-acc 0.5661 f1 0.3902 | acc[c0]=0.617  acc[c1]=0.708  acc[c2]=0.373 | auc[c0]=0.919  auc[c1]=0.766  auc[c2]=0.886 | macroAUC=0.857 | macroSens=0.566 macroSpec=0.851 | sens[c0]=0.617  sens[c1]=0.708  sens[c2]=0.373 | spec[c0]=0.952  spec[c1]=0.630  spec[c2]=0.971
Confusion matrix (LR val): rows=true, cols=pred
true\pred  ISUP01  ISUP23  ISUP45
   ISUP01    3853    2288      99
   ISUP23      12     245      89
   ISUP45      10      59      41
  ↳ [head] no improvement (3/10)
[HEAD 013] train: loss 0.7221 bacc 0.6309 acc 0.6209 f1 0.5689 || val: loss 0.1063 acc 0.6249 BAL-acc 0.5692 f1 0.3947 | acc[c0]=0.624  acc[c1]=0.720  acc[c2]=0.364 | auc[c0]=0.919  auc[c1]=0.776  auc[c2]=0.886 | macroAUC=0.860 | macroSens=0.569 macroSpec=0.852 | sens[c0]=0.624  sens[c1]=0.720  sens[c2]=0.364 | spec[c0]=0.947  spec[c1]=0.636  spec[c2]=0.973
Confusion matrix (LR val): rows=true, cols=pred
true\pred  ISUP01  ISUP23  ISUP45
   ISUP01    3895    2253      92
   ISUP23      14     249      83
   ISUP45      10      60      40
  ↳ [head] no improvement (4/10)
[HEAD 014] train: loss 0.7126 bacc 0.6369 acc 0.6217 f1 0.5713 || val: loss 0.1067 acc 0.6175 BAL-acc 0.5715 f1 0.3808 | acc[c0]=0.619  acc[c1]=0.650  acc[c2]=0.445 | auc[c0]=0.919  auc[c1]=0.745  auc[c2]=0.886 | macroAUC=0.850 | macroSens=0.571 macroSpec=0.850 | sens[c0]=0.619  sens[c1]=0.650  sens[c2]=0.445 | spec[c0]=0.950  spec[c1]=0.645  spec[c2]=0.957
Confusion matrix (LR val): rows=true, cols=pred
true\pred  ISUP01  ISUP23  ISUP45
   ISUP01    3861    2201     178
   ISUP23      13     225     108
   ISUP45      10      51      49
  ↳ [head] new best (val BAL-acc=0.5715) snapshot stored in memory
[HEAD 015] train: loss 0.7176 bacc 0.6308 acc 0.6182 f1 0.5667 || val: loss 0.1108 acc 0.5672 BAL-acc 0.5511 f1 0.3660 | acc[c0]=0.563  acc[c1]=0.699  acc[c2]=0.391 | auc[c0]=0.919  auc[c1]=0.736  auc[c2]=0.884 | macroAUC=0.846 | macroSens=0.551 macroSpec=0.837 | sens[c0]=0.563  sens[c1]=0.699  sens[c2]=0.391 | spec[c0]=0.965  spec[c1]=0.581  spec[c2]=0.966
Confusion matrix (LR val): rows=true, cols=pred
true\pred  ISUP01  ISUP23  ISUP45
   ISUP01    3513    2602     125
   ISUP23       8     242      96
   ISUP45       8      59      43
  ↳ [head] no improvement (1/10)
[HEAD 016] train: loss 0.7103 bacc 0.6359 acc 0.6240 f1 0.5715 || val: loss 0.1085 acc 0.5975 BAL-acc 0.5715 f1 0.3702 | acc[c0]=0.597  acc[c1]=0.645  acc[c2]=0.473 | auc[c0]=0.919  auc[c1]=0.732  auc[c2]=0.883 | macroAUC=0.845 | macroSens=0.571 macroSpec=0.844 | sens[c0]=0.597  sens[c1]=0.645  sens[c2]=0.473 | spec[c0]=0.952  spec[c1]=0.631  spec[c2]=0.950
Confusion matrix (LR val): rows=true, cols=pred
true\pred  ISUP01  ISUP23  ISUP45
   ISUP01    3726    2295     219
   ISUP23      12     223     111
   ISUP45      10      48      52
  ↳ [head] no improvement (2/10)
[HEAD 017] train: loss 0.7078 bacc 0.6397 acc 0.6262 f1 0.5715 || val: loss 0.1054 acc 0.6365 BAL-acc 0.5756 f1 0.3833 | acc[c0]=0.640  acc[c1]=0.642  acc[c2]=0.445 | auc[c0]=0.919  auc[c1]=0.765  auc[c2]=0.882 | macroAUC=0.855 | macroSens=0.576 macroSpec=0.856 | sens[c0]=0.640  sens[c1]=0.642  sens[c2]=0.445 | spec[c0]=0.945  spec[c1]=0.671  spec[c2]=0.951
Confusion matrix (LR val): rows=true, cols=pred
true\pred  ISUP01  ISUP23  ISUP45
   ISUP01    3991    2038     211
   ISUP23      15     222     109
   ISUP45      10      51      49
  ↳ [head] new best (val BAL-acc=0.5756) snapshot stored in memory
[HEAD 018] train: loss 0.7128 bacc 0.6386 acc 0.6336 f1 0.5760 || val: loss 0.1078 acc 0.6123 BAL-acc 0.5710 f1 0.3684 | acc[c0]=0.614  acc[c1]=0.636  acc[c2]=0.464 | auc[c0]=0.919  auc[c1]=0.741  auc[c2]=0.881 | macroAUC=0.847 | macroSens=0.571 macroSpec=0.850 | sens[c0]=0.614  sens[c1]=0.636  sens[c2]=0.464 | spec[c0]=0.952  spec[c1]=0.655  spec[c2]=0.941
Confusion matrix (LR val): rows=true, cols=pred
true\pred  ISUP01  ISUP23  ISUP45
   ISUP01    3829    2139     272
   ISUP23      12     220     114
   ISUP45      10      49      51
  ↳ [head] no improvement (1/10)
[HEAD 019] train: loss 0.6992 bacc 0.6451 acc 0.6256 f1 0.5792 || val: loss 0.1084 acc 0.6008 BAL-acc 0.5655 f1 0.3692 | acc[c0]=0.601  acc[c1]=0.650  acc[c2]=0.445 | auc[c0]=0.919  auc[c1]=0.738  auc[c2]=0.881 | macroAUC=0.846 | macroSens=0.566 macroSpec=0.846 | sens[c0]=0.601  sens[c1]=0.650  sens[c2]=0.445 | spec[c0]=0.954  spec[c1]=0.633  spec[c2]=0.951
Confusion matrix (LR val): rows=true, cols=pred
true\pred  ISUP01  ISUP23  ISUP45
   ISUP01    3749    2278     213
   ISUP23      11     225     110
   ISUP45      10      51      49
  ↳ [head] no improvement (2/10)
[HEAD 020] train: loss 0.7057 bacc 0.6432 acc 0.6242 f1 0.5757 || val: loss 0.1140 acc 0.5605 BAL-acc 0.5432 f1 0.3609 | acc[c0]=0.551  acc[c1]=0.824  acc[c2]=0.255 | auc[c0]=0.918  auc[c1]=0.765  auc[c2]=0.879 | macroAUC=0.854 | macroSens=0.543 macroSpec=0.836 | sens[c0]=0.551  sens[c1]=0.824  sens[c2]=0.255 | spec[c0]=0.969  spec[c1]=0.560  spec[c2]=0.980
Confusion matrix (LR val): rows=true, cols=pred
true\pred  ISUP01  ISUP23  ISUP45
   ISUP01    3440    2721      79
   ISUP23       7     285      54
   ISUP45       7      75      28
  ↳ [head] no improvement (3/10)
[HEAD 021] train: loss 0.7095 bacc 0.6328 acc 0.6147 f1 0.5680 || val: loss 0.1103 acc 0.5775 BAL-acc 0.5528 f1 0.3599 | acc[c0]=0.575  acc[c1]=0.665  acc[c2]=0.418 | auc[c0]=0.919  auc[c1]=0.729  auc[c2]=0.880 | macroAUC=0.842 | macroSens=0.553 macroSpec=0.841 | sens[c0]=0.575  sens[c1]=0.665  sens[c2]=0.418 | spec[c0]=0.963  spec[c1]=0.605  spec[c2]=0.954
Confusion matrix (LR val): rows=true, cols=pred
true\pred  ISUP01  ISUP23  ISUP45
   ISUP01    3591    2456     193
   ISUP23       8     230     108
   ISUP45       9      55      46
  ↳ [head] no improvement (4/10)
[HEAD 022] train: loss 0.7118 bacc 0.6403 acc 0.6291 f1 0.5768 || val: loss 0.1093 acc 0.5971 BAL-acc 0.5674 f1 0.3598 | acc[c0]=0.597  acc[c1]=0.642  acc[c2]=0.464 | auc[c0]=0.919  auc[c1]=0.740  auc[c2]=0.875 | macroAUC=0.845 | macroSens=0.567 macroSpec=0.845 | sens[c0]=0.597  sens[c1]=0.642  sens[c2]=0.464 | spec[c0]=0.954  spec[c1]=0.644  spec[c2]=0.937
Confusion matrix (LR val): rows=true, cols=pred
true\pred  ISUP01  ISUP23  ISUP45
   ISUP01    3725    2211     304
   ISUP23      11     222     113
   ISUP45      10      49      51
  ↳ [head] no improvement (5/10)
[HEAD 023] train: loss 0.7018 bacc 0.6433 acc 0.6304 f1 0.5753 || val: loss 0.1124 acc 0.5650 BAL-acc 0.5497 f1 0.3554 | acc[c0]=0.558  acc[c1]=0.754  acc[c2]=0.336 | auc[c0]=0.919  auc[c1]=0.748  auc[c2]=0.875 | macroAUC=0.847 | macroSens=0.550 macroSpec=0.838 | sens[c0]=0.558  sens[c1]=0.754  sens[c2]=0.336 | spec[c0]=0.969  spec[c1]=0.581  spec[c2]=0.963
Confusion matrix (LR val): rows=true, cols=pred
true\pred  ISUP01  ISUP23  ISUP45
   ISUP01    3485    2592     163
   ISUP23       7     261      78
   ISUP45       7      66      37
  ↳ [head] no improvement (6/10)
[HEAD 024] train: loss 0.6992 bacc 0.6453 acc 0.6361 f1 0.5806 || val: loss 0.1081 acc 0.6144 BAL-acc 0.5642 f1 0.3693 | acc[c0]=0.615  acc[c1]=0.659  acc[c2]=0.418 | auc[c0]=0.919  auc[c1]=0.753  auc[c2]=0.877 | macroAUC=0.850 | macroSens=0.564 macroSpec=0.849 | sens[c0]=0.615  sens[c1]=0.659  sens[c2]=0.418 | spec[c0]=0.947  spec[c1]=0.651  spec[c2]=0.948
Confusion matrix (LR val): rows=true, cols=pred
true\pred  ISUP01  ISUP23  ISUP45
   ISUP01    3840    2161     239
   ISUP23      14     228     104
   ISUP45      10      54      46
  ↳ [head] no improvement (7/10)
[HEAD 025] train: loss 0.7121 bacc 0.6387 acc 0.6254 f1 0.5724 || val: loss 0.1118 acc 0.5696 BAL-acc 0.5467 f1 0.3530 | acc[c0]=0.565  acc[c1]=0.711  acc[c2]=0.364 | auc[c0]=0.919  auc[c1]=0.745  auc[c2]=0.874 | macroAUC=0.846 | macroSens=0.547 macroSpec=0.838 | sens[c0]=0.565  sens[c1]=0.711  sens[c2]=0.364 | spec[c0]=0.963  spec[c1]=0.594  spec[c2]=0.956
Confusion matrix (LR val): rows=true, cols=pred
true\pred  ISUP01  ISUP23  ISUP45
   ISUP01    3528    2516     196
   ISUP23       8     246      92
   ISUP45       9      61      40
  ↳ [head] no improvement (8/10)
[HEAD 026] train: loss 0.7152 bacc 0.6375 acc 0.6294 f1 0.5738 || val: loss 0.1086 acc 0.6044 BAL-acc 0.5541 f1 0.3629 | acc[c0]=0.604  acc[c1]=0.676  acc[c2]=0.382 | auc[c0]=0.919  auc[c1]=0.758  auc[c2]=0.873 | macroAUC=0.850 | macroSens=0.554 macroSpec=0.847 | sens[c0]=0.604  sens[c1]=0.676  sens[c2]=0.382 | spec[c0]=0.954  spec[c1]=0.638  spec[c2]=0.950
Confusion matrix (LR val): rows=true, cols=pred
true\pred  ISUP01  ISUP23  ISUP45
   ISUP01    3771    2240     229
   ISUP23      11     234     101
   ISUP45      10      58      42
  ↳ [head] no improvement (9/10)
[HEAD 027] train: loss 0.7019 bacc 0.6469 acc 0.6359 f1 0.5794 || val: loss 0.1096 acc 0.5966 BAL-acc 0.5556 f1 0.3630 | acc[c0]=0.593  acc[c1]=0.737  acc[c2]=0.336 | auc[c0]=0.919  auc[c1]=0.770  auc[c2]=0.870 | macroAUC=0.853 | macroSens=0.556 macroSpec=0.844 | sens[c0]=0.593  sens[c1]=0.737  sens[c2]=0.336 | spec[c0]=0.954  spec[c1]=0.621  spec[c2]=0.959
Confusion matrix (LR val): rows=true, cols=pred
true\pred  ISUP01  ISUP23  ISUP45
   ISUP01    3703    2344     193
   ISUP23      11     255      80
   ISUP45      10      63      37
  ↳ [head] no improvement (10/10)
[head] Early stopping at epoch 27.
[FINAL VAL] loss 0.1054 acc 0.6365 f1 0.3833 | acc[c0]=0.640  acc[c1]=0.642  acc[c2]=0.445 | auc[c0]=0.919  auc[c1]=0.765  auc[c2]=0.882 | macroAUC=0.855 | macroSens=0.576 macroSpec=0.856 | sens[c0]=0.640  sens[c1]=0.642  sens[c2]=0.445 | spec[c0]=0.945  spec[c1]=0.671  spec[c2]=0.951
Confusion matrix (LR val): rows=true, cols=pred
true\pred  ISUP01  ISUP23  ISUP45
   ISUP01    3991    2038     211
   ISUP23      15     222     109
   ISUP45      10      51      49

=== Final model: Sensitivity at fixed specificity ===
       class |          AUC |  Sens@Spec40 |  Sens@Spec60 |  Sens@Spec80 |  Sens@Spec90 |  Sens@Spec95 |  Sens@Spec99
          c0 |        0.919 |        0.980 |        0.952 |        0.883 |        0.779 |        0.610 |        0.394
          c1 |        0.765 |        0.971 |        0.812 |        0.520 |        0.231 |        0.087 |        0.014
          c2 |        0.882 |        0.973 |        0.909 |        0.791 |        0.673 |        0.473 |        0.164
       macro |        0.855 |        0.975 |        0.891 |        0.731 |        0.561 |        0.390 |        0.191
[FINAL TEST] loss 0.1123 acc 0.6411 f1 0.3760 | acc[c0]=0.648  acc[c1]=0.610  acc[c2]=0.354 | auc[c0]=0.884  auc[c1]=0.723  auc[c2]=0.848 | macroAUC=0.819 | macroSens=0.537 macroSpec=0.838 | sens[c0]=0.648  sens[c1]=0.610  sens[c2]=0.354 | spec[c0]=0.886  spec[c1]=0.672  spec[c2]=0.957
Confusion matrix (LR val): rows=true, cols=pred
true\pred  ISUP01  ISUP23  ISUP45
   ISUP01    4049    2036     168
   ISUP23      41     252     120
   ISUP45      17      45      34

=== Final model: Sensitivity at fixed specificity ===
       class |          AUC |  Sens@Spec40 |  Sens@Spec60 |  Sens@Spec80 |  Sens@Spec90 |  Sens@Spec95 |  Sens@Spec99
          c0 |        0.884 |        0.984 |        0.952 |        0.825 |        0.620 |        0.387 |        0.126
          c1 |        0.723 |        0.893 |        0.755 |        0.450 |        0.206 |        0.128 |        0.010
          c2 |        0.848 |        0.927 |        0.875 |        0.833 |        0.688 |        0.385 |        0.125
       macro |        0.819 |        0.935 |        0.861 |        0.703 |        0.504 |        0.300 |        0.087
wandb: updating run metadata
wandb:                                                                                
wandb: 
wandb: Run history:
wandb:         aux/head/lr ▁▁▁▁▁▁▁▁▁▁▁▁▁▁▁▁▁▁▁▁▁▁▁▁▁▁▁
wandb:      aux/lr_val/acc ██▆▂▁██████████
wandb:   aux/lr_val/acc_c0 ██▄▂▁██████████
wandb:   aux/lr_val/acc_c1 ▁▁▇▇█▁▁▁▁▁▁▁▁▁▁
wandb:   aux/lr_val/acc_c2 ▁▁▁▁▁▁▁▁▁▁▁▁▁▁▁
wandb:   aux/lr_val/auc_c0 ▁▆████▇▆▇▆▆▆▆▅▅
wandb:   aux/lr_val/auc_c1 ▁▆████▇▆▇▆▅▄▅▄▄
wandb:   aux/lr_val/auc_c2 ▁▆█████▆▇▆▆▇▇▅▆
wandb:     aux/lr_val/bacc ▁▁▇▇█▁▁▁▁▁▁▁▁▁▁
wandb: aux/lr_val/f1_macro ▁▁███▁▁▁▁▁▁▁▁▁▂
wandb:                 +32 ...
wandb: 
wandb: Run summary:
wandb:         aux/head/lr 1e-05
wandb:      aux/lr_val/acc 0.93235
wandb:   aux/lr_val/acc_c0 0.99952
wandb:   aux/lr_val/acc_c1 0.01734
wandb:   aux/lr_val/acc_c2 0
wandb:   aux/lr_val/auc_c0 0.88741
wandb:   aux/lr_val/auc_c1 0.88128
wandb:   aux/lr_val/auc_c2 0.84105
wandb:     aux/lr_val/bacc 0.33895
wandb: aux/lr_val/f1_macro 0.33291
wandb:                 +32 ...
wandb: 
wandb: 🚀 View run isup3-two_stage-scope-head_only at: https://wandb.ai/jesande7-queens/MID_DEC_KILLARNEY_NEW_SPIE/runs/n7n09fl5
wandb: ⭐️ View project at: https://wandb.ai/jesande7-queens/MID_DEC_KILLARNEY_NEW_SPIE
wandb: Synced 5 W&B file(s), 0 media file(s), 0 artifact file(s) and 0 other file(s)
wandb: Find logs at: ./wandb/run-20260120_234455-n7n09fl5/logs
