Host: kn056
/project/6106383/ewillis/pca_contrastive/venv/bin/python
Python 3.11.4
Sat Apr  4 16:01:18 2026       
+-----------------------------------------------------------------------------------------+
| NVIDIA-SMI 570.148.08             Driver Version: 570.148.08     CUDA Version: 12.8     |
|-----------------------------------------+------------------------+----------------------+
| GPU  Name                 Persistence-M | Bus-Id          Disp.A | Volatile Uncorr. ECC |
| Fan  Temp   Perf          Pwr:Usage/Cap |           Memory-Usage | GPU-Util  Compute M. |
|                                         |                        |               MIG M. |
|=========================================+========================+======================|
|   0  NVIDIA L40S                    On  |   00000000:65:00.0 Off |                    0 |
| N/A   33C    P8             35W /  350W |       0MiB /  46068MiB |      0%      Default |
|                                         |                        |                  N/A |
+-----------------------------------------+------------------------+----------------------+
                                                                                         
+-----------------------------------------------------------------------------------------+
| Processes:                                                                              |
|  GPU   GI   CI              PID   Type   Process name                        GPU Memory |
|        ID   ID                                                               Usage      |
|=========================================================================================|
|  No running processes found                                                             |
+-----------------------------------------------------------------------------------------+
TRAIN_MODE=random_head
OUTDIR_MODE=/home/ewillis/projects/aip-medilab/ewillis/pca_contrastive/mri_model_medsam_finetune_2D/LATEST/random_head/random_head
/project/6106383/ewillis/pca_contrastive/venv/lib/python3.11/site-packages/pydantic/_internal/_generate_schema.py:2249: UnsupportedFieldAttributeWarning: The 'repr' attribute with value False was provided to the `Field()` function, which has no effect in the context it was used. 'repr' is field-specific metadata, and can only be attached to a model field using `Annotated` metadata or by assignment. This may have happened because an `Annotated` type alias using the `type` statement was used, or if the `Field()` function was attached to a single member of a union type.
  warnings.warn(
/project/6106383/ewillis/pca_contrastive/venv/lib/python3.11/site-packages/pydantic/_internal/_generate_schema.py:2249: UnsupportedFieldAttributeWarning: The 'frozen' attribute with value True was provided to the `Field()` function, which has no effect in the context it was used. 'frozen' is field-specific metadata, and can only be attached to a model field using `Annotated` metadata or by assignment. This may have happened because an `Annotated` type alias using the `type` statement was used, or if the `Field()` function was attached to a single member of a union type.
  warnings.warn(
SCRIPT: train_histo_head_mri.py
ARGS: Namespace(train_mode='random_head', seed=42, manifest='/project/aip-medilab/shared/picai/manifests/slices_manifest.csv', target='isup6', folds_train='1,2,3', folds_val='0', folds_test='4', batch_size=16, pos_ratio=0.33, use_skip=False, label6_column='merged_ISUP', sam_checkpoint='/project/aip-medilab/ewillis/pca_contrastive/mri_model_medsam_finetune/work_dir/MedSAM/medsam_vit_b.pth', proj_dim=512, histo_head_ckpt=None, epochs=40, patience=10, lr=1e-05, wd=0.0, enc_lr_mult=0.1, patient_col='patient_id', case_col='case_id', outdir='/home/ewillis/projects/aip-medilab/ewillis/pca_contrastive/mri_model_medsam_finetune_2D/LATEST/random_head/random_head', wandb=True, wandb_project='MID_DEC_KILLARNEY_NEW_SPIE', wandb_run_name='isup6-random_head')
!!!!!! classes_present [0, 1, 2, 3, 4, 5]
[split-check] #patients: train=885, val=295, test=296
[split-check] patient overlaps: train∩val=0, train∩test=0, val∩test=0
wandb: Currently logged in as: jesande7 (jesande7-queens) to https://api.wandb.ai. Use `wandb login --relogin` to force relogin
wandb: WARNING Changes to your `wandb` environment variables will be ignored because your `wandb` session has already started. For more information on how to modify your settings with `wandb.init()` arguments, please refer to https://wandb.me/wandb-init.
wandb: creating run
wandb: Tracking run with wandb version 0.21.2
wandb: Run data is saved locally in /project/6106383/shared/picai/wandb/run-20260404_160137-4joe056f
wandb: Run `wandb offline` to turn off syncing.
wandb: Syncing run isup6-random_head
wandb: ⭐️ View project at https://wandb.ai/jesande7-queens/MID_DEC_KILLARNEY_NEW_SPIE
wandb: 🚀 View run at https://wandb.ai/jesande7-queens/MID_DEC_KILLARNEY_NEW_SPIE/runs/4joe056f
[RANDOM_HEAD 001] train: loss 1.4798 bacc 0.2663 acc 0.1674 f1 0.1457 || val: loss 0.2216 acc 0.0317 BAL-acc 0.2041 f1 0.0361 | acc[c0]=0.004  acc[c1]=0.000  acc[c2]=0.563  acc[c3]=0.400  acc[c4]=0.056  acc[c5]=0.203 | auc[c0]=0.614  auc[c1]=0.511  auc[c2]=0.491  auc[c3]=0.762  auc[c4]=0.464  auc[c5]=0.636 | macroAUC=0.579 | macroSens=0.204 macroSpec=0.833 | sens[c0]=0.004  sens[c1]=0.000  sens[c2]=0.563  sens[c3]=0.400  sens[c4]=0.056  sens[c5]=0.203 | spec[c0]=0.993  spec[c1]=1.000  spec[c2]=0.298  spec[c3]=0.883  spec[c4]=0.900  spec[c5]=0.925
Confusion matrix (LR val): rows=true, cols=pred
true\pred   ISUP0   ISUP1   ISUP2   ISUP3   ISUP4   ISUP5
    ISUP0      19       0    3587     539     528     365
    ISUP1      11       0     866     144     124      57
    ISUP2       0       0     130      63       2      36
    ISUP3       0       0      39      46       5      25
    ISUP4       0       0      17       4       2      13
    ISUP5       0       0      32      18       9      15
  ↳ [random_head] new best (val BAL-acc=0.2041) snapshot stored in memory
[RANDOM_HEAD 002] train: loss 1.1151 bacc 0.4441 acc 0.2566 f1 0.2667 || val: loss 0.2291 acc 0.1198 BAL-acc 0.2600 f1 0.0858 | acc[c0]=0.112  acc[c1]=0.028  acc[c2]=0.619  acc[c3]=0.348  acc[c4]=0.278  acc[c5]=0.176 | auc[c0]=0.641  auc[c1]=0.488  auc[c2]=0.655  auc[c3]=0.734  auc[c4]=0.494  auc[c5]=0.558 | macroAUC=0.595 | macroSens=0.260 macroSpec=0.840 | sens[c0]=0.112  sens[c1]=0.028  sens[c2]=0.619  sens[c3]=0.348  sens[c4]=0.278  sens[c5]=0.176 | spec[c0]=0.926  spec[c1]=0.967  spec[c2]=0.532  spec[c3]=0.858  spec[c4]=0.782  spec[c5]=0.974
Confusion matrix (LR val): rows=true, cols=pred
true\pred   ISUP0   ISUP1   ISUP2   ISUP3   ISUP4   ISUP5
    ISUP0     562     180    2323     686    1170     117
    ISUP1     123      34     612     161     252      20
    ISUP2       0       0     143      68       7      13
    ISUP3       0       0      47      40      11      17
    ISUP4       0       0      13       6      10       7
    ISUP5       0       0      33      16      12      13
  ↳ [random_head] new best (val BAL-acc=0.2600) snapshot stored in memory
[RANDOM_HEAD 003] train: loss 0.6740 bacc 0.6079 acc 0.3969 f1 0.4090 || val: loss 0.2709 acc 0.2597 BAL-acc 0.2850 f1 0.1382 | acc[c0]=0.285  acc[c1]=0.084  acc[c2]=0.628  acc[c3]=0.357  acc[c4]=0.222  acc[c5]=0.135 | auc[c0]=0.643  auc[c1]=0.489  auc[c2]=0.675  auc[c3]=0.693  auc[c4]=0.483  auc[c5]=0.521 | macroAUC=0.584 | macroSens=0.285 macroSpec=0.848 | sens[c0]=0.285  sens[c1]=0.084  sens[c2]=0.628  sens[c3]=0.357  sens[c4]=0.222  sens[c5]=0.135 | spec[c0]=0.815  spec[c1]=0.912  spec[c2]=0.617  spec[c3]=0.878  spec[c4]=0.889  spec[c5]=0.977
Confusion matrix (LR val): rows=true, cols=pred
true\pred   ISUP0   ISUP1   ISUP2   ISUP3   ISUP4   ISUP5
    ISUP0    1434     484    1864     575     580     101
    ISUP1     300     101     511     144     131      15
    ISUP2       5       1     145      62       7      11
    ISUP3       2       0      51      41       6      15
    ISUP4       0       0      14       7       8       7
    ISUP5       0       0      33      17      14      10
  ↳ [random_head] new best (val BAL-acc=0.2850) snapshot stored in memory
[RANDOM_HEAD 004] train: loss 0.3697 bacc 0.7221 acc 0.5665 f1 0.5556 || val: loss 0.3273 acc 0.4766 BAL-acc 0.2919 f1 0.1836 | acc[c0]=0.586  acc[c1]=0.057  acc[c2]=0.515  acc[c3]=0.304  acc[c4]=0.167  acc[c5]=0.122 | auc[c0]=0.643  auc[c1]=0.501  auc[c2]=0.685  auc[c3]=0.659  auc[c4]=0.532  auc[c5]=0.476 | macroAUC=0.583 | macroSens=0.292 macroSpec=0.860 | sens[c0]=0.586  sens[c1]=0.057  sens[c2]=0.515  sens[c3]=0.304  sens[c4]=0.167  sens[c5]=0.122 | spec[c0]=0.608  spec[c1]=0.949  spec[c2]=0.781  spec[c3]=0.914  spec[c4]=0.937  spec[c5]=0.974
Confusion matrix (LR val): rows=true, cols=pred
true\pred   ISUP0   ISUP1   ISUP2   ISUP3   ISUP4   ISUP5
    ISUP0    2953     272    1007     373     319     114
    ISUP1     609      69     319     117      70      18
    ISUP2      28       6     119      59       9      10
    ISUP3       8       0      42      35      10      20
    ISUP4       3       0      14       4       6       9
    ISUP5       2       2      35      16      10       9
  ↳ [random_head] new best (val BAL-acc=0.2919) snapshot stored in memory
[RANDOM_HEAD 005] train: loss 0.2320 bacc 0.7853 acc 0.6793 f1 0.6835 || val: loss 0.3711 acc 0.3674 BAL-acc 0.3017 f1 0.1940 | acc[c0]=0.362  acc[c1]=0.408  acc[c2]=0.398  acc[c3]=0.313  acc[c4]=0.167  acc[c5]=0.162 | auc[c0]=0.647  auc[c1]=0.513  auc[c2]=0.670  auc[c3]=0.667  auc[c4]=0.568  auc[c5]=0.509 | macroAUC=0.596 | macroSens=0.302 macroSpec=0.856 | sens[c0]=0.362  sens[c1]=0.408  sens[c2]=0.398  sens[c3]=0.313  sens[c4]=0.167  sens[c5]=0.162 | spec[c0]=0.784  spec[c1]=0.645  spec[c2]=0.845  spec[c3]=0.918  spec[c4]=0.963  spec[c5]=0.978
Confusion matrix (LR val): rows=true, cols=pred
true\pred   ISUP0   ISUP1   ISUP2   ISUP3   ISUP4   ISUP5
    ISUP0    1823    1912     680     349     180      94
    ISUP1     317     491     238     102      38      16
    ISUP2      28      28      92      65       7      11
    ISUP3       7       4      40      36      12      16
    ISUP4       3       2      12       5       6       8
    ISUP5       3       6      30      16       7      12
  ↳ [random_head] new best (val BAL-acc=0.3017) snapshot stored in memory
[RANDOM_HEAD 006] train: loss 0.1774 bacc 0.8215 acc 0.7067 f1 0.7498 || val: loss 0.4051 acc 0.4683 BAL-acc 0.3088 f1 0.2346 | acc[c0]=0.485  acc[c1]=0.487  acc[c2]=0.264  acc[c3]=0.261  acc[c4]=0.194  acc[c5]=0.162 | auc[c0]=0.667  auc[c1]=0.548  auc[c2]=0.663  auc[c3]=0.689  auc[c4]=0.671  auc[c5]=0.519 | macroAUC=0.626 | macroSens=0.309 macroSpec=0.865 | sens[c0]=0.485  sens[c1]=0.487  sens[c2]=0.264  sens[c3]=0.261  sens[c4]=0.194  sens[c5]=0.162 | spec[c0]=0.728  spec[c1]=0.622  spec[c2]=0.927  spec[c3]=0.952  spec[c4]=0.982  spec[c5]=0.981
Confusion matrix (LR val): rows=true, cols=pred
true\pred   ISUP0   ISUP1   ISUP2   ISUP3   ISUP4   ISUP5
    ISUP0    2441    1971     293     181      73      79
    ISUP1     386     585     121      72      23      15
    ISUP2      42      64      61      47       5      12
    ISUP3      10      18      29      30      12      16
    ISUP4       4       4      10       4       7       7
    ISUP5       9      19      19      10       5      12
  ↳ [random_head] new best (val BAL-acc=0.3088) snapshot stored in memory
[RANDOM_HEAD 007] train: loss 0.1490 bacc 0.8407 acc 0.7574 f1 0.7975 || val: loss 0.4487 acc 0.6066 BAL-acc 0.2981 f1 0.2619 | acc[c0]=0.722  acc[c1]=0.265  acc[c2]=0.277  acc[c3]=0.209  acc[c4]=0.167  acc[c5]=0.149 | auc[c0]=0.666  auc[c1]=0.556  auc[c2]=0.669  auc[c3]=0.708  auc[c4]=0.684  auc[c5]=0.527 | macroAUC=0.635 | macroSens=0.298 macroSpec=0.865 | sens[c0]=0.722  sens[c1]=0.265  sens[c2]=0.277  sens[c3]=0.209  sens[c4]=0.167  sens[c5]=0.149 | spec[c0]=0.498  spec[c1]=0.806  spec[c2]=0.940  spec[c3]=0.976  spec[c4]=0.988  spec[c5]=0.984
Confusion matrix (LR val): rows=true, cols=pred
true\pred   ISUP0   ISUP1   ISUP2   ISUP3   ISUP4   ISUP5
    ISUP0    3638     964     238      85      48      65
    ISUP1     721     319      96      39      17      10
    ISUP2      68      55      64      29       4      11
    ISUP3      17      22      27      24      10      15
    ISUP4       8       5       8       1       6       8
    ISUP5      19      18      19       5       2      11
  ↳ [random_head] no improvement (1/10)
[RANDOM_HEAD 008] train: loss 0.1296 bacc 0.8603 acc 0.7845 f1 0.8277 || val: loss 0.4820 acc 0.5663 BAL-acc 0.2832 f1 0.2550 | acc[c0]=0.645  acc[c1]=0.389  acc[c2]=0.160  acc[c3]=0.191  acc[c4]=0.139  acc[c5]=0.176 | auc[c0]=0.661  auc[c1]=0.574  auc[c2]=0.627  auc[c3]=0.727  auc[c4]=0.703  auc[c5]=0.529 | macroAUC=0.637 | macroSens=0.283 macroSpec=0.864 | sens[c0]=0.645  sens[c1]=0.389  sens[c2]=0.160  sens[c3]=0.191  sens[c4]=0.139  sens[c5]=0.176 | spec[c0]=0.566  spec[c1]=0.719  spec[c2]=0.954  spec[c3]=0.973  spec[c4]=0.994  spec[c5]=0.980
Confusion matrix (LR val): rows=true, cols=pred
true\pred   ISUP0   ISUP1   ISUP2   ISUP3   ISUP4   ISUP5
    ISUP0    3248    1428     177      94      18      73
    ISUP1     593     467      76      39      10      17
    ISUP2      79      63      37      36       3      13
    ISUP3      23      25      21      22       6      18
    ISUP4       8       8       5       1       5       9
    ISUP5      17      19      17       7       1      13
  ↳ [random_head] no improvement (2/10)
[RANDOM_HEAD 009] train: loss 0.1418 bacc 0.8712 acc 0.7877 f1 0.8412 || val: loss 0.4944 acc 0.5720 BAL-acc 0.2614 f1 0.2380 | acc[c0]=0.670  acc[c1]=0.322  acc[c2]=0.130  acc[c3]=0.200  acc[c4]=0.111  acc[c5]=0.135 | auc[c0]=0.639  auc[c1]=0.558  auc[c2]=0.588  auc[c3]=0.718  auc[c4]=0.723  auc[c5]=0.537 | macroAUC=0.627 | macroSens=0.261 macroSpec=0.858 | sens[c0]=0.670  sens[c1]=0.322  sens[c2]=0.130  sens[c3]=0.200  sens[c4]=0.111  sens[c5]=0.135 | spec[c0]=0.500  spec[c1]=0.748  spec[c2]=0.953  spec[c3]=0.973  spec[c4]=0.992  spec[c5]=0.982
Confusion matrix (LR val): rows=true, cols=pred
true\pred   ISUP0   ISUP1   ISUP2   ISUP3   ISUP4   ISUP5
    ISUP0    3376    1284     189      96      27      66
    ISUP1     677     387      74      37      11      16
    ISUP2      85      63      30      34       5      14
    ISUP3      32      19      19      23       6      16
    ISUP4      11       6       5       1       4       9
    ISUP5      24      10      18      10       2      10
  ↳ [random_head] no improvement (3/10)
[RANDOM_HEAD 010] train: loss 0.1023 bacc 0.8832 acc 0.8064 f1 0.8550 || val: loss 0.5252 acc 0.5049 BAL-acc 0.2582 f1 0.2337 | acc[c0]=0.557  acc[c1]=0.421  acc[c2]=0.160  acc[c3]=0.165  acc[c4]=0.111  acc[c5]=0.135 | auc[c0]=0.618  auc[c1]=0.544  auc[c2]=0.602  auc[c3]=0.705  auc[c4]=0.725  auc[c5]=0.548 | macroAUC=0.624 | macroSens=0.258 macroSpec=0.852 | sens[c0]=0.557  sens[c1]=0.421  sens[c2]=0.160  sens[c3]=0.165  sens[c4]=0.111  sens[c5]=0.135 | spec[c0]=0.572  spec[c1]=0.630  spec[c2]=0.953  spec[c3]=0.983  spec[c4]=0.992  spec[c5]=0.984
Confusion matrix (LR val): rows=true, cols=pred
true\pred   ISUP0   ISUP1   ISUP2   ISUP3   ISUP4   ISUP5
    ISUP0    2805    1900     190      55      28      60
    ISUP1     581     506      70      24      11      10
    ISUP2      74      78      37      25       5      12
    ISUP3      27      27      21      19       7      14
    ISUP4       7       9       5       1       4      10
    ISUP5      20      19      16       8       1      10
  ↳ [random_head] no improvement (4/10)
[RANDOM_HEAD 011] train: loss 0.0831 bacc 0.9053 acc 0.8367 f1 0.8770 || val: loss 0.5588 acc 0.6105 BAL-acc 0.2503 f1 0.2398 | acc[c0]=0.738  acc[c1]=0.255  acc[c2]=0.160  acc[c3]=0.130  acc[c4]=0.083  acc[c5]=0.135 | auc[c0]=0.620  auc[c1]=0.547  auc[c2]=0.621  auc[c3]=0.699  auc[c4]=0.755  auc[c5]=0.505 | macroAUC=0.625 | macroSens=0.250 macroSpec=0.856 | sens[c0]=0.738  sens[c1]=0.255  sens[c2]=0.160  sens[c3]=0.130  sens[c4]=0.083  sens[c5]=0.135 | spec[c0]=0.420  spec[c1]=0.808  spec[c2]=0.946  spec[c3]=0.985  spec[c4]=0.994  spec[c5]=0.985
Confusion matrix (LR val): rows=true, cols=pred
true\pred   ISUP0   ISUP1   ISUP2   ISUP3   ISUP4   ISUP5
    ISUP0    3716     978     213      55      20      56
    ISUP1     766     307      88      20      11      10
    ISUP2     111      45      37      22       4      12
    ISUP3      44      17      21      15       4      14
    ISUP4      12       5       6       1       3       9
    ISUP5      29      10      21       4       0      10
  ↳ [random_head] no improvement (5/10)
[RANDOM_HEAD 012] train: loss 0.0736 bacc 0.9173 acc 0.8680 f1 0.8927 || val: loss 0.5978 acc 0.6405 BAL-acc 0.2422 f1 0.2379 | acc[c0]=0.797  acc[c1]=0.175  acc[c2]=0.173  acc[c3]=0.130  acc[c4]=0.083  acc[c5]=0.095 | auc[c0]=0.601  auc[c1]=0.536  auc[c2]=0.640  auc[c3]=0.701  auc[c4]=0.758  auc[c5]=0.509 | macroAUC=0.624 | macroSens=0.242 macroSpec=0.854 | sens[c0]=0.797  sens[c1]=0.175  sens[c2]=0.173  sens[c3]=0.130  sens[c4]=0.083  sens[c5]=0.095 | spec[c0]=0.346  spec[c1]=0.864  spec[c2]=0.940  spec[c3]=0.985  spec[c4]=0.996  spec[c5]=0.989
Confusion matrix (LR val): rows=true, cols=pred
true\pred   ISUP0   ISUP1   ISUP2   ISUP3   ISUP4   ISUP5
    ISUP0    4014     689     237      53      10      35
    ISUP1     856     210      98      20       9       9
    ISUP2     132      29      40      19       3       8
    ISUP3      51      15      22      15       3       9
    ISUP4      12       4       7       1       3       9
    ISUP5      33       8      23       3       0       7
  ↳ [random_head] no improvement (6/10)
[RANDOM_HEAD 013] train: loss 0.0658 bacc 0.9336 acc 0.8816 f1 0.9072 || val: loss 0.6125 acc 0.5759 BAL-acc 0.2326 f1 0.2238 | acc[c0]=0.685  acc[c1]=0.291  acc[c2]=0.152  acc[c3]=0.104  acc[c4]=0.056  acc[c5]=0.108 | auc[c0]=0.595  auc[c1]=0.530  auc[c2]=0.620  auc[c3]=0.707  auc[c4]=0.758  auc[c5]=0.551 | macroAUC=0.627 | macroSens=0.233 macroSpec=0.852 | sens[c0]=0.685  sens[c1]=0.291  sens[c2]=0.152  sens[c3]=0.104  sens[c4]=0.056  sens[c5]=0.108 | spec[c0]=0.443  spec[c1]=0.758  spec[c2]=0.944  spec[c3]=0.987  spec[c4]=0.995  spec[c5]=0.985
Confusion matrix (LR val): rows=true, cols=pred
true\pred   ISUP0   ISUP1   ISUP2   ISUP3   ISUP4   ISUP5
    ISUP0    3449    1241     231      46      15      56
    ISUP1     728     350      87      18       9      10
    ISUP2     112      48      35      18       6      12
    ISUP3      42      24      20      12       2      15
    ISUP4      14       7       5       0       2       8
    ISUP5      28      11      21       5       1       8
  ↳ [random_head] no improvement (7/10)
[RANDOM_HEAD 014] train: loss 0.0560 bacc 0.9431 acc 0.9036 f1 0.9200 || val: loss 0.6507 acc 0.6007 BAL-acc 0.2198 f1 0.2148 | acc[c0]=0.733  acc[c1]=0.231  acc[c2]=0.147  acc[c3]=0.043  acc[c4]=0.056  acc[c5]=0.108 | auc[c0]=0.590  auc[c1]=0.531  auc[c2]=0.624  auc[c3]=0.702  auc[c4]=0.763  auc[c5]=0.547 | macroAUC=0.626 | macroSens=0.220 macroSpec=0.849 | sens[c0]=0.733  sens[c1]=0.231  sens[c2]=0.147  sens[c3]=0.043  sens[c4]=0.056  sens[c5]=0.108 | spec[c0]=0.379  spec[c1]=0.800  spec[c2]=0.945  spec[c3]=0.989  spec[c4]=0.996  spec[c5]=0.986
Confusion matrix (LR val): rows=true, cols=pred
true\pred   ISUP0   ISUP1   ISUP2   ISUP3   ISUP4   ISUP5
    ISUP0    3695    1018     220      41      12      52
    ISUP1     810     278      89      10       8       7
    ISUP2     125      41      34      16       4      11
    ISUP3      51      22      22       5       1      14
    ISUP4      15       5       7       0       2       7
    ISUP5      29      11      20       5       1       8
  ↳ [random_head] no improvement (8/10)
[RANDOM_HEAD 015] train: loss 0.0420 bacc 0.9554 acc 0.9284 f1 0.9383 || val: loss 0.6796 acc 0.6060 BAL-acc 0.2225 f1 0.2158 | acc[c0]=0.745  acc[c1]=0.202  acc[c2]=0.190  acc[c3]=0.061  acc[c4]=0.028  acc[c5]=0.108 | auc[c0]=0.594  auc[c1]=0.530  auc[c2]=0.635  auc[c3]=0.699  auc[c4]=0.764  auc[c5]=0.553 | macroAUC=0.629 | macroSens=0.222 macroSpec=0.849 | sens[c0]=0.745  sens[c1]=0.202  sens[c2]=0.190  sens[c3]=0.061  sens[c4]=0.028  sens[c5]=0.108 | spec[c0]=0.366  spec[c1]=0.815  spec[c2]=0.939  spec[c3]=0.989  spec[c4]=0.997  spec[c5]=0.987
Confusion matrix (LR val): rows=true, cols=pred
true\pred   ISUP0   ISUP1   ISUP2   ISUP3   ISUP4   ISUP5
    ISUP0    3755     935     247      43       9      49
    ISUP1     836     243      96      12       8       7
    ISUP2     121      41      44      13       2      10
    ISUP3      50      22      23       7       0      13
    ISUP4      15       7       6       0       1       7
    ISUP5      29      10      21       6       0       8
  ↳ [random_head] no improvement (9/10)
[RANDOM_HEAD 016] train: loss 0.0380 bacc 0.9613 acc 0.9436 f1 0.9483 || val: loss 0.6875 acc 0.6020 BAL-acc 0.2255 f1 0.2189 | acc[c0]=0.731  acc[c1]=0.243  acc[c2]=0.147  acc[c3]=0.096  acc[c4]=0.028  acc[c5]=0.108 | auc[c0]=0.601  auc[c1]=0.537  auc[c2]=0.613  auc[c3]=0.713  auc[c4]=0.764  auc[c5]=0.592 | macroAUC=0.637 | macroSens=0.226 macroSpec=0.852 | sens[c0]=0.731  sens[c1]=0.243  sens[c2]=0.147  sens[c3]=0.096  sens[c4]=0.028  sens[c5]=0.108 | spec[c0]=0.403  spec[c1]=0.797  spec[c2]=0.948  spec[c3]=0.985  spec[c4]=0.997  spec[c5]=0.984
Confusion matrix (LR val): rows=true, cols=pred
true\pred   ISUP0   ISUP1   ISUP2   ISUP3   ISUP4   ISUP5
    ISUP0    3685    1016     205      59       9      64
    ISUP1     791     292      88      13       9       9
    ISUP2     113      54      34      18       3       9
    ISUP3      47      22      20      11       1      14
    ISUP4       9      11       6       1       1       8
    ISUP5      30      11      17       7       1       8
  ↳ [random_head] no improvement (10/10)
[random_head] Early stopping at epoch 16.
[FINAL VAL] loss 0.4051 acc 0.4683 f1 0.2346 | acc[c0]=0.485  acc[c1]=0.487  acc[c2]=0.264  acc[c3]=0.261  acc[c4]=0.194  acc[c5]=0.162 | auc[c0]=0.667  auc[c1]=0.548  auc[c2]=0.663  auc[c3]=0.689  auc[c4]=0.671  auc[c5]=0.519 | macroAUC=0.626 | macroSens=0.309 macroSpec=0.865 | sens[c0]=0.485  sens[c1]=0.487  sens[c2]=0.264  sens[c3]=0.261  sens[c4]=0.194  sens[c5]=0.162 | spec[c0]=0.728  spec[c1]=0.622  spec[c2]=0.927  spec[c3]=0.952  spec[c4]=0.982  spec[c5]=0.981
Confusion matrix (LR val): rows=true, cols=pred
true\pred   ISUP0   ISUP1   ISUP2   ISUP3   ISUP4   ISUP5
    ISUP0    2441    1971     293     181      73      79
    ISUP1     386     585     121      72      23      15
    ISUP2      42      64      61      47       5      12
    ISUP3      10      18      29      30      12      16
    ISUP4       4       4      10       4       7       7
    ISUP5       9      19      19      10       5      12

=== Final model: Sensitivity at fixed specificity ===
       class |          AUC |  Sens@Spec40 |  Sens@Spec60 |  Sens@Spec80 |  Sens@Spec90 |  Sens@Spec95 |  Sens@Spec99
          c0 |        0.667 |        0.826 |        0.633 |        0.371 |        0.229 |        0.127 |        0.034
          c1 |        0.548 |        0.669 |        0.490 |        0.270 |        0.136 |        0.069 |        0.010
          c2 |        0.663 |        0.779 |        0.662 |        0.468 |        0.320 |        0.238 |        0.078
          c3 |        0.689 |        0.791 |        0.678 |        0.539 |        0.383 |        0.270 |        0.122
          c4 |        0.671 |        0.833 |        0.583 |        0.444 |        0.278 |        0.222 |        0.167
          c5 |        0.519 |        0.635 |        0.378 |        0.284 |        0.216 |        0.203 |        0.095
       macro |        0.626 |        0.756 |        0.571 |        0.396 |        0.260 |        0.188 |        0.084
[FINAL TEST] loss 0.4077 acc 0.4558 f1 0.2271 | acc[c0]=0.479  acc[c1]=0.458  acc[c2]=0.225  acc[c3]=0.240  acc[c4]=0.167  acc[c5]=0.167 | auc[c0]=0.675  auc[c1]=0.525  auc[c2]=0.575  auc[c3]=0.659  auc[c4]=0.611  auc[c5]=0.674 | macroAUC=0.620 | macroSens=0.289 macroSpec=0.861 | sens[c0]=0.479  sens[c1]=0.458  sens[c2]=0.225  sens[c3]=0.240  sens[c4]=0.167  sens[c5]=0.167 | spec[c0]=0.707  spec[c1]=0.600  spec[c2]=0.932  spec[c3]=0.958  spec[c4]=0.985  spec[c5]=0.982
Confusion matrix (LR val): rows=true, cols=pred
true\pred   ISUP0   ISUP1   ISUP2   ISUP3   ISUP4   ISUP5
    ISUP0    2469    2133     257     155      66      76
    ISUP1     388     502     131      56      14       6
    ISUP2      52      81      64      49      10      28
    ISUP3      11      25      41      31      13       8
    ISUP4       5       9       9       9       7       3
    ISUP5      14      17       4       9       1       9

=== Final model: Sensitivity at fixed specificity ===
       class |          AUC |  Sens@Spec40 |  Sens@Spec60 |  Sens@Spec80 |  Sens@Spec90 |  Sens@Spec95 |  Sens@Spec99
          c0 |        0.675 |        0.860 |        0.656 |        0.371 |        0.207 |        0.119 |        0.033
          c1 |        0.525 |        0.629 |        0.450 |        0.242 |        0.154 |        0.102 |        0.029
          c2 |        0.575 |        0.665 |        0.518 |        0.401 |        0.289 |        0.173 |        0.060
          c3 |        0.659 |        0.729 |        0.620 |        0.527 |        0.372 |        0.279 |        0.085
          c4 |        0.611 |        0.643 |        0.571 |        0.548 |        0.405 |        0.286 |        0.143
          c5 |        0.674 |        0.778 |        0.630 |        0.500 |        0.333 |        0.278 |        0.148
       macro |        0.620 |        0.717 |        0.574 |        0.432 |        0.293 |        0.206 |        0.083
wandb:                                                                                
wandb: 
wandb: Run history:
wandb:         aux/lr_enc ▁▁▁▁▁▁▁▁▁▁▁▁▁▁▁▁
wandb:        aux/lr_head ▁▁▁▁▁▁▁▁▁▁▁▁▁▁▁▁
wandb:        aux/lr_pool ▁▁▁▁▁▁▁▁▁▁▁▁▁▁▁▁
wandb:        aux/lr_proj ▁▁▁▁▁▁▁▁▁▁▁▁▁▁▁▁
wandb: aux/test/macro_tnr ▁
wandb: aux/test/macro_tpr ▁
wandb:      aux/train/acc ▁▂▃▅▆▆▆▇▇▇▇▇▇███
wandb: aux/train/f1_macro ▁▂▃▅▆▆▇▇▇▇▇█████
wandb:  aux/val/macro_tnr ▁▂▄▇▆███▆▅▆▅▅▄▄▅
wandb:  aux/val/macro_tpr ▁▅▆▇██▇▆▅▅▄▄▃▂▂▂
wandb:                +33 ...
wandb: 
wandb: Run summary:
wandb:         aux/lr_enc 0.0
wandb:        aux/lr_head 1e-05
wandb:        aux/lr_pool 1e-05
wandb:        aux/lr_proj 1e-05
wandb: aux/test/macro_tnr 0.86064
wandb: aux/test/macro_tpr 0.28924
wandb:      aux/train/acc 0.94359
wandb: aux/train/f1_macro 0.94831
wandb:  aux/val/macro_tnr 0.85235
wandb:  aux/val/macro_tpr 0.22552
wandb:                +33 ...
wandb: 
wandb: 🚀 View run isup6-random_head at: https://wandb.ai/jesande7-queens/MID_DEC_KILLARNEY_NEW_SPIE/runs/4joe056f
wandb: ⭐️ View project at: https://wandb.ai/jesande7-queens/MID_DEC_KILLARNEY_NEW_SPIE
wandb: Synced 5 W&B file(s), 0 media file(s), 0 artifact file(s) and 0 other file(s)
wandb: Find logs at: ./wandb/run-20260404_160137-4joe056f/logs
