Host: kn056
/project/6106383/ewillis/pca_contrastive/venv/bin/python
Python 3.11.4
Mon Mar 30 15:47:58 2026       
+-----------------------------------------------------------------------------------------+
| NVIDIA-SMI 570.148.08             Driver Version: 570.148.08     CUDA Version: 12.8     |
|-----------------------------------------+------------------------+----------------------+
| GPU  Name                 Persistence-M | Bus-Id          Disp.A | Volatile Uncorr. ECC |
| Fan  Temp   Perf          Pwr:Usage/Cap |           Memory-Usage | GPU-Util  Compute M. |
|                                         |                        |               MIG M. |
|=========================================+========================+======================|
|   0  NVIDIA L40S                    On  |   00000000:CA:00.0 Off |                    0 |
| N/A   30C    P8             34W /  350W |       0MiB /  46068MiB |      0%      Default |
|                                         |                        |                  N/A |
+-----------------------------------------+------------------------+----------------------+
                                                                                         
+-----------------------------------------------------------------------------------------+
| Processes:                                                                              |
|  GPU   GI   CI              PID   Type   Process name                        GPU Memory |
|        ID   ID                                                               Usage      |
|=========================================================================================|
|  No running processes found                                                             |
+-----------------------------------------------------------------------------------------+
TRAIN_MODE=histo_head
OUTDIR_MODE=/home/ewillis/projects/aip-medilab/ewillis/pca_contrastive/mri_model_medsam_finetune_2D/LATEST/histo_head/histo_head
/project/6106383/ewillis/pca_contrastive/venv/lib/python3.11/site-packages/pydantic/_internal/_generate_schema.py:2249: UnsupportedFieldAttributeWarning: The 'repr' attribute with value False was provided to the `Field()` function, which has no effect in the context it was used. 'repr' is field-specific metadata, and can only be attached to a model field using `Annotated` metadata or by assignment. This may have happened because an `Annotated` type alias using the `type` statement was used, or if the `Field()` function was attached to a single member of a union type.
  warnings.warn(
/project/6106383/ewillis/pca_contrastive/venv/lib/python3.11/site-packages/pydantic/_internal/_generate_schema.py:2249: UnsupportedFieldAttributeWarning: The 'frozen' attribute with value True was provided to the `Field()` function, which has no effect in the context it was used. 'frozen' is field-specific metadata, and can only be attached to a model field using `Annotated` metadata or by assignment. This may have happened because an `Annotated` type alias using the `type` statement was used, or if the `Field()` function was attached to a single member of a union type.
  warnings.warn(
SCRIPT: train_histo_head_mri.py
ARGS: Namespace(train_mode='histo_head', seed=42, manifest='/project/aip-medilab/shared/picai/manifests/slices_manifest.csv', target='isup6', folds_train='1,2,3', folds_val='0', folds_test='4', batch_size=16, pos_ratio=0.33, use_skip=False, label6_column='merged_ISUP', sam_checkpoint='/project/aip-medilab/ewillis/pca_contrastive/mri_model_medsam_finetune/work_dir/MedSAM/medsam_vit_b.pth', proj_dim=512, histo_head_ckpt='/home/ewillis/projects/aip-medilab/ewillis/pca_contrastive/mri_model_medsam_finetune_2D/LATEST/histo_head/histo_512_best_model.pth', epochs=40, patience=10, lr=1e-05, wd=0.0, enc_lr_mult=0.1, patient_col='patient_id', case_col='case_id', outdir='/home/ewillis/projects/aip-medilab/ewillis/pca_contrastive/mri_model_medsam_finetune_2D/LATEST/histo_head/histo_head', wandb=True, wandb_project='MID_DEC_KILLARNEY_NEW_SPIE', wandb_run_name='isup6-histo_head')
!!!!!! classes_present [0, 1, 2, 3, 4, 5]
[split-check] #patients: train=885, val=295, test=296
[split-check] patient overlaps: train∩val=0, train∩test=0, val∩test=0
[histo_head] Loaded and froze histology classifier from /home/ewillis/projects/aip-medilab/ewillis/pca_contrastive/mri_model_medsam_finetune_2D/LATEST/histo_head/histo_512_best_model.pth
wandb: Currently logged in as: jesande7 (jesande7-queens) to https://api.wandb.ai. Use `wandb login --relogin` to force relogin
wandb: WARNING Changes to your `wandb` environment variables will be ignored because your `wandb` session has already started. For more information on how to modify your settings with `wandb.init()` arguments, please refer to https://wandb.me/wandb-init.
wandb: creating run
wandb: Tracking run with wandb version 0.21.2
wandb: Run data is saved locally in /project/6106383/shared/picai/wandb/run-20260330_154819-fgv3uap9
wandb: Run `wandb offline` to turn off syncing.
wandb: Syncing run isup6-histo_head
wandb: ⭐️ View project at https://wandb.ai/jesande7-queens/MID_DEC_KILLARNEY_NEW_SPIE
wandb: 🚀 View run at https://wandb.ai/jesande7-queens/MID_DEC_KILLARNEY_NEW_SPIE/runs/fgv3uap9
[HISTO_HEAD 001] train: loss 1.3812 bacc 0.3245 acc 0.2250 f1 0.2036 || val: loss 0.2194 acc 0.1414 BAL-acc 0.2391 f1 0.0941 | acc[c0]=0.128  acc[c1]=0.071  acc[c2]=0.762  acc[c3]=0.174  acc[c4]=0.083  acc[c5]=0.216 | auc[c0]=0.639  auc[c1]=0.503  auc[c2]=0.610  auc[c3]=0.745  auc[c4]=0.584  auc[c5]=0.672 | macroAUC=0.626 | macroSens=0.239 macroSpec=0.840 | sens[c0]=0.128  sens[c1]=0.071  sens[c2]=0.762  sens[c3]=0.174  sens[c4]=0.083  sens[c5]=0.216 | spec[c0]=0.917  spec[c1]=0.927  spec[c2]=0.364  spec[c3]=0.955  spec[c4]=0.963  spec[c5]=0.916
Confusion matrix (LR val): rows=true, cols=pred
true\pred   ISUP0   ISUP1   ISUP2   ISUP3   ISUP4   ISUP5
    ISUP0     647     401    3201     200     180     409
    ISUP1     138      85     800      68      47      64
    ISUP2       0       0     176      19       4      32
    ISUP3       0       0      54      20       6      35
    ISUP4       0       0      16       0       3      17
    ISUP5       0       1      40       8       9      16
  ↳ [histo_head] new best (val BAL-acc=0.2391) snapshot stored in memory
[HISTO_HEAD 002] train: loss 0.9314 bacc 0.5321 acc 0.3875 f1 0.3874 || val: loss 0.2477 acc 0.1880 BAL-acc 0.2798 f1 0.1316 | acc[c0]=0.131  acc[c1]=0.313  acc[c2]=0.853  acc[c3]=0.096  acc[c4]=0.111  acc[c5]=0.176 | auc[c0]=0.657  auc[c1]=0.493  auc[c2]=0.761  auc[c3]=0.739  auc[c4]=0.674  auc[c5]=0.666 | macroAUC=0.665 | macroSens=0.280 macroSpec=0.845 | sens[c0]=0.131  sens[c1]=0.313  sens[c2]=0.853  sens[c3]=0.096  sens[c4]=0.111  sens[c5]=0.176 | spec[c0]=0.937  spec[c1]=0.687  spec[c2]=0.512  spec[c3]=0.981  spec[c4]=0.983  spec[c5]=0.966
Confusion matrix (LR val): rows=true, cols=pred
true\pred   ISUP0   ISUP1   ISUP2   ISUP3   ISUP4   ISUP5
    ISUP0     658    1706    2358      83      79     154
    ISUP1     104     376     653      30      21      18
    ISUP2       0       5     197       6       4      19
    ISUP3       0       3      76      11       3      22
    ISUP4       0       1      20       0       4      11
    ISUP5       0       3      49       5       4      13
  ↳ [histo_head] new best (val BAL-acc=0.2798) snapshot stored in memory
[HISTO_HEAD 003] train: loss 0.5209 bacc 0.6854 acc 0.5131 f1 0.5568 || val: loss 0.2977 acc 0.3631 BAL-acc 0.2943 f1 0.1793 | acc[c0]=0.396  acc[c1]=0.215  acc[c2]=0.593  acc[c3]=0.191  acc[c4]=0.194  acc[c5]=0.176 | auc[c0]=0.660  auc[c1]=0.501  auc[c2]=0.730  auc[c3]=0.698  auc[c4]=0.676  auc[c5]=0.672 | macroAUC=0.656 | macroSens=0.294 macroSpec=0.856 | sens[c0]=0.396  sens[c1]=0.215  sens[c2]=0.593  sens[c3]=0.191  sens[c4]=0.194  sens[c5]=0.176 | spec[c0]=0.765  spec[c1]=0.795  spec[c2]=0.709  spec[c3]=0.933  spec[c4]=0.971  spec[c5]=0.964
Confusion matrix (LR val): rows=true, cols=pred
true\pred   ISUP0   ISUP1   ISUP2   ISUP3   ISUP4   ISUP5
    ISUP0    1993    1112    1372     276     131     154
    ISUP1     370     259     403     112      35      23
    ISUP2      11       7     137      39       9      28
    ISUP3       4       2      58      22       6      23
    ISUP4       1       2      14       3       7       9
    ISUP5       4       6      32       9      10      13
  ↳ [histo_head] new best (val BAL-acc=0.2943) snapshot stored in memory
[HISTO_HEAD 004] train: loss 0.2966 bacc 0.7675 acc 0.6126 f1 0.6636 || val: loss 0.3678 acc 0.4138 BAL-acc 0.3089 f1 0.2035 | acc[c0]=0.447  acc[c1]=0.294  acc[c2]=0.558  acc[c3]=0.157  acc[c4]=0.222  acc[c5]=0.176 | auc[c0]=0.658  auc[c1]=0.507  auc[c2]=0.760  auc[c3]=0.708  auc[c4]=0.696  auc[c5]=0.681 | macroAUC=0.668 | macroSens=0.309 macroSpec=0.858 | sens[c0]=0.447  sens[c1]=0.294  sens[c2]=0.558  sens[c3]=0.157  sens[c4]=0.222  sens[c5]=0.176 | spec[c0]=0.726  spec[c1]=0.731  spec[c2]=0.788  spec[c3]=0.968  spec[c4]=0.969  spec[c5]=0.969
Confusion matrix (LR val): rows=true, cols=pred
true\pred   ISUP0   ISUP1   ISUP2   ISUP3   ISUP4   ISUP5
    ISUP0    2250    1444     962     122     136     124
    ISUP1     421     353     311      56      37      24
    ISUP2      20      23     129      25      12      22
    ISUP3       7       5      50      18      12      23
    ISUP4       2       1      14       2       8       9
    ISUP5       5       7      33       8       8      13
  ↳ [histo_head] new best (val BAL-acc=0.3089) snapshot stored in memory
[HISTO_HEAD 005] train: loss 0.2048 bacc 0.8083 acc 0.6929 f1 0.7395 || val: loss 0.4535 acc 0.5499 BAL-acc 0.2912 f1 0.2142 | acc[c0]=0.671  acc[c1]=0.121  acc[c2]=0.541  acc[c3]=0.139  acc[c4]=0.167  acc[c5]=0.108 | auc[c0]=0.647  auc[c1]=0.501  auc[c2]=0.772  auc[c3]=0.710  auc[c4]=0.674  auc[c5]=0.679 | macroAUC=0.664 | macroSens=0.291 macroSpec=0.861 | sens[c0]=0.671  sens[c1]=0.121  sens[c2]=0.541  sens[c3]=0.139  sens[c4]=0.167  sens[c5]=0.108 | spec[c0]=0.529  spec[c1]=0.882  spec[c2]=0.831  spec[c3]=0.968  spec[c4]=0.980  spec[c5]=0.977
Confusion matrix (LR val): rows=true, cols=pred
true\pred   ISUP0   ISUP1   ISUP2   ISUP3   ISUP4   ISUP5
    ISUP0    3382     624     749     122      76      85
    ISUP1     704     145     251      56      29      17
    ISUP2      44      13     125      25       8      16
    ISUP3      17       6      44      16       9      23
    ISUP4       3       1      15       2       6       9
    ISUP5      13       4      33       8       8       8
  ↳ [histo_head] no improvement (1/10)
[HISTO_HEAD 006] train: loss 0.1591 bacc 0.8411 acc 0.7336 f1 0.7879 || val: loss 0.5157 acc 0.4607 BAL-acc 0.2714 f1 0.2163 | acc[c0]=0.490  acc[c1]=0.423  acc[c2]=0.342  acc[c3]=0.113  acc[c4]=0.139  acc[c5]=0.122 | auc[c0]=0.641  auc[c1]=0.523  auc[c2]=0.761  auc[c3]=0.700  auc[c4]=0.701  auc[c5]=0.678 | macroAUC=0.667 | macroSens=0.271 macroSpec=0.857 | sens[c0]=0.490  sens[c1]=0.423  sens[c2]=0.342  sens[c3]=0.113  sens[c4]=0.139  sens[c5]=0.122 | spec[c0]=0.672  spec[c1]=0.619  spec[c2]=0.913  spec[c3]=0.975  spec[c4]=0.982  spec[c5]=0.980
Confusion matrix (LR val): rows=true, cols=pred
true\pred   ISUP0   ISUP1   ISUP2   ISUP3   ISUP4   ISUP5
    ISUP0    2471    1991     350      84      74      68
    ISUP1     465     508     146      46      22      15
    ISUP2      47      54      79      26       7      18
    ISUP3      18      22      32      13       8      22
    ISUP4       3       7      12       0       5       9
    ISUP5      10      17      24       7       7       9
  ↳ [histo_head] no improvement (2/10)
[HISTO_HEAD 007] train: loss 0.1311 bacc 0.8558 acc 0.7667 f1 0.8168 || val: loss 0.5711 acc 0.5578 BAL-acc 0.2651 f1 0.2369 | acc[c0]=0.642  acc[c1]=0.347  acc[c2]=0.234  acc[c3]=0.148  acc[c4]=0.139  acc[c5]=0.081 | auc[c0]=0.661  auc[c1]=0.552  auc[c2]=0.752  auc[c3]=0.735  auc[c4]=0.733  auc[c5]=0.693 | macroAUC=0.688 | macroSens=0.265 macroSpec=0.863 | sens[c0]=0.642  sens[c1]=0.347  sens[c2]=0.234  sens[c3]=0.148  sens[c4]=0.139  sens[c5]=0.081 | spec[c0]=0.568  spec[c1]=0.717  spec[c2]=0.943  spec[c3]=0.976  spec[c4]=0.988  spec[c5]=0.988
Confusion matrix (LR val): rows=true, cols=pred
true\pred   ISUP0   ISUP1   ISUP2   ISUP3   ISUP4   ISUP5
    ISUP0    3236    1416     212      87      43      44
    ISUP1     625     417      99      38      17       6
    ISUP2      58      73      54      27       6      13
    ISUP3      18      33      28      17       6      13
    ISUP4       5       6      14       1       5       5
    ISUP5      10      26      18       7       7       6
  ↳ [histo_head] no improvement (3/10)
[HISTO_HEAD 008] train: loss 0.1147 bacc 0.8730 acc 0.7927 f1 0.8393 || val: loss 0.6712 acc 0.4256 BAL-acc 0.2396 f1 0.2006 | acc[c0]=0.407  acc[c1]=0.619  acc[c2]=0.186  acc[c3]=0.061  acc[c4]=0.111  acc[c5]=0.054 | auc[c0]=0.639  auc[c1]=0.552  auc[c2]=0.750  auc[c3]=0.740  auc[c4]=0.724  auc[c5]=0.670 | macroAUC=0.679 | macroSens=0.240 macroSpec=0.856 | sens[c0]=0.407  sens[c1]=0.619  sens[c2]=0.186  sens[c3]=0.061  sens[c4]=0.111  sens[c5]=0.054 | spec[c0]=0.747  spec[c1]=0.471  spec[c2]=0.955  spec[c3]=0.985  spec[c4]=0.992  spec[c5]=0.989
Confusion matrix (LR val): rows=true, cols=pred
true\pred   ISUP0   ISUP1   ISUP2   ISUP3   ISUP4   ISUP5
    ISUP0    2048    2712     160      48      32      38
    ISUP1     337     744      82      25      10       4
    ISUP2      48     103      43      20       6      11
    ISUP3      18      50      21       7       4      15
    ISUP4       4      10      12       0       4       6
    ISUP5      12      31      16       7       4       4
  ↳ [histo_head] no improvement (4/10)
[HISTO_HEAD 009] train: loss 0.1195 bacc 0.8821 acc 0.8074 f1 0.8521 || val: loss 0.6962 acc 0.4836 BAL-acc 0.2289 f1 0.2021 | acc[c0]=0.511  acc[c1]=0.518  acc[c2]=0.100  acc[c3]=0.052  acc[c4]=0.111  acc[c5]=0.081 | auc[c0]=0.634  auc[c1]=0.547  auc[c2]=0.719  auc[c3]=0.706  auc[c4]=0.752  auc[c5]=0.684 | macroAUC=0.673 | macroSens=0.229 macroSpec=0.858 | sens[c0]=0.511  sens[c1]=0.518  sens[c2]=0.100  sens[c3]=0.052  sens[c4]=0.111  sens[c5]=0.081 | spec[c0]=0.658  spec[c1]=0.558  spec[c2]=0.971  spec[c3]=0.988  spec[c4]=0.984  spec[c5]=0.987
Confusion matrix (LR val): rows=true, cols=pred
true\pred   ISUP0   ISUP1   ISUP2   ISUP3   ISUP4   ISUP5
    ISUP0    2576    2223      99      35      64      41
    ISUP1     469     623      58      23      20       9
    ISUP2      61     108      23      14       8      17
    ISUP3      16      56      14       6       8      15
    ISUP4       6      12       7       0       4       7
    ISUP5      15      29      11       7       6       6
  ↳ [histo_head] no improvement (5/10)
[HISTO_HEAD 010] train: loss 0.0754 bacc 0.9006 acc 0.8396 f1 0.8758 || val: loss 0.7812 acc 0.5339 BAL-acc 0.2263 f1 0.2102 | acc[c0]=0.604  acc[c1]=0.410  acc[c2]=0.095  acc[c3]=0.070  acc[c4]=0.111  acc[c5]=0.068 | auc[c0]=0.629  auc[c1]=0.537  auc[c2]=0.706  auc[c3]=0.698  auc[c4]=0.741  auc[c5]=0.665 | macroAUC=0.663 | macroSens=0.226 macroSpec=0.857 | sens[c0]=0.604  sens[c1]=0.410  sens[c2]=0.095  sens[c3]=0.070  sens[c4]=0.111  sens[c5]=0.068 | spec[c0]=0.565  spec[c1]=0.645  spec[c2]=0.970  spec[c3]=0.988  spec[c4]=0.987  spec[c5]=0.986
Confusion matrix (LR val): rows=true, cols=pred
true\pred   ISUP0   ISUP1   ISUP2   ISUP3   ISUP4   ISUP5
    ISUP0    3043    1756     107      39      48      45
    ISUP1     612     493      54      20      14       9
    ISUP2      64     103      22      15      10      17
    ISUP3      18      54      12       8       8      15
    ISUP4       7       9       8       0       4       8
    ISUP5      20      27      10       7       5       5
  ↳ [histo_head] no improvement (6/10)
[HISTO_HEAD 011] train: loss 0.0788 bacc 0.9121 acc 0.8579 f1 0.8883 || val: loss 0.8369 acc 0.6664 BAL-acc 0.2337 f1 0.2258 | acc[c0]=0.839  acc[c1]=0.151  acc[c2]=0.156  acc[c3]=0.078  acc[c4]=0.111  acc[c5]=0.068 | auc[c0]=0.635  auc[c1]=0.549  auc[c2]=0.719  auc[c3]=0.694  auc[c4]=0.731  auc[c5]=0.659 | macroAUC=0.664 | macroSens=0.234 macroSpec=0.858 | sens[c0]=0.839  sens[c1]=0.151  sens[c2]=0.156  sens[c3]=0.078  sens[c4]=0.111  sens[c5]=0.068 | spec[c0]=0.338  spec[c1]=0.885  spec[c2]=0.958  spec[c3]=0.987  spec[c4]=0.991  spec[c5]=0.987
Confusion matrix (LR val): rows=true, cols=pred
true\pred   ISUP0   ISUP1   ISUP2   ISUP3   ISUP4   ISUP5
    ISUP0    4227     550     146      43      30      42
    ISUP1     904     181      82      19      10       6
    ISUP2     115      42      36      16       9      13
    ISUP3      36      24      23       9       8      15
    ISUP4      11       5       8       0       4       8
    ISUP5      32      11      14       7       5       5
  ↳ [histo_head] no improvement (7/10)
[HISTO_HEAD 012] train: loss 0.0637 bacc 0.9243 acc 0.8824 f1 0.9029 || val: loss 0.9001 acc 0.6523 BAL-acc 0.2198 f1 0.2135 | acc[c0]=0.822  acc[c1]=0.153  acc[c2]=0.113  acc[c3]=0.052  acc[c4]=0.111  acc[c5]=0.068 | auc[c0]=0.616  auc[c1]=0.536  auc[c2]=0.705  auc[c3]=0.684  auc[c4]=0.743  auc[c5]=0.671 | macroAUC=0.659 | macroSens=0.220 macroSpec=0.853 | sens[c0]=0.822  sens[c1]=0.153  sens[c2]=0.113  sens[c3]=0.052  sens[c4]=0.111  sens[c5]=0.068 | spec[c0]=0.324  spec[c1]=0.863  spec[c2]=0.967  spec[c3]=0.986  spec[c4]=0.991  spec[c5]=0.987
Confusion matrix (LR val): rows=true, cols=pred
true\pred   ISUP0   ISUP1   ISUP2   ISUP3   ISUP4   ISUP5
    ISUP0    4143     665     107      49      35      39
    ISUP1     910     184      68      21       9      10
    ISUP2     123      41      26      15       8      18
    ISUP3      36      33      18       6       8      14
    ISUP4      11       5       8       0       4       8
    ISUP5      40       8      11       7       3       5
  ↳ [histo_head] no improvement (8/10)
[HISTO_HEAD 013] train: loss 0.0556 bacc 0.9371 acc 0.9027 f1 0.9179 || val: loss 0.9602 acc 0.6573 BAL-acc 0.2170 f1 0.2133 | acc[c0]=0.828  acc[c1]=0.159  acc[c2]=0.108  acc[c3]=0.070  acc[c4]=0.083  acc[c5]=0.054 | auc[c0]=0.620  auc[c1]=0.537  auc[c2]=0.712  auc[c3]=0.699  auc[c4]=0.746  auc[c5]=0.663 | macroAUC=0.663 | macroSens=0.217 macroSpec=0.855 | sens[c0]=0.828  sens[c1]=0.159  sens[c2]=0.108  sens[c3]=0.070  sens[c4]=0.083  sens[c5]=0.054 | spec[c0]=0.330  spec[c1]=0.869  spec[c2]=0.963  spec[c3]=0.983  spec[c4]=0.992  spec[c5]=0.990
Confusion matrix (LR val): rows=true, cols=pred
true\pred   ISUP0   ISUP1   ISUP2   ISUP3   ISUP4   ISUP5
    ISUP0    4170     628     123      58      32      27
    ISUP1     901     191      73      23       7       7
    ISUP2     122      43      25      22       7      12
    ISUP3      41      28      20       8       5      13
    ISUP4      13       6       8       0       3       6
    ISUP5      34      13      13       7       3       4
  ↳ [histo_head] no improvement (9/10)
[HISTO_HEAD 014] train: loss 0.0490 bacc 0.9516 acc 0.9276 f1 0.9362 || val: loss 1.0479 acc 0.5853 BAL-acc 0.2184 f1 0.2105 | acc[c0]=0.695  acc[c1]=0.319  acc[c2]=0.082  acc[c3]=0.035  acc[c4]=0.111  acc[c5]=0.068 | auc[c0]=0.608  auc[c1]=0.542  auc[c2]=0.699  auc[c3]=0.671  auc[c4]=0.769  auc[c5]=0.665 | macroAUC=0.659 | macroSens=0.218 macroSpec=0.854 | sens[c0]=0.695  sens[c1]=0.319  sens[c2]=0.082  sens[c3]=0.035  sens[c4]=0.111  sens[c5]=0.068 | spec[c0]=0.451  spec[c1]=0.726  spec[c2]=0.977  spec[c3]=0.990  spec[c4]=0.986  spec[c5]=0.991
Confusion matrix (LR val): rows=true, cols=pred
true\pred   ISUP0   ISUP1   ISUP2   ISUP3   ISUP4   ISUP5
    ISUP0    3503    1351      69      36      53      26
    ISUP1     739     384      48      15      12       4
    ISUP2      96      81      19      12      11      12
    ISUP3      36      42      11       4      10      12
    ISUP4       8      13       7       0       4       4
    ISUP5      32      16      11       6       4       5
  ↳ [histo_head] no improvement (10/10)
[histo_head] Early stopping at epoch 14.
[FINAL VAL] loss 0.3678 acc 0.4138 f1 0.2035 | acc[c0]=0.447  acc[c1]=0.294  acc[c2]=0.558  acc[c3]=0.157  acc[c4]=0.222  acc[c5]=0.176 | auc[c0]=0.658  auc[c1]=0.507  auc[c2]=0.760  auc[c3]=0.708  auc[c4]=0.696  auc[c5]=0.681 | macroAUC=0.668 | macroSens=0.309 macroSpec=0.858 | sens[c0]=0.447  sens[c1]=0.294  sens[c2]=0.558  sens[c3]=0.157  sens[c4]=0.222  sens[c5]=0.176 | spec[c0]=0.726  spec[c1]=0.731  spec[c2]=0.788  spec[c3]=0.968  spec[c4]=0.969  spec[c5]=0.969
Confusion matrix (LR val): rows=true, cols=pred
true\pred   ISUP0   ISUP1   ISUP2   ISUP3   ISUP4   ISUP5
    ISUP0    2250    1444     962     122     136     124
    ISUP1     421     353     311      56      37      24
    ISUP2      20      23     129      25      12      22
    ISUP3       7       5      50      18      12      23
    ISUP4       2       1      14       2       8       9
    ISUP5       5       7      33       8       8      13

=== Final model: Sensitivity at fixed specificity ===
       class |          AUC |  Sens@Spec40 |  Sens@Spec60 |  Sens@Spec80 |  Sens@Spec90 |  Sens@Spec95 |  Sens@Spec99
          c0 |        0.658 |        0.828 |        0.610 |        0.361 |        0.175 |        0.095 |        0.032
          c1 |        0.507 |        0.612 |        0.411 |        0.213 |        0.102 |        0.056 |        0.007
          c2 |        0.760 |        0.887 |        0.801 |        0.558 |        0.355 |        0.221 |        0.039
          c3 |        0.708 |        0.835 |        0.739 |        0.461 |        0.287 |        0.191 |        0.070
          c4 |        0.696 |        0.778 |        0.639 |        0.528 |        0.417 |        0.222 |        0.139
          c5 |        0.681 |        0.757 |        0.662 |        0.473 |        0.338 |        0.216 |        0.095
       macro |        0.668 |        0.783 |        0.644 |        0.432 |        0.279 |        0.167 |        0.064
[FINAL TEST] loss 0.3295 acc 0.4448 f1 0.2079 | acc[c0]=0.488  acc[c1]=0.295  acc[c2]=0.479  acc[c3]=0.124  acc[c4]=0.190  acc[c5]=0.167 | auc[c0]=0.686  auc[c1]=0.517  auc[c2]=0.700  auc[c3]=0.772  auc[c4]=0.732  auc[c5]=0.794 | macroAUC=0.700 | macroSens=0.291 macroSpec=0.864 | sens[c0]=0.488  sens[c1]=0.295  sens[c2]=0.479  sens[c3]=0.124  sens[c4]=0.190  sens[c5]=0.167 | spec[c0]=0.723  spec[c1]=0.752  spec[c2]=0.788  spec[c3]=0.971  spec[c4]=0.976  spec[c5]=0.974
Confusion matrix (LR val): rows=true, cols=pred
true\pred   ISUP0   ISUP1   ISUP2   ISUP3   ISUP4   ISUP5
    ISUP0    2515    1365     943     130     113      90
    ISUP1     391     324     318      26      18      20
    ISUP2      31      34     136      29      13      41
    ISUP3       4       2      73      16      13      21
    ISUP4       4       1      24       4       8       1
    ISUP5      15       4      18       6       2       9

=== Final model: Sensitivity at fixed specificity ===
       class |          AUC |  Sens@Spec40 |  Sens@Spec60 |  Sens@Spec80 |  Sens@Spec90 |  Sens@Spec95 |  Sens@Spec99
          c0 |        0.686 |        0.869 |        0.661 |        0.382 |        0.203 |        0.127 |        0.042
          c1 |        0.517 |        0.621 |        0.432 |        0.234 |        0.115 |        0.048 |        0.010
          c2 |        0.700 |        0.827 |        0.680 |        0.482 |        0.345 |        0.236 |        0.046
          c3 |        0.772 |        0.922 |        0.783 |        0.589 |        0.380 |        0.233 |        0.062
          c4 |        0.732 |        0.833 |        0.714 |        0.619 |        0.405 |        0.310 |        0.071
          c5 |        0.794 |        0.889 |        0.852 |        0.630 |        0.444 |        0.315 |        0.111
       macro |        0.700 |        0.827 |        0.687 |        0.489 |        0.315 |        0.211 |        0.057
wandb: updating run metadata
wandb:                                                                                
wandb: 
wandb: Run history:
wandb:         aux/lr_enc ▁▁▁▁▁▁▁▁▁▁▁▁▁▁
wandb:        aux/lr_head ▁▁▁▁▁▁▁▁▁▁▁▁▁▁
wandb:        aux/lr_pool ▁▁▁▁▁▁▁▁▁▁▁▁▁▁
wandb:        aux/lr_proj ▁▁▁▁▁▁▁▁▁▁▁▁▁▁
wandb: aux/test/macro_tnr ▁
wandb: aux/test/macro_tpr ▁
wandb:      aux/train/acc ▁▃▄▅▆▆▆▇▇▇▇███
wandb: aux/train/f1_macro ▁▃▄▅▆▇▇▇▇▇████
wandb:  aux/val/macro_tnr ▁▂▆▇▇▆█▆▆▆▆▅▅▅
wandb:  aux/val/macro_tpr ▃▆▇█▇▅▅▃▂▂▂▁▁▁
wandb:                +33 ...
wandb: 
wandb: Run summary:
wandb:         aux/lr_enc 0.0
wandb:        aux/lr_head 1e-05
wandb:        aux/lr_pool 1e-05
wandb:        aux/lr_proj 1e-05
wandb: aux/test/macro_tnr 0.86391
wandb: aux/test/macro_tpr 0.29053
wandb:      aux/train/acc 0.92764
wandb: aux/train/f1_macro 0.9362
wandb:  aux/val/macro_tnr 0.85361
wandb:  aux/val/macro_tpr 0.21842
wandb:                +33 ...
wandb: 
wandb: 🚀 View run isup6-histo_head at: https://wandb.ai/jesande7-queens/MID_DEC_KILLARNEY_NEW_SPIE/runs/fgv3uap9
wandb: ⭐️ View project at: https://wandb.ai/jesande7-queens/MID_DEC_KILLARNEY_NEW_SPIE
wandb: Synced 5 W&B file(s), 0 media file(s), 0 artifact file(s) and 0 other file(s)
wandb: Find logs at: ./wandb/run-20260330_154819-fgv3uap9/logs
