Host: kn070
/project/6106383/ewillis/pca_contrastive/venv/bin/python
Python 3.11.4
Fri Apr  3 00:35:04 2026       
+-----------------------------------------------------------------------------------------+
| NVIDIA-SMI 570.148.08             Driver Version: 570.148.08     CUDA Version: 12.8     |
|-----------------------------------------+------------------------+----------------------+
| GPU  Name                 Persistence-M | Bus-Id          Disp.A | Volatile Uncorr. ECC |
| Fan  Temp   Perf          Pwr:Usage/Cap |           Memory-Usage | GPU-Util  Compute M. |
|                                         |                        |               MIG M. |
|=========================================+========================+======================|
|   0  NVIDIA L40S                    On  |   00000000:17:00.0 Off |                    0 |
| N/A   41C    P8             37W /  350W |       0MiB /  46068MiB |      0%      Default |
|                                         |                        |                  N/A |
+-----------------------------------------+------------------------+----------------------+
                                                                                         
+-----------------------------------------------------------------------------------------+
| Processes:                                                                              |
|  GPU   GI   CI              PID   Type   Process name                        GPU Memory |
|        ID   ID                                                               Usage      |
|=========================================================================================|
|  No running processes found                                                             |
+-----------------------------------------------------------------------------------------+
TRAIN_MODE=kl
OUTDIR_MODE=/home/ewillis/projects/aip-medilab/ewillis/pca_contrastive/mri_model_medsam_finetune_2D/LATEST/results_isup6/kl-head_only/kl-head_only
/project/6106383/ewillis/pca_contrastive/venv/lib/python3.11/site-packages/pydantic/_internal/_generate_schema.py:2249: UnsupportedFieldAttributeWarning: The 'repr' attribute with value False was provided to the `Field()` function, which has no effect in the context it was used. 'repr' is field-specific metadata, and can only be attached to a model field using `Annotated` metadata or by assignment. This may have happened because an `Annotated` type alias using the `type` statement was used, or if the `Field()` function was attached to a single member of a union type.
  warnings.warn(
/project/6106383/ewillis/pca_contrastive/venv/lib/python3.11/site-packages/pydantic/_internal/_generate_schema.py:2249: UnsupportedFieldAttributeWarning: The 'frozen' attribute with value True was provided to the `Field()` function, which has no effect in the context it was used. 'frozen' is field-specific metadata, and can only be attached to a model field using `Annotated` metadata or by assignment. This may have happened because an `Annotated` type alias using the `type` statement was used, or if the `Field()` function was attached to a single member of a union type.
  warnings.warn(
SCRIPT: train.py
ARGS: Namespace(train_mode='kl', seed=42, manifest='/project/aip-medilab/shared/picai/manifests/slices_manifest.csv', target='isup6', folds_train='1,2,3', folds_val='0', folds_test='4', batch_size=16, pos_ratio=0.33, use_skip=False, label6_column='merged_ISUP', sam_checkpoint='/project/aip-medilab/ewillis/pca_contrastive/mri_model_medsam_finetune/work_dir/MedSAM/medsam_vit_b.pth', proj_dim=512, histo_dir='/project/aip-medilab/shared/picai/histopathology_encodings/UNI2/projected_512D/embeddings_512', histo_marksheet_dir='/project/aip-medilab/shared/picai/histopathology_encodings/UNI2_splits', provider='all', triplet_epochs=40, triplet_patience=10, triplet_margin=0.2, lr_max_iter=5, head_epochs=40, head_patience=10, stage2_scope='head_only', lr=1e-05, wd=0.0, enc_lr_mult=0.1, patient_col='patient_id', case_col='case_id', outdir='/home/ewillis/projects/aip-medilab/ewillis/pca_contrastive/mri_model_medsam_finetune_2D/LATEST/results_isup6/kl-head_only/kl-head_only', wandb=True, wandb_project='MID_DEC_KILLARNEY_NEW_SPIE', wandb_run_name='isup3-kl-scope-head_only')
!!!!!! classes_present [0, 1, 2, 3, 4, 5]
[split-check] #patients: train=885, val=295, test=296
[split-check] patient overlaps: train∩val=0, train∩test=0, val∩test=0
wandb: Currently logged in as: jesande7 (jesande7-queens) to https://api.wandb.ai. Use `wandb login --relogin` to force relogin
wandb: WARNING Changes to your `wandb` environment variables will be ignored because your `wandb` session has already started. For more information on how to modify your settings with `wandb.init()` arguments, please refer to https://wandb.me/wandb-init.
wandb: Tracking run with wandb version 0.21.2
wandb: Run data is saved locally in /project/6106383/shared/picai/wandb/run-20260403_003526-ecuhxs15
wandb: Run `wandb offline` to turn off syncing.
wandb: Syncing run isup3-kl-scope-head_only
wandb: ⭐️ View project at https://wandb.ai/jesande7-queens/MID_DEC_KILLARNEY_NEW_SPIE
wandb: 🚀 View run at https://wandb.ai/jesande7-queens/MID_DEC_KILLARNEY_NEW_SPIE/runs/ecuhxs15
[two_stage] lr=1e-05 wd=0 enc_lr_mult=0.1 margin=0.2
[triplet] lr_proj=1e-05 | lr_enc=1e-06
/project/6106383/ewillis/pca_contrastive/venv/lib/python3.11/site-packages/sklearn/linear_model/_logistic.py:1272: FutureWarning: 'multi_class' was deprecated in version 1.5 and will be removed in 1.7. From then on, it will always use 'multinomial'. Leave it to its default value to avoid this warning.
  warnings.warn(
/project/6106383/ewillis/pca_contrastive/venv/lib/python3.11/site-packages/sklearn/linear_model/_logistic.py:473: ConvergenceWarning: lbfgs failed to converge after 5 iteration(s) (status=1):
STOP: TOTAL NO. OF ITERATIONS REACHED LIMIT

Increase the number of iterations to improve the convergence (max_iter=5).
You might also want to scale the data as shown in:
    https://scikit-learn.org/stable/modules/preprocessing.html
Please also refer to the documentation for alternative solver options:
    https://scikit-learn.org/stable/modules/linear_model.html#logistic-regression
  n_iter_i = _check_optimize_result(
  ↳ [triplet] new best (val BAL-acc=0.1992) snapshot stored in memory
/project/6106383/ewillis/pca_contrastive/venv/lib/python3.11/site-packages/sklearn/linear_model/_logistic.py:1272: FutureWarning: 'multi_class' was deprecated in version 1.5 and will be removed in 1.7. From then on, it will always use 'multinomial'. Leave it to its default value to avoid this warning.
  warnings.warn(
/project/6106383/ewillis/pca_contrastive/venv/lib/python3.11/site-packages/sklearn/linear_model/_logistic.py:473: ConvergenceWarning: lbfgs failed to converge after 5 iteration(s) (status=1):
STOP: TOTAL NO. OF ITERATIONS REACHED LIMIT

Increase the number of iterations to improve the convergence (max_iter=5).
You might also want to scale the data as shown in:
    https://scikit-learn.org/stable/modules/preprocessing.html
Please also refer to the documentation for alternative solver options:
    https://scikit-learn.org/stable/modules/linear_model.html#logistic-regression
  n_iter_i = _check_optimize_result(
  ↳ [triplet] new best (val BAL-acc=0.2075) snapshot stored in memory
/project/6106383/ewillis/pca_contrastive/venv/lib/python3.11/site-packages/sklearn/linear_model/_logistic.py:1272: FutureWarning: 'multi_class' was deprecated in version 1.5 and will be removed in 1.7. From then on, it will always use 'multinomial'. Leave it to its default value to avoid this warning.
  warnings.warn(
/project/6106383/ewillis/pca_contrastive/venv/lib/python3.11/site-packages/sklearn/linear_model/_logistic.py:473: ConvergenceWarning: lbfgs failed to converge after 5 iteration(s) (status=1):
STOP: TOTAL NO. OF ITERATIONS REACHED LIMIT

Increase the number of iterations to improve the convergence (max_iter=5).
You might also want to scale the data as shown in:
    https://scikit-learn.org/stable/modules/preprocessing.html
Please also refer to the documentation for alternative solver options:
    https://scikit-learn.org/stable/modules/linear_model.html#logistic-regression
  n_iter_i = _check_optimize_result(
  ↳ [triplet] new best (val BAL-acc=0.2225) snapshot stored in memory
/project/6106383/ewillis/pca_contrastive/venv/lib/python3.11/site-packages/sklearn/linear_model/_logistic.py:1272: FutureWarning: 'multi_class' was deprecated in version 1.5 and will be removed in 1.7. From then on, it will always use 'multinomial'. Leave it to its default value to avoid this warning.
  warnings.warn(
/project/6106383/ewillis/pca_contrastive/venv/lib/python3.11/site-packages/sklearn/linear_model/_logistic.py:473: ConvergenceWarning: lbfgs failed to converge after 5 iteration(s) (status=1):
STOP: TOTAL NO. OF ITERATIONS REACHED LIMIT

Increase the number of iterations to improve the convergence (max_iter=5).
You might also want to scale the data as shown in:
    https://scikit-learn.org/stable/modules/preprocessing.html
Please also refer to the documentation for alternative solver options:
    https://scikit-learn.org/stable/modules/linear_model.html#logistic-regression
  n_iter_i = _check_optimize_result(
  ↳ [triplet] new best (val BAL-acc=0.2354) snapshot stored in memory
/project/6106383/ewillis/pca_contrastive/venv/lib/python3.11/site-packages/sklearn/linear_model/_logistic.py:1272: FutureWarning: 'multi_class' was deprecated in version 1.5 and will be removed in 1.7. From then on, it will always use 'multinomial'. Leave it to its default value to avoid this warning.
  warnings.warn(
/project/6106383/ewillis/pca_contrastive/venv/lib/python3.11/site-packages/sklearn/linear_model/_logistic.py:473: ConvergenceWarning: lbfgs failed to converge after 5 iteration(s) (status=1):
STOP: TOTAL NO. OF ITERATIONS REACHED LIMIT

Increase the number of iterations to improve the convergence (max_iter=5).
You might also want to scale the data as shown in:
    https://scikit-learn.org/stable/modules/preprocessing.html
Please also refer to the documentation for alternative solver options:
    https://scikit-learn.org/stable/modules/linear_model.html#logistic-regression
  n_iter_i = _check_optimize_result(
  ↳ [triplet] new best (val BAL-acc=0.2382) snapshot stored in memory
/project/6106383/ewillis/pca_contrastive/venv/lib/python3.11/site-packages/sklearn/linear_model/_logistic.py:1272: FutureWarning: 'multi_class' was deprecated in version 1.5 and will be removed in 1.7. From then on, it will always use 'multinomial'. Leave it to its default value to avoid this warning.
  warnings.warn(
/project/6106383/ewillis/pca_contrastive/venv/lib/python3.11/site-packages/sklearn/linear_model/_logistic.py:473: ConvergenceWarning: lbfgs failed to converge after 5 iteration(s) (status=1):
STOP: TOTAL NO. OF ITERATIONS REACHED LIMIT

Increase the number of iterations to improve the convergence (max_iter=5).
You might also want to scale the data as shown in:
    https://scikit-learn.org/stable/modules/preprocessing.html
Please also refer to the documentation for alternative solver options:
    https://scikit-learn.org/stable/modules/linear_model.html#logistic-regression
  n_iter_i = _check_optimize_result(
  ↳ [triplet] new best (val BAL-acc=0.2402) snapshot stored in memory
/project/6106383/ewillis/pca_contrastive/venv/lib/python3.11/site-packages/sklearn/linear_model/_logistic.py:1272: FutureWarning: 'multi_class' was deprecated in version 1.5 and will be removed in 1.7. From then on, it will always use 'multinomial'. Leave it to its default value to avoid this warning.
  warnings.warn(
/project/6106383/ewillis/pca_contrastive/venv/lib/python3.11/site-packages/sklearn/linear_model/_logistic.py:473: ConvergenceWarning: lbfgs failed to converge after 5 iteration(s) (status=1):
STOP: TOTAL NO. OF ITERATIONS REACHED LIMIT

Increase the number of iterations to improve the convergence (max_iter=5).
You might also want to scale the data as shown in:
    https://scikit-learn.org/stable/modules/preprocessing.html
Please also refer to the documentation for alternative solver options:
    https://scikit-learn.org/stable/modules/linear_model.html#logistic-regression
  n_iter_i = _check_optimize_result(
  ↳ [triplet] new best (val BAL-acc=0.2470) snapshot stored in memory
/project/6106383/ewillis/pca_contrastive/venv/lib/python3.11/site-packages/sklearn/linear_model/_logistic.py:1272: FutureWarning: 'multi_class' was deprecated in version 1.5 and will be removed in 1.7. From then on, it will always use 'multinomial'. Leave it to its default value to avoid this warning.
  warnings.warn(
/project/6106383/ewillis/pca_contrastive/venv/lib/python3.11/site-packages/sklearn/linear_model/_logistic.py:473: ConvergenceWarning: lbfgs failed to converge after 5 iteration(s) (status=1):
STOP: TOTAL NO. OF ITERATIONS REACHED LIMIT

Increase the number of iterations to improve the convergence (max_iter=5).
You might also want to scale the data as shown in:
    https://scikit-learn.org/stable/modules/preprocessing.html
Please also refer to the documentation for alternative solver options:
    https://scikit-learn.org/stable/modules/linear_model.html#logistic-regression
  n_iter_i = _check_optimize_result(
  ↳ [triplet] no improvement (1/10)
/project/6106383/ewillis/pca_contrastive/venv/lib/python3.11/site-packages/sklearn/linear_model/_logistic.py:1272: FutureWarning: 'multi_class' was deprecated in version 1.5 and will be removed in 1.7. From then on, it will always use 'multinomial'. Leave it to its default value to avoid this warning.
  warnings.warn(
/project/6106383/ewillis/pca_contrastive/venv/lib/python3.11/site-packages/sklearn/linear_model/_logistic.py:473: ConvergenceWarning: lbfgs failed to converge after 5 iteration(s) (status=1):
STOP: TOTAL NO. OF ITERATIONS REACHED LIMIT

Increase the number of iterations to improve the convergence (max_iter=5).
You might also want to scale the data as shown in:
    https://scikit-learn.org/stable/modules/preprocessing.html
Please also refer to the documentation for alternative solver options:
    https://scikit-learn.org/stable/modules/linear_model.html#logistic-regression
  n_iter_i = _check_optimize_result(
  ↳ [triplet] new best (val BAL-acc=0.2471) snapshot stored in memory
/project/6106383/ewillis/pca_contrastive/venv/lib/python3.11/site-packages/sklearn/linear_model/_logistic.py:1272: FutureWarning: 'multi_class' was deprecated in version 1.5 and will be removed in 1.7. From then on, it will always use 'multinomial'. Leave it to its default value to avoid this warning.
  warnings.warn(
/project/6106383/ewillis/pca_contrastive/venv/lib/python3.11/site-packages/sklearn/linear_model/_logistic.py:473: ConvergenceWarning: lbfgs failed to converge after 5 iteration(s) (status=1):
STOP: TOTAL NO. OF ITERATIONS REACHED LIMIT

Increase the number of iterations to improve the convergence (max_iter=5).
You might also want to scale the data as shown in:
    https://scikit-learn.org/stable/modules/preprocessing.html
Please also refer to the documentation for alternative solver options:
    https://scikit-learn.org/stable/modules/linear_model.html#logistic-regression
  n_iter_i = _check_optimize_result(
  ↳ [triplet] new best (val BAL-acc=0.2482) snapshot stored in memory
/project/6106383/ewillis/pca_contrastive/venv/lib/python3.11/site-packages/sklearn/linear_model/_logistic.py:1272: FutureWarning: 'multi_class' was deprecated in version 1.5 and will be removed in 1.7. From then on, it will always use 'multinomial'. Leave it to its default value to avoid this warning.
  warnings.warn(
/project/6106383/ewillis/pca_contrastive/venv/lib/python3.11/site-packages/sklearn/linear_model/_logistic.py:473: ConvergenceWarning: lbfgs failed to converge after 5 iteration(s) (status=1):
STOP: TOTAL NO. OF ITERATIONS REACHED LIMIT

Increase the number of iterations to improve the convergence (max_iter=5).
You might also want to scale the data as shown in:
    https://scikit-learn.org/stable/modules/preprocessing.html
Please also refer to the documentation for alternative solver options:
    https://scikit-learn.org/stable/modules/linear_model.html#logistic-regression
  n_iter_i = _check_optimize_result(
  ↳ [triplet] new best (val BAL-acc=0.2492) snapshot stored in memory
/project/6106383/ewillis/pca_contrastive/venv/lib/python3.11/site-packages/sklearn/linear_model/_logistic.py:1272: FutureWarning: 'multi_class' was deprecated in version 1.5 and will be removed in 1.7. From then on, it will always use 'multinomial'. Leave it to its default value to avoid this warning.
  warnings.warn(
/project/6106383/ewillis/pca_contrastive/venv/lib/python3.11/site-packages/sklearn/linear_model/_logistic.py:473: ConvergenceWarning: lbfgs failed to converge after 5 iteration(s) (status=1):
STOP: TOTAL NO. OF ITERATIONS REACHED LIMIT

Increase the number of iterations to improve the convergence (max_iter=5).
You might also want to scale the data as shown in:
    https://scikit-learn.org/stable/modules/preprocessing.html
Please also refer to the documentation for alternative solver options:
    https://scikit-learn.org/stable/modules/linear_model.html#logistic-regression
  n_iter_i = _check_optimize_result(
  ↳ [triplet] no improvement (1/10)
/project/6106383/ewillis/pca_contrastive/venv/lib/python3.11/site-packages/sklearn/linear_model/_logistic.py:1272: FutureWarning: 'multi_class' was deprecated in version 1.5 and will be removed in 1.7. From then on, it will always use 'multinomial'. Leave it to its default value to avoid this warning.
  warnings.warn(
/project/6106383/ewillis/pca_contrastive/venv/lib/python3.11/site-packages/sklearn/linear_model/_logistic.py:473: ConvergenceWarning: lbfgs failed to converge after 5 iteration(s) (status=1):
STOP: TOTAL NO. OF ITERATIONS REACHED LIMIT

Increase the number of iterations to improve the convergence (max_iter=5).
You might also want to scale the data as shown in:
    https://scikit-learn.org/stable/modules/preprocessing.html
Please also refer to the documentation for alternative solver options:
    https://scikit-learn.org/stable/modules/linear_model.html#logistic-regression
  n_iter_i = _check_optimize_result(
  ↳ [triplet] no improvement (2/10)
/project/6106383/ewillis/pca_contrastive/venv/lib/python3.11/site-packages/sklearn/linear_model/_logistic.py:1272: FutureWarning: 'multi_class' was deprecated in version 1.5 and will be removed in 1.7. From then on, it will always use 'multinomial'. Leave it to its default value to avoid this warning.
  warnings.warn(
/project/6106383/ewillis/pca_contrastive/venv/lib/python3.11/site-packages/sklearn/linear_model/_logistic.py:473: ConvergenceWarning: lbfgs failed to converge after 5 iteration(s) (status=1):
STOP: TOTAL NO. OF ITERATIONS REACHED LIMIT

Increase the number of iterations to improve the convergence (max_iter=5).
You might also want to scale the data as shown in:
    https://scikit-learn.org/stable/modules/preprocessing.html
Please also refer to the documentation for alternative solver options:
    https://scikit-learn.org/stable/modules/linear_model.html#logistic-regression
  n_iter_i = _check_optimize_result(
  ↳ [triplet] no improvement (3/10)
/project/6106383/ewillis/pca_contrastive/venv/lib/python3.11/site-packages/sklearn/linear_model/_logistic.py:1272: FutureWarning: 'multi_class' was deprecated in version 1.5 and will be removed in 1.7. From then on, it will always use 'multinomial'. Leave it to its default value to avoid this warning.
  warnings.warn(
/project/6106383/ewillis/pca_contrastive/venv/lib/python3.11/site-packages/sklearn/linear_model/_logistic.py:473: ConvergenceWarning: lbfgs failed to converge after 5 iteration(s) (status=1):
STOP: TOTAL NO. OF ITERATIONS REACHED LIMIT

Increase the number of iterations to improve the convergence (max_iter=5).
You might also want to scale the data as shown in:
    https://scikit-learn.org/stable/modules/preprocessing.html
Please also refer to the documentation for alternative solver options:
    https://scikit-learn.org/stable/modules/linear_model.html#logistic-regression
  n_iter_i = _check_optimize_result(
  ↳ [triplet] no improvement (4/10)
/project/6106383/ewillis/pca_contrastive/venv/lib/python3.11/site-packages/sklearn/linear_model/_logistic.py:1272: FutureWarning: 'multi_class' was deprecated in version 1.5 and will be removed in 1.7. From then on, it will always use 'multinomial'. Leave it to its default value to avoid this warning.
  warnings.warn(
/project/6106383/ewillis/pca_contrastive/venv/lib/python3.11/site-packages/sklearn/linear_model/_logistic.py:473: ConvergenceWarning: lbfgs failed to converge after 5 iteration(s) (status=1):
STOP: TOTAL NO. OF ITERATIONS REACHED LIMIT

Increase the number of iterations to improve the convergence (max_iter=5).
You might also want to scale the data as shown in:
    https://scikit-learn.org/stable/modules/preprocessing.html
Please also refer to the documentation for alternative solver options:
    https://scikit-learn.org/stable/modules/linear_model.html#logistic-regression
  n_iter_i = _check_optimize_result(
  ↳ [triplet] no improvement (5/10)
/project/6106383/ewillis/pca_contrastive/venv/lib/python3.11/site-packages/sklearn/linear_model/_logistic.py:1272: FutureWarning: 'multi_class' was deprecated in version 1.5 and will be removed in 1.7. From then on, it will always use 'multinomial'. Leave it to its default value to avoid this warning.
  warnings.warn(
/project/6106383/ewillis/pca_contrastive/venv/lib/python3.11/site-packages/sklearn/linear_model/_logistic.py:473: ConvergenceWarning: lbfgs failed to converge after 5 iteration(s) (status=1):
STOP: TOTAL NO. OF ITERATIONS REACHED LIMIT

Increase the number of iterations to improve the convergence (max_iter=5).
You might also want to scale the data as shown in:
    https://scikit-learn.org/stable/modules/preprocessing.html
Please also refer to the documentation for alternative solver options:
    https://scikit-learn.org/stable/modules/linear_model.html#logistic-regression
  n_iter_i = _check_optimize_result(
  ↳ [triplet] no improvement (6/10)
/project/6106383/ewillis/pca_contrastive/venv/lib/python3.11/site-packages/sklearn/linear_model/_logistic.py:1272: FutureWarning: 'multi_class' was deprecated in version 1.5 and will be removed in 1.7. From then on, it will always use 'multinomial'. Leave it to its default value to avoid this warning.
  warnings.warn(
/project/6106383/ewillis/pca_contrastive/venv/lib/python3.11/site-packages/sklearn/linear_model/_logistic.py:473: ConvergenceWarning: lbfgs failed to converge after 5 iteration(s) (status=1):
STOP: TOTAL NO. OF ITERATIONS REACHED LIMIT

Increase the number of iterations to improve the convergence (max_iter=5).
You might also want to scale the data as shown in:
    https://scikit-learn.org/stable/modules/preprocessing.html
Please also refer to the documentation for alternative solver options:
    https://scikit-learn.org/stable/modules/linear_model.html#logistic-regression
  n_iter_i = _check_optimize_result(
  ↳ [triplet] no improvement (7/10)
/project/6106383/ewillis/pca_contrastive/venv/lib/python3.11/site-packages/sklearn/linear_model/_logistic.py:1272: FutureWarning: 'multi_class' was deprecated in version 1.5 and will be removed in 1.7. From then on, it will always use 'multinomial'. Leave it to its default value to avoid this warning.
  warnings.warn(
/project/6106383/ewillis/pca_contrastive/venv/lib/python3.11/site-packages/sklearn/linear_model/_logistic.py:473: ConvergenceWarning: lbfgs failed to converge after 5 iteration(s) (status=1):
STOP: TOTAL NO. OF ITERATIONS REACHED LIMIT

Increase the number of iterations to improve the convergence (max_iter=5).
You might also want to scale the data as shown in:
    https://scikit-learn.org/stable/modules/preprocessing.html
Please also refer to the documentation for alternative solver options:
    https://scikit-learn.org/stable/modules/linear_model.html#logistic-regression
  n_iter_i = _check_optimize_result(
  ↳ [triplet] no improvement (8/10)
/project/6106383/ewillis/pca_contrastive/venv/lib/python3.11/site-packages/sklearn/linear_model/_logistic.py:1272: FutureWarning: 'multi_class' was deprecated in version 1.5 and will be removed in 1.7. From then on, it will always use 'multinomial'. Leave it to its default value to avoid this warning.
  warnings.warn(
/project/6106383/ewillis/pca_contrastive/venv/lib/python3.11/site-packages/sklearn/linear_model/_logistic.py:473: ConvergenceWarning: lbfgs failed to converge after 5 iteration(s) (status=1):
STOP: TOTAL NO. OF ITERATIONS REACHED LIMIT

Increase the number of iterations to improve the convergence (max_iter=5).
You might also want to scale the data as shown in:
    https://scikit-learn.org/stable/modules/preprocessing.html
Please also refer to the documentation for alternative solver options:
    https://scikit-learn.org/stable/modules/linear_model.html#logistic-regression
  n_iter_i = _check_optimize_result(
  ↳ [triplet] no improvement (9/10)
/project/6106383/ewillis/pca_contrastive/venv/lib/python3.11/site-packages/sklearn/linear_model/_logistic.py:1272: FutureWarning: 'multi_class' was deprecated in version 1.5 and will be removed in 1.7. From then on, it will always use 'multinomial'. Leave it to its default value to avoid this warning.
  warnings.warn(
/project/6106383/ewillis/pca_contrastive/venv/lib/python3.11/site-packages/sklearn/linear_model/_logistic.py:473: ConvergenceWarning: lbfgs failed to converge after 5 iteration(s) (status=1):
STOP: TOTAL NO. OF ITERATIONS REACHED LIMIT

Increase the number of iterations to improve the convergence (max_iter=5).
You might also want to scale the data as shown in:
    https://scikit-learn.org/stable/modules/preprocessing.html
Please also refer to the documentation for alternative solver options:
    https://scikit-learn.org/stable/modules/linear_model.html#logistic-regression
  n_iter_i = _check_optimize_result(
  ↳ [triplet] no improvement (10/10)
[triplet] Early stopping at epoch 21.
[stage2] scope=head_only (training head only)
[HEAD 001] train: loss 1.5840 bacc 0.1929 acc 0.1398 f1 0.1028 || val: loss 0.2075 acc 0.0523 BAL-acc 0.1749 f1 0.0449 | acc[c0]=0.038  acc[c1]=0.000  acc[c2]=0.476  acc[c3]=0.330  acc[c4]=0.083  acc[c5]=0.122 | auc[c0]=0.653  auc[c1]=0.478  auc[c2]=0.781  auc[c3]=0.693  auc[c4]=0.362  auc[c5]=0.679 | macroAUC=0.608 | macroSens=0.175 macroSpec=0.834 | sens[c0]=0.038  sens[c1]=0.000  sens[c2]=0.476  sens[c3]=0.330  sens[c4]=0.083  sens[c5]=0.122 | spec[c0]=0.970  spec[c1]=1.000  spec[c2]=0.588  spec[c3]=0.525  spec[c4]=0.943  spec[c5]=0.981
Confusion matrix (LR val): rows=true, cols=pred
true\pred   ISUP0   ISUP1   ISUP2   ISUP3   ISUP4   ISUP5
    ISUP0     190       0    2022    2484     272      70
    ISUP1      50       0     545     524      69      14
    ISUP2       0       0     110      89      11      21
    ISUP3       0       0      51      38      13      13
    ISUP4       0       0      16      11       3       6
    ISUP5       0       0      29      20      16       9
  ↳ [head] new best (val BAL-acc=0.1749) snapshot stored in memory
[HEAD 002] train: loss 1.4881 bacc 0.2573 acc 0.2031 f1 0.1691 || val: loss 0.2058 acc 0.1819 BAL-acc 0.2075 f1 0.0911 | acc[c0]=0.212  acc[c1]=0.000  acc[c2]=0.433  acc[c3]=0.217  acc[c4]=0.139  acc[c5]=0.243 | auc[c0]=0.656  auc[c1]=0.480  auc[c2]=0.793  auc[c3]=0.804  auc[c4]=0.387  auc[c5]=0.675 | macroAUC=0.633 | macroSens=0.207 macroSpec=0.844 | sens[c0]=0.212  sens[c1]=0.000  sens[c2]=0.433  sens[c3]=0.217  sens[c4]=0.139  sens[c5]=0.243 | spec[c0]=0.862  spec[c1]=1.000  spec[c2]=0.706  spec[c3]=0.896  spec[c4]=0.686  spec[c5]=0.914
Confusion matrix (LR val): rows=true, cols=pred
true\pred   ISUP0   ISUP1   ISUP2   ISUP3   ISUP4   ISUP5
    ISUP0    1070       0    1435     497    1659     377
    ISUP1     225       0     404     147     352      74
    ISUP2       2       0     100      25      29      75
    ISUP3       0       0      37      25      28      25
    ISUP4       0       0      10       2       5      19
    ISUP5       2       0      17      15      22      18
  ↳ [head] new best (val BAL-acc=0.2075) snapshot stored in memory
[HEAD 003] train: loss 1.4550 bacc 0.3005 acc 0.2955 f1 0.2242 || val: loss 0.2016 acc 0.2655 BAL-acc 0.2311 f1 0.1177 | acc[c0]=0.328  acc[c1]=0.000  acc[c2]=0.281  acc[c3]=0.313  acc[c4]=0.194  acc[c5]=0.270 | auc[c0]=0.658  auc[c1]=0.479  auc[c2]=0.808  auc[c3]=0.728  auc[c4]=0.435  auc[c5]=0.733 | macroAUC=0.640 | macroSens=0.231 macroSpec=0.849 | sens[c0]=0.328  sens[c1]=0.000  sens[c2]=0.281  sens[c3]=0.313  sens[c4]=0.194  sens[c5]=0.270 | spec[c0]=0.786  spec[c1]=1.000  spec[c2]=0.830  spec[c3]=0.642  spec[c4]=0.880  spec[c5]=0.953
Confusion matrix (LR val): rows=true, cols=pred
true\pred   ISUP0   ISUP1   ISUP2   ISUP3   ISUP4   ISUP5
    ISUP0    1650       0     813    1814     610     151
    ISUP1     347       0     253     450     103      49
    ISUP2       2       0      65      65      33      66
    ISUP3       1       0      22      36      30      26
    ISUP4       1       0       2       8       7      18
    ISUP5       3       0      10      16      25      20
  ↳ [head] new best (val BAL-acc=0.2311) snapshot stored in memory
[HEAD 004] train: loss 1.4422 bacc 0.3224 acc 0.3693 f1 0.2568 || val: loss 0.1982 acc 0.3414 BAL-acc 0.2408 f1 0.1314 | acc[c0]=0.424  acc[c1]=0.003  acc[c2]=0.359  acc[c3]=0.426  acc[c4]=0.083  acc[c5]=0.149 | auc[c0]=0.658  auc[c1]=0.481  auc[c2]=0.815  auc[c3]=0.803  auc[c4]=0.477  auc[c5]=0.736 | macroAUC=0.662 | macroSens=0.241 macroSpec=0.856 | sens[c0]=0.424  sens[c1]=0.003  sens[c2]=0.359  sens[c3]=0.426  sens[c4]=0.083  sens[c5]=0.149 | spec[c0]=0.742  spec[c1]=0.995  spec[c2]=0.797  spec[c3]=0.741  spec[c4]=0.905  spec[c5]=0.954
Confusion matrix (LR val): rows=true, cols=pred
true\pred   ISUP0   ISUP1   ISUP2   ISUP3   ISUP4   ISUP5
    ISUP0    2136      29     974    1239     458     202
    ISUP1     416       4     283     346     114      39
    ISUP2       3       0      83      82      25      38
    ISUP3       2       0      29      49      21      14
    ISUP4       2       0       7      11       3      13
    ISUP5       4       0      19      25      15      11
  ↳ [head] new best (val BAL-acc=0.2408) snapshot stored in memory
[HEAD 005] train: loss 1.4153 bacc 0.3483 acc 0.3902 f1 0.2750 || val: loss 0.2012 acc 0.3392 BAL-acc 0.2568 f1 0.1361 | acc[c0]=0.418  acc[c1]=0.013  acc[c2]=0.385  acc[c3]=0.313  acc[c4]=0.194  acc[c5]=0.216 | auc[c0]=0.659  auc[c1]=0.482  auc[c2]=0.800  auc[c3]=0.740  auc[c4]=0.464  auc[c5]=0.706 | macroAUC=0.642 | macroSens=0.257 macroSpec=0.856 | sens[c0]=0.418  sens[c1]=0.013  sens[c2]=0.385  sens[c3]=0.313  sens[c4]=0.194  sens[c5]=0.216 | spec[c0]=0.749  spec[c1]=0.989  spec[c2]=0.785  spec[c3]=0.737  spec[c4]=0.946  spec[c5]=0.929
Confusion matrix (LR val): rows=true, cols=pred
true\pred   ISUP0   ISUP1   ISUP2   ISUP3   ISUP4   ISUP5
    ISUP0    2107      59    1037    1299     235     301
    ISUP1     408      16     306     353      52      67
    ISUP2       2       0      89      55      25      60
    ISUP3       1       0      29      36      25      24
    ISUP4       2       0       4       5       7      18
    ISUP5       3       0      16      18      21      16
  ↳ [head] new best (val BAL-acc=0.2568) snapshot stored in memory
[HEAD 006] train: loss 1.4035 bacc 0.3558 acc 0.4037 f1 0.2861 || val: loss 0.1987 acc 0.3668 BAL-acc 0.2591 f1 0.1418 | acc[c0]=0.453  acc[c1]=0.004  acc[c2]=0.485  acc[c3]=0.365  acc[c4]=0.139  acc[c5]=0.108 | auc[c0]=0.660  auc[c1]=0.480  auc[c2]=0.801  auc[c3]=0.782  auc[c4]=0.488  auc[c5]=0.740 | macroAUC=0.659 | macroSens=0.259 macroSpec=0.857 | sens[c0]=0.453  sens[c1]=0.004  sens[c2]=0.485  sens[c3]=0.365  sens[c4]=0.139  sens[c5]=0.108 | spec[c0]=0.721  spec[c1]=0.997  spec[c2]=0.764  spec[c3]=0.733  spec[c4]=0.955  spec[c5]=0.974
Confusion matrix (LR val): rows=true, cols=pred
true\pred   ISUP0   ISUP1   ISUP2   ISUP3   ISUP4   ISUP5
    ISUP0    2284      18    1125    1307     204     100
    ISUP1     449       5     325     348      54      21
    ISUP2       5       0     112      71      15      28
    ISUP3       2       0      42      42      16      13
    ISUP4       2       0       9      10       5      10
    ISUP5       4       0      25      24      13       8
  ↳ [head] new best (val BAL-acc=0.2591) snapshot stored in memory
[HEAD 007] train: loss 1.3986 bacc 0.3599 acc 0.4170 f1 0.2932 || val: loss 0.2011 acc 0.3586 BAL-acc 0.2548 f1 0.1356 | acc[c0]=0.447  acc[c1]=0.007  acc[c2]=0.342  acc[c3]=0.365  acc[c4]=0.139  acc[c5]=0.230 | auc[c0]=0.660  auc[c1]=0.482  auc[c2]=0.785  auc[c3]=0.784  auc[c4]=0.472  auc[c5]=0.737 | macroAUC=0.653 | macroSens=0.255 macroSpec=0.857 | sens[c0]=0.447  sens[c1]=0.007  sens[c2]=0.342  sens[c3]=0.365  sens[c4]=0.139  sens[c5]=0.230 | spec[c0]=0.726  spec[c1]=0.993  spec[c2]=0.798  spec[c3]=0.785  spec[c4]=0.928  spec[c5]=0.909
Confusion matrix (LR val): rows=true, cols=pred
true\pred   ISUP0   ISUP1   ISUP2   ISUP3   ISUP4   ISUP5
    ISUP0    2250      41     979    1028     321     419
    ISUP1     442       8     284     298      91      79
    ISUP2       5       0      79      58      27      62
    ISUP3       2       0      27      42      21      23
    ISUP4       2       0       3       9       5      17
    ISUP5       3       0      12      24      18      17
  ↳ [head] no improvement (1/10)
[HEAD 008] train: loss 1.3859 bacc 0.3698 acc 0.4179 f1 0.2952 || val: loss 0.2002 acc 0.3719 BAL-acc 0.2487 f1 0.1418 | acc[c0]=0.463  acc[c1]=0.011  acc[c2]=0.381  acc[c3]=0.296  acc[c4]=0.139  acc[c5]=0.203 | auc[c0]=0.659  auc[c1]=0.484  auc[c2]=0.812  auc[c3]=0.795  auc[c4]=0.460  auc[c5]=0.705 | macroAUC=0.653 | macroSens=0.249 macroSpec=0.858 | sens[c0]=0.463  sens[c1]=0.011  sens[c2]=0.381  sens[c3]=0.296  sens[c4]=0.139  sens[c5]=0.203 | spec[c0]=0.714  spec[c1]=0.992  spec[c2]=0.827  spec[c3]=0.862  spec[c4]=0.855  spec[c5]=0.895
Confusion matrix (LR val): rows=true, cols=pred
true\pred   ISUP0   ISUP1   ISUP2   ISUP3   ISUP4   ISUP5
    ISUP0    2335      44     798     636     736     489
    ISUP1     461      13     263     204     171      90
    ISUP2       5       0      88      44      26      68
    ISUP3       2       0      34      34      19      26
    ISUP4       2       0       4       5       5      20
    ISUP5       4       0      17      22      16      15
  ↳ [head] no improvement (2/10)
[HEAD 009] train: loss 1.3599 bacc 0.3798 acc 0.4367 f1 0.3072 || val: loss 0.1990 acc 0.3613 BAL-acc 0.2585 f1 0.1475 | acc[c0]=0.438  acc[c1]=0.040  acc[c2]=0.481  acc[c3]=0.278  acc[c4]=0.111  acc[c5]=0.203 | auc[c0]=0.659  auc[c1]=0.486  auc[c2]=0.806  auc[c3]=0.775  auc[c4]=0.456  auc[c5]=0.729 | macroAUC=0.652 | macroSens=0.258 macroSpec=0.857 | sens[c0]=0.438  sens[c1]=0.040  sens[c2]=0.481  sens[c3]=0.278  sens[c4]=0.111  sens[c5]=0.203 | spec[c0]=0.733  spec[c1]=0.958  spec[c2]=0.789  spec[c3]=0.883  spec[c4]=0.894  spec[c5]=0.885
Confusion matrix (LR val): rows=true, cols=pred
true\pred   ISUP0   ISUP1   ISUP2   ISUP3   ISUP4   ISUP5
    ISUP0    2209     230     977     536     544     542
    ISUP1     430      48     317     169     135     103
    ISUP2       5       1     111      39      13      62
    ISUP3       2       0      43      32       7      31
    ISUP4       2       0       4       4       4      22
    ISUP5       4       0      26      19      10      15
  ↳ [head] no improvement (3/10)
[HEAD 010] train: loss 1.3620 bacc 0.3777 acc 0.4396 f1 0.3131 || val: loss 0.1984 acc 0.3696 BAL-acc 0.2464 f1 0.1469 | acc[c0]=0.453  acc[c1]=0.034  acc[c2]=0.416  acc[c3]=0.400  acc[c4]=0.028  acc[c5]=0.149 | auc[c0]=0.660  auc[c1]=0.485  auc[c2]=0.801  auc[c3]=0.809  auc[c4]=0.465  auc[c5]=0.714 | macroAUC=0.656 | macroSens=0.246 macroSpec=0.858 | sens[c0]=0.453  sens[c1]=0.034  sens[c2]=0.416  sens[c3]=0.400  sens[c4]=0.028  sens[c5]=0.149 | spec[c0]=0.726  spec[c1]=0.967  spec[c2]=0.831  spec[c3]=0.782  spec[c4]=0.909  spec[c5]=0.932
Confusion matrix (LR val): rows=true, cols=pred
true\pred   ISUP0   ISUP1   ISUP2   ISUP3   ISUP4   ISUP5
    ISUP0    2280     180     771    1026     463     318
    ISUP1     442      41     257     288     121      53
    ISUP2       5       0      96      73       9      48
    ISUP3       2       0      41      46       9      17
    ISUP4       2       0       6      12       1      15
    ISUP5       4       0      20      34       5      11
  ↳ [head] no improvement (4/10)
[HEAD 011] train: loss 1.3590 bacc 0.3799 acc 0.4171 f1 0.3094 || val: loss 0.1999 acc 0.3401 BAL-acc 0.2420 f1 0.1411 | acc[c0]=0.412  acc[c1]=0.047  acc[c2]=0.372  acc[c3]=0.443  acc[c4]=0.083  acc[c5]=0.095 | auc[c0]=0.659  auc[c1]=0.488  auc[c2]=0.798  auc[c3]=0.795  auc[c4]=0.441  auc[c5]=0.693 | macroAUC=0.646 | macroSens=0.242 macroSpec=0.856 | sens[c0]=0.412  sens[c1]=0.047  sens[c2]=0.372  sens[c3]=0.443  sens[c4]=0.083  sens[c5]=0.095 | spec[c0]=0.753  spec[c1]=0.956  spec[c2]=0.842  spec[c3]=0.693  spec[c4]=0.950  spec[c5]=0.940
Confusion matrix (LR val): rows=true, cols=pred
true\pred   ISUP0   ISUP1   ISUP2   ISUP3   ISUP4   ISUP5
    ISUP0    2074     242     725    1448     243     306
    ISUP1     400      56     240     406      60      40
    ISUP2       3       0      86     107      10      25
    ISUP3       1       0      36      51      10      17
    ISUP4       2       0       5      19       3       7
    ISUP5       4       0      17      38       8       7
  ↳ [head] no improvement (5/10)
[HEAD 012] train: loss 1.3379 bacc 0.3959 acc 0.4405 f1 0.3224 || val: loss 0.2020 acc 0.3595 BAL-acc 0.2459 f1 0.1442 | acc[c0]=0.443  acc[c1]=0.022  acc[c2]=0.429  acc[c3]=0.296  acc[c4]=0.111  acc[c5]=0.176 | auc[c0]=0.660  auc[c1]=0.486  auc[c2]=0.797  auc[c3]=0.765  auc[c4]=0.431  auc[c5]=0.696 | macroAUC=0.639 | macroSens=0.246 macroSpec=0.857 | sens[c0]=0.443  sens[c1]=0.022  sens[c2]=0.429  sens[c3]=0.296  sens[c4]=0.111  sens[c5]=0.176 | spec[c0]=0.732  spec[c1]=0.982  spec[c2]=0.808  spec[c3]=0.883  spec[c4]=0.821  spec[c5]=0.918
Confusion matrix (LR val): rows=true, cols=pred
true\pred   ISUP0   ISUP1   ISUP2   ISUP3   ISUP4   ISUP5
    ISUP0    2231      98     888     527     910     384
    ISUP1     433      26     285     168     221      69
    ISUP2       5       0      99      48      26      53
    ISUP3       2       0      41      34      16      22
    ISUP4       2       0       6       8       4      16
    ISUP5       3       0      22      18      18      13
  ↳ [head] no improvement (6/10)
[HEAD 013] train: loss 1.3224 bacc 0.3960 acc 0.4407 f1 0.3194 || val: loss 0.2014 acc 0.3663 BAL-acc 0.2509 f1 0.1458 | acc[c0]=0.449  acc[c1]=0.039  acc[c2]=0.377  acc[c3]=0.313  acc[c4]=0.111  acc[c5]=0.216 | auc[c0]=0.660  auc[c1]=0.487  auc[c2]=0.788  auc[c3]=0.752  auc[c4]=0.416  auc[c5]=0.715 | macroAUC=0.636 | macroSens=0.251 macroSpec=0.857 | sens[c0]=0.449  sens[c1]=0.039  sens[c2]=0.377  sens[c3]=0.313  sens[c4]=0.111  sens[c5]=0.216 | spec[c0]=0.726  spec[c1]=0.965  spec[c2]=0.818  spec[c3]=0.788  spec[c4]=0.957  spec[c5]=0.889
Confusion matrix (LR val): rows=true, cols=pred
true\pred   ISUP0   ISUP1   ISUP2   ISUP3   ISUP4   ISUP5
    ISUP0    2263     191     853    1024     198     509
    ISUP1     442      47     270     286      47     110
    ISUP2       6       0      87      55      18      65
    ISUP3       2       0      34      36      11      32
    ISUP4       2       0       4       6       4      20
    ISUP5       3       0      18      22      15      16
  ↳ [head] no improvement (7/10)
[HEAD 014] train: loss 1.3213 bacc 0.4021 acc 0.4426 f1 0.3267 || val: loss 0.1998 acc 0.3735 BAL-acc 0.2617 f1 0.1525 | acc[c0]=0.455  acc[c1]=0.047  acc[c2]=0.407  acc[c3]=0.348  acc[c4]=0.111  acc[c5]=0.203 | auc[c0]=0.659  auc[c1]=0.487  auc[c2]=0.779  auc[c3]=0.794  auc[c4]=0.441  auc[c5]=0.703 | macroAUC=0.644 | macroSens=0.262 macroSpec=0.858 | sens[c0]=0.455  sens[c1]=0.047  sens[c2]=0.407  sens[c3]=0.348  sens[c4]=0.111  sens[c5]=0.203 | spec[c0]=0.723  spec[c1]=0.954  spec[c2]=0.796  spec[c3]=0.882  spec[c4]=0.885  spec[c5]=0.906
Confusion matrix (LR val): rows=true, cols=pred
true\pred   ISUP0   ISUP1   ISUP2   ISUP3   ISUP4   ISUP5
    ISUP0    2292     250     960     535     575     426
    ISUP1     446      56     301     166     147      86
    ISUP2       6       0      94      48      17      66
    ISUP3       2       0      35      40      12      26
    ISUP4       2       0       3       6       4      21
    ISUP5       4       0      22      21      12      15
  ↳ [head] new best (val BAL-acc=0.2617) snapshot stored in memory
[HEAD 015] train: loss 1.3097 bacc 0.4065 acc 0.4338 f1 0.3267 || val: loss 0.2007 acc 0.3522 BAL-acc 0.2567 f1 0.1481 | acc[c0]=0.425  acc[c1]=0.062  acc[c2]=0.364  acc[c3]=0.322  acc[c4]=0.111  acc[c5]=0.257 | auc[c0]=0.660  auc[c1]=0.488  auc[c2]=0.773  auc[c3]=0.723  auc[c4]=0.432  auc[c5]=0.738 | macroAUC=0.636 | macroSens=0.257 macroSpec=0.856 | sens[c0]=0.425  sens[c1]=0.062  sens[c2]=0.364  sens[c3]=0.322  sens[c4]=0.111  sens[c5]=0.257 | spec[c0]=0.744  spec[c1]=0.941  spec[c2]=0.812  spec[c3]=0.794  spec[c4]=0.934  spec[c5]=0.912
Confusion matrix (LR val): rows=true, cols=pred
true\pred   ISUP0   ISUP1   ISUP2   ISUP3   ISUP4   ISUP5
    ISUP0    2139     322     888     996     308     385
    ISUP1     414      75     276     274      79      84
    ISUP2       5       0      84      58      23      61
    ISUP3       1       0      32      37      12      33
    ISUP4       2       0       4       7       4      19
    ISUP5       3       0      17      19      16      19
  ↳ [head] no improvement (1/10)
[HEAD 016] train: loss 1.3031 bacc 0.4063 acc 0.4425 f1 0.3323 || val: loss 0.1980 acc 0.3686 BAL-acc 0.2541 f1 0.1518 | acc[c0]=0.446  acc[c1]=0.061  acc[c2]=0.394  acc[c3]=0.365  acc[c4]=0.083  acc[c5]=0.176 | auc[c0]=0.659  auc[c1]=0.489  auc[c2]=0.784  auc[c3]=0.787  auc[c4]=0.476  auc[c5]=0.676 | macroAUC=0.645 | macroSens=0.254 macroSpec=0.856 | sens[c0]=0.446  sens[c1]=0.061  sens[c2]=0.394  sens[c3]=0.365  sens[c4]=0.083  sens[c5]=0.176 | spec[c0]=0.723  spec[c1]=0.937  spec[c2]=0.821  spec[c3]=0.794  spec[c4]=0.977  spec[c5]=0.886
Confusion matrix (LR val): rows=true, cols=pred
true\pred   ISUP0   ISUP1   ISUP2   ISUP3   ISUP4   ISUP5
    ISUP0    2246     346     821     968      99     558
    ISUP1     445      73     275     282      24     103
    ISUP2       6       1      91      69      12      52
    ISUP3       2       0      35      42       9      27
    ISUP4       2       0       6       9       3      16
    ISUP5       4       0      20      29       8      13
  ↳ [head] no improvement (2/10)
[HEAD 017] train: loss 1.3046 bacc 0.4028 acc 0.4333 f1 0.3290 || val: loss 0.2014 acc 0.3375 BAL-acc 0.2424 f1 0.1443 | acc[c0]=0.404  acc[c1]=0.069  acc[c2]=0.385  acc[c3]=0.296  acc[c4]=0.111  acc[c5]=0.189 | auc[c0]=0.660  auc[c1]=0.488  auc[c2]=0.778  auc[c3]=0.785  auc[c4]=0.410  auc[c5]=0.687 | macroAUC=0.635 | macroSens=0.242 macroSpec=0.854 | sens[c0]=0.404  sens[c1]=0.069  sens[c2]=0.385  sens[c3]=0.296  sens[c4]=0.111  sens[c5]=0.189 | spec[c0]=0.747  spec[c1]=0.928  spec[c2]=0.808  spec[c3]=0.875  spec[c4]=0.904  spec[c5]=0.860
Confusion matrix (LR val): rows=true, cols=pred
true\pred   ISUP0   ISUP1   ISUP2   ISUP3   ISUP4   ISUP5
    ISUP0    2036     396     897     545     488     676
    ISUP1     408      83     282     198     103     128
    ISUP2       5       0      89      49      20      68
    ISUP3       2       0      36      34      11      32
    ISUP4       2       0       5       5       4      20
    ISUP5       3       0      19      23      15      14
  ↳ [head] no improvement (3/10)
[HEAD 018] train: loss 1.2976 bacc 0.4083 acc 0.4229 f1 0.3267 || val: loss 0.2027 acc 0.3429 BAL-acc 0.2501 f1 0.1423 | acc[c0]=0.415  acc[c1]=0.050  acc[c2]=0.351  acc[c3]=0.426  acc[c4]=0.083  acc[c5]=0.176 | auc[c0]=0.660  auc[c1]=0.488  auc[c2]=0.772  auc[c3]=0.773  auc[c4]=0.411  auc[c5]=0.694 | macroAUC=0.633 | macroSens=0.250 macroSpec=0.855 | sens[c0]=0.415  sens[c1]=0.050  sens[c2]=0.351  sens[c3]=0.426  sens[c4]=0.083  sens[c5]=0.176 | spec[c0]=0.742  spec[c1]=0.951  spec[c2]=0.824  spec[c3]=0.764  spec[c4]=0.928  spec[c5]=0.919
Confusion matrix (LR val): rows=true, cols=pred
true\pred   ISUP0   ISUP1   ISUP2   ISUP3   ISUP4   ISUP5
    ISUP0    2090     268     828    1115     346     391
    ISUP1     416      60     256     317      87      66
    ISUP2       5       0      81      85      19      41
    ISUP3       1       0      28      49      15      22
    ISUP4       2       0       6       9       3      16
    ISUP5       3       0      18      28      12      13
  ↳ [head] no improvement (4/10)
[HEAD 019] train: loss 1.2791 bacc 0.4224 acc 0.4466 f1 0.3407 || val: loss 0.2006 acc 0.3672 BAL-acc 0.2608 f1 0.1536 | acc[c0]=0.442  acc[c1]=0.069  acc[c2]=0.385  acc[c3]=0.383  acc[c4]=0.083  acc[c5]=0.203 | auc[c0]=0.661  auc[c1]=0.489  auc[c2]=0.782  auc[c3]=0.767  auc[c4]=0.404  auc[c5]=0.718 | macroAUC=0.637 | macroSens=0.261 macroSpec=0.857 | sens[c0]=0.442  sens[c1]=0.069  sens[c2]=0.385  sens[c3]=0.383  sens[c4]=0.083  sens[c5]=0.203 | spec[c0]=0.731  spec[c1]=0.934  spec[c2]=0.822  spec[c3]=0.803  spec[c4]=0.929  spec[c5]=0.923
Confusion matrix (LR val): rows=true, cols=pred
true\pred   ISUP0   ISUP1   ISUP2   ISUP3   ISUP4   ISUP5
    ISUP0    2225     360     827     911     366     349
    ISUP1     434      83     270     277      79      59
    ISUP2       5       0      89      73      10      54
    ISUP3       2       0      33      44       7      29
    ISUP4       2       0       4      10       3      17
    ISUP5       3       0      18      27      11      15
  ↳ [head] no improvement (5/10)
[HEAD 020] train: loss 1.2642 bacc 0.4311 acc 0.4473 f1 0.3443 || val: loss 0.2023 acc 0.3471 BAL-acc 0.2463 f1 0.1466 | acc[c0]=0.420  acc[c1]=0.064  acc[c2]=0.312  acc[c3]=0.313  acc[c4]=0.139  acc[c5]=0.230 | auc[c0]=0.661  auc[c1]=0.488  auc[c2]=0.766  auc[c3]=0.724  auc[c4]=0.433  auc[c5]=0.722 | macroAUC=0.632 | macroSens=0.246 macroSpec=0.855 | sens[c0]=0.420  sens[c1]=0.064  sens[c2]=0.312  sens[c3]=0.313  sens[c4]=0.139  sens[c5]=0.230 | spec[c0]=0.740  spec[c1]=0.933  spec[c2]=0.841  spec[c3]=0.837  spec[c4]=0.867  spec[c5]=0.912
Confusion matrix (LR val): rows=true, cols=pred
true\pred   ISUP0   ISUP1   ISUP2   ISUP3   ISUP4   ISUP5
    ISUP0    2117     369     754     760     655     383
    ISUP1     419      77     237     233     158      78
    ISUP2       5       0      72      51      33      70
    ISUP3       2       0      23      36      22      32
    ISUP4       2       0       2       7       5      20
    ISUP5       3       0      13      20      21      17
  ↳ [head] no improvement (6/10)
[HEAD 021] train: loss 1.2771 bacc 0.4197 acc 0.4360 f1 0.3374 || val: loss 0.2011 acc 0.3548 BAL-acc 0.2484 f1 0.1491 | acc[c0]=0.427  acc[c1]=0.071  acc[c2]=0.368  acc[c3]=0.339  acc[c4]=0.083  acc[c5]=0.203 | auc[c0]=0.661  auc[c1]=0.491  auc[c2]=0.784  auc[c3]=0.739  auc[c4]=0.409  auc[c5]=0.703 | macroAUC=0.631 | macroSens=0.248 macroSpec=0.855 | sens[c0]=0.427  sens[c1]=0.071  sens[c2]=0.368  sens[c3]=0.339  sens[c4]=0.083  sens[c5]=0.203 | spec[c0]=0.732  spec[c1]=0.925  spec[c2]=0.838  spec[c3]=0.780  spec[c4]=0.947  spec[c5]=0.907
Confusion matrix (LR val): rows=true, cols=pred
true\pred   ISUP0   ISUP1   ISUP2   ISUP3   ISUP4   ISUP5
    ISUP0    2149     410     741    1047     261     430
    ISUP1     432      85     251     290      63      81
    ISUP2       6       0      85      73      12      55
    ISUP3       1       0      37      39       7      31
    ISUP4       2       0       3      10       3      18
    ISUP5       3       0      17      30       9      15
  ↳ [head] no improvement (7/10)
[HEAD 022] train: loss 1.2579 bacc 0.4274 acc 0.4430 f1 0.3442 || val: loss 0.2013 acc 0.3275 BAL-acc 0.2470 f1 0.1499 | acc[c0]=0.388  acc[c1]=0.079  acc[c2]=0.416  acc[c3]=0.243  acc[c4]=0.167  acc[c5]=0.189 | auc[c0]=0.658  auc[c1]=0.492  auc[c2]=0.780  auc[c3]=0.725  auc[c4]=0.421  auc[c5]=0.741 | macroAUC=0.636 | macroSens=0.247 macroSpec=0.855 | sens[c0]=0.388  sens[c1]=0.079  sens[c2]=0.416  sens[c3]=0.243  sens[c4]=0.167  sens[c5]=0.189 | spec[c0]=0.768  spec[c1]=0.924  spec[c2]=0.821  spec[c3]=0.891  spec[c4]=0.788  spec[c5]=0.938
Confusion matrix (LR val): rows=true, cols=pred
true\pred   ISUP0   ISUP1   ISUP2   ISUP3   ISUP4   ISUP5
    ISUP0    1954     418     832     485    1070     279
    ISUP1     376      95     266     150     266      49
    ISUP2       3       0      96      64      30      38
    ISUP3       1       0      33      28      22      31
    ISUP4       2       0       7       8       6      13
    ISUP5       2       0      19      13      26      14
  ↳ [head] no improvement (8/10)
[HEAD 023] train: loss 1.2455 bacc 0.4394 acc 0.4215 f1 0.3424 || val: loss 0.2008 acc 0.3505 BAL-acc 0.2488 f1 0.1497 | acc[c0]=0.422  acc[c1]=0.065  acc[c2]=0.385  acc[c3]=0.348  acc[c4]=0.111  acc[c5]=0.162 | auc[c0]=0.659  auc[c1]=0.491  auc[c2]=0.771  auc[c3]=0.741  auc[c4]=0.426  auc[c5]=0.719 | macroAUC=0.635 | macroSens=0.249 macroSpec=0.856 | sens[c0]=0.422  sens[c1]=0.065  sens[c2]=0.385  sens[c3]=0.348  sens[c4]=0.111  sens[c5]=0.162 | spec[c0]=0.744  spec[c1]=0.935  spec[c2]=0.827  spec[c3]=0.801  spec[c4]=0.882  spec[c5]=0.947
Confusion matrix (LR val): rows=true, cols=pred
true\pred   ISUP0   ISUP1   ISUP2   ISUP3   ISUP4   ISUP5
    ISUP0    2124     359     802     926     587     240
    ISUP1     415      78     257     272     140      40
    ISUP2       4       0      89      80      25      33
    ISUP3       1       0      35      40      13      26
    ISUP4       2       0       6      11       4      13
    ISUP5       2       0      19      18      23      12
  ↳ [head] no improvement (9/10)
[HEAD 024] train: loss 1.2454 bacc 0.4437 acc 0.4574 f1 0.3560 || val: loss 0.2001 acc 0.3483 BAL-acc 0.2525 f1 0.1520 | acc[c0]=0.411  acc[c1]=0.090  acc[c2]=0.424  acc[c3]=0.330  acc[c4]=0.083  acc[c5]=0.176 | auc[c0]=0.659  auc[c1]=0.493  auc[c2]=0.780  auc[c3]=0.732  auc[c4]=0.417  auc[c5]=0.730 | macroAUC=0.635 | macroSens=0.252 macroSpec=0.855 | sens[c0]=0.411  sens[c1]=0.090  sens[c2]=0.424  sens[c3]=0.330  sens[c4]=0.083  sens[c5]=0.176 | spec[c0]=0.748  spec[c1]=0.912  spec[c2]=0.812  spec[c3]=0.783  spec[c4]=0.938  spec[c5]=0.939
Confusion matrix (LR val): rows=true, cols=pred
true\pred   ISUP0   ISUP1   ISUP2   ISUP3   ISUP4   ISUP5
    ISUP0    2072     485     868    1042     302     269
    ISUP1     408     108     281     279      76      50
    ISUP2       4       1      98      72      16      40
    ISUP3       1       0      37      38       7      32
    ISUP4       2       0       7      11       3      13
    ISUP5       3       0      23      22      13      13
  ↳ [head] no improvement (10/10)
[head] Early stopping at epoch 24.
[FINAL VAL] loss 0.1998 acc 0.3735 f1 0.1525 | acc[c0]=0.455  acc[c1]=0.047  acc[c2]=0.407  acc[c3]=0.348  acc[c4]=0.111  acc[c5]=0.203 | auc[c0]=0.659  auc[c1]=0.487  auc[c2]=0.779  auc[c3]=0.794  auc[c4]=0.441  auc[c5]=0.703 | macroAUC=0.644 | macroSens=0.262 macroSpec=0.858 | sens[c0]=0.455  sens[c1]=0.047  sens[c2]=0.407  sens[c3]=0.348  sens[c4]=0.111  sens[c5]=0.203 | spec[c0]=0.723  spec[c1]=0.954  spec[c2]=0.796  spec[c3]=0.882  spec[c4]=0.885  spec[c5]=0.906
Confusion matrix (LR val): rows=true, cols=pred
true\pred   ISUP0   ISUP1   ISUP2   ISUP3   ISUP4   ISUP5
    ISUP0    2292     250     960     535     575     426
    ISUP1     446      56     301     166     147      86
    ISUP2       6       0      94      48      17      66
    ISUP3       2       0      35      40      12      26
    ISUP4       2       0       3       6       4      21
    ISUP5       4       0      22      21      12      15

=== Final model: Sensitivity at fixed specificity ===
       class |          AUC |  Sens@Spec40 |  Sens@Spec60 |  Sens@Spec80 |  Sens@Spec90 |  Sens@Spec95 |  Sens@Spec99
          c0 |        0.659 |        0.842 |        0.632 |        0.319 |        0.160 |        0.075 |        0.005
          c1 |        0.487 |        0.561 |        0.379 |        0.207 |        0.105 |        0.053 |        0.012
          c2 |        0.779 |        0.957 |        0.848 |        0.580 |        0.268 |        0.091 |        0.013
          c3 |        0.794 |        0.948 |        0.809 |        0.617 |        0.400 |        0.243 |        0.087
          c4 |        0.441 |        0.472 |        0.361 |        0.194 |        0.167 |        0.111 |        0.056
          c5 |        0.703 |        0.865 |        0.622 |        0.405 |        0.297 |        0.243 |        0.095
       macro |        0.644 |        0.774 |        0.608 |        0.387 |        0.233 |        0.136 |        0.045
[FINAL TEST] loss 0.1917 acc 0.3997 f1 0.1603 | acc[c0]=0.483  acc[c1]=0.057  acc[c2]=0.313  acc[c3]=0.240  acc[c4]=0.333  acc[c5]=0.278 | auc[c0]=0.688  auc[c1]=0.449  auc[c2]=0.714  auc[c3]=0.789  auc[c4]=0.773  auc[c5]=0.758 | macroAUC=0.695 | macroSens=0.284 macroSpec=0.865 | sens[c0]=0.483  sens[c1]=0.057  sens[c2]=0.313  sens[c3]=0.240  sens[c4]=0.333  sens[c5]=0.278 | spec[c0]=0.749  spec[c1]=0.954  spec[c2]=0.788  spec[c3]=0.883  spec[c4]=0.890  spec[c5]=0.924
Confusion matrix (LR val): rows=true, cols=pred
true\pred   ISUP0   ISUP1   ISUP2   ISUP3   ISUP4   ISUP5
    ISUP0    2492     251     984     528     563     338
    ISUP1     368      62     317     162     105      83
    ISUP2      23       5      89      66      43      58
    ISUP3       3       2      51      31      16      26
    ISUP4       2       0      13      11      14       2
    ISUP5       7       1      11      10      10      15

=== Final model: Sensitivity at fixed specificity ===
       class |          AUC |  Sens@Spec40 |  Sens@Spec60 |  Sens@Spec80 |  Sens@Spec90 |  Sens@Spec95 |  Sens@Spec99
          c0 |        0.688 |        0.886 |        0.678 |        0.386 |        0.174 |        0.075 |        0.013
          c1 |        0.449 |        0.509 |        0.345 |        0.181 |        0.101 |        0.051 |        0.007
          c2 |        0.714 |        0.901 |        0.761 |        0.401 |        0.197 |        0.088 |        0.011
          c3 |        0.789 |        0.953 |        0.837 |        0.566 |        0.357 |        0.217 |        0.039
          c4 |        0.773 |        0.881 |        0.810 |        0.643 |        0.429 |        0.357 |        0.214
          c5 |        0.758 |        0.852 |        0.759 |        0.574 |        0.389 |        0.278 |        0.222
       macro |        0.695 |        0.830 |        0.698 |        0.459 |        0.274 |        0.178 |        0.084
wandb: updating run metadata
wandb:                                                                                
wandb: 
wandb: Run history:
wandb:       aux/head/lr ▁▁▁▁▁▁▁▁▁▁▁▁▁▁▁▁▁▁▁▁▁▁▁▁
wandb:    aux/lr_val/acc ▇▇▃▁▁▁▂▃▄▅▅▆▇▇▆█▆█▄▆▅
wandb: aux/lr_val/acc_c0 ██▄▁▁▁▁▂▃▃▃▄▄▄▄▅▄▆▃▄▄
wandb: aux/lr_val/acc_c1 ▁▁▁▁▁▁▁▁▁▁▁▁▁▁▁▁▁▁▁▁▁
wandb: aux/lr_val/acc_c2 ▁▂▄▆▇▇█████████▇▇▆▇█▇
wandb: aux/lr_val/acc_c3 ▁▁▁▁▁▁▁▁▁▁▁▁▁▁▁▁▁▁▁▁▁
wandb: aux/lr_val/acc_c4 ▁▁▁▁▁▁▁▁▁▁▁▁▁▁▁▁▁▁▁▁▁
wandb: aux/lr_val/acc_c5 ▁▁▁▁▁▁▁▁▁▁▁▁▁▁▁▁▁▁▁▁▁
wandb: aux/lr_val/auc_c0 ▁▂▃▄▅▅▅▅▅▆▆▆▆▇▇█▇▇▇▇▇
wandb: aux/lr_val/auc_c1 █▆▇▄▄▃▁▂▁▃▃▅▅▆▇█▇▇█▇█
wandb:               +50 ...
wandb: 
wandb: Run summary:
wandb:       aux/head/lr 1e-05
wandb:    aux/lr_val/acc 0.73507
wandb: aux/lr_val/acc_c0 0.95335
wandb: aux/lr_val/acc_c1 0
wandb: aux/lr_val/acc_c2 0.51515
wandb: aux/lr_val/acc_c3 0
wandb: aux/lr_val/acc_c4 0
wandb: aux/lr_val/acc_c5 0
wandb: aux/lr_val/auc_c0 0.66416
wandb: aux/lr_val/auc_c1 0.54118
wandb:               +50 ...
wandb: 
wandb: 🚀 View run isup3-kl-scope-head_only at: https://wandb.ai/jesande7-queens/MID_DEC_KILLARNEY_NEW_SPIE/runs/ecuhxs15
wandb: ⭐️ View project at: https://wandb.ai/jesande7-queens/MID_DEC_KILLARNEY_NEW_SPIE
wandb: Synced 5 W&B file(s), 0 media file(s), 0 artifact file(s) and 0 other file(s)
wandb: Find logs at: ./wandb/run-20260403_003526-ecuhxs15/logs
