Host: kn074
/project/6106383/ewillis/pca_contrastive/venv/bin/python
Python 3.11.4
Fri Apr  3 00:27:22 2026       
+-----------------------------------------------------------------------------------------+
| NVIDIA-SMI 570.148.08             Driver Version: 570.148.08     CUDA Version: 12.8     |
|-----------------------------------------+------------------------+----------------------+
| GPU  Name                 Persistence-M | Bus-Id          Disp.A | Volatile Uncorr. ECC |
| Fan  Temp   Perf          Pwr:Usage/Cap |           Memory-Usage | GPU-Util  Compute M. |
|                                         |                        |               MIG M. |
|=========================================+========================+======================|
|   0  NVIDIA L40S                    On  |   00000000:65:00.0 Off |                    0 |
| N/A   33C    P8             36W /  350W |       0MiB /  46068MiB |      0%      Default |
|                                         |                        |                  N/A |
+-----------------------------------------+------------------------+----------------------+
                                                                                         
+-----------------------------------------------------------------------------------------+
| Processes:                                                                              |
|  GPU   GI   CI              PID   Type   Process name                        GPU Memory |
|        ID   ID                                                               Usage      |
|=========================================================================================|
|  No running processes found                                                             |
+-----------------------------------------------------------------------------------------+
TRAIN_MODE=kl
OUTDIR_MODE=/home/ewillis/projects/aip-medilab/ewillis/pca_contrastive/mri_model_medsam_finetune_2D/LATEST/SPIE-RESULTS: results_isup3/kl-head_and_proj/kl-head_and_proj
/project/6106383/ewillis/pca_contrastive/venv/lib/python3.11/site-packages/pydantic/_internal/_generate_schema.py:2249: UnsupportedFieldAttributeWarning: The 'repr' attribute with value False was provided to the `Field()` function, which has no effect in the context it was used. 'repr' is field-specific metadata, and can only be attached to a model field using `Annotated` metadata or by assignment. This may have happened because an `Annotated` type alias using the `type` statement was used, or if the `Field()` function was attached to a single member of a union type.
  warnings.warn(
/project/6106383/ewillis/pca_contrastive/venv/lib/python3.11/site-packages/pydantic/_internal/_generate_schema.py:2249: UnsupportedFieldAttributeWarning: The 'frozen' attribute with value True was provided to the `Field()` function, which has no effect in the context it was used. 'frozen' is field-specific metadata, and can only be attached to a model field using `Annotated` metadata or by assignment. This may have happened because an `Annotated` type alias using the `type` statement was used, or if the `Field()` function was attached to a single member of a union type.
  warnings.warn(
SCRIPT: train.py
ARGS: Namespace(train_mode='kl', seed=42, manifest='/project/aip-medilab/shared/picai/manifests/slices_manifest.csv', target='isup3', folds_train='1,2,3', folds_val='0', folds_test='4', batch_size=16, pos_ratio=0.33, use_skip=False, label6_column='merged_ISUP', sam_checkpoint='/project/aip-medilab/ewillis/pca_contrastive/mri_model_medsam_finetune/work_dir/MedSAM/medsam_vit_b.pth', proj_dim=512, histo_dir='/project/aip-medilab/shared/picai/histopathology_encodings/UNI2/projected_512D/embeddings_512', histo_marksheet_dir='/project/aip-medilab/shared/picai/histopathology_encodings/UNI2_splits', provider='all', triplet_epochs=40, triplet_patience=10, triplet_margin=0.2, lr_max_iter=5, head_epochs=40, head_patience=10, stage2_scope='head_and_proj', lr=1e-05, wd=0.0, enc_lr_mult=0.1, patient_col='patient_id', case_col='case_id', outdir='/home/ewillis/projects/aip-medilab/ewillis/pca_contrastive/mri_model_medsam_finetune_2D/LATEST/SPIE-RESULTS: results_isup3/kl-head_and_proj/kl-head_and_proj', wandb=True, wandb_project='MID_DEC_KILLARNEY_NEW_SPIE', wandb_run_name='isup3-kl-scope-head_and_proj')
!!!!!! classes_present [0, 1, 2]
[split-check] #patients: train=885, val=295, test=296
[split-check] patient overlaps: train∩val=0, train∩test=0, val∩test=0
wandb: Currently logged in as: jesande7 (jesande7-queens) to https://api.wandb.ai. Use `wandb login --relogin` to force relogin
wandb: WARNING Changes to your `wandb` environment variables will be ignored because your `wandb` session has already started. For more information on how to modify your settings with `wandb.init()` arguments, please refer to https://wandb.me/wandb-init.
wandb: creating run
wandb: Tracking run with wandb version 0.21.2
wandb: Run data is saved locally in /project/6106383/shared/picai/wandb/run-20260403_002744-081dhfeq
wandb: Run `wandb offline` to turn off syncing.
wandb: Syncing run isup3-kl-scope-head_and_proj
wandb: ⭐️ View project at https://wandb.ai/jesande7-queens/MID_DEC_KILLARNEY_NEW_SPIE
wandb: 🚀 View run at https://wandb.ai/jesande7-queens/MID_DEC_KILLARNEY_NEW_SPIE/runs/081dhfeq
[two_stage] lr=1e-05 wd=0 enc_lr_mult=0.1 margin=0.2
[triplet] lr_proj=1e-05 | lr_enc=1e-06
/project/6106383/ewillis/pca_contrastive/venv/lib/python3.11/site-packages/sklearn/linear_model/_logistic.py:1272: FutureWarning: 'multi_class' was deprecated in version 1.5 and will be removed in 1.7. From then on, it will always use 'multinomial'. Leave it to its default value to avoid this warning.
  warnings.warn(
/project/6106383/ewillis/pca_contrastive/venv/lib/python3.11/site-packages/sklearn/linear_model/_logistic.py:473: ConvergenceWarning: lbfgs failed to converge after 5 iteration(s) (status=1):
STOP: TOTAL NO. OF ITERATIONS REACHED LIMIT

Increase the number of iterations to improve the convergence (max_iter=5).
You might also want to scale the data as shown in:
    https://scikit-learn.org/stable/modules/preprocessing.html
Please also refer to the documentation for alternative solver options:
    https://scikit-learn.org/stable/modules/linear_model.html#logistic-regression
  n_iter_i = _check_optimize_result(
  ↳ [triplet] new best (val BAL-acc=0.4284) snapshot stored in memory
/project/6106383/ewillis/pca_contrastive/venv/lib/python3.11/site-packages/sklearn/linear_model/_logistic.py:1272: FutureWarning: 'multi_class' was deprecated in version 1.5 and will be removed in 1.7. From then on, it will always use 'multinomial'. Leave it to its default value to avoid this warning.
  warnings.warn(
/project/6106383/ewillis/pca_contrastive/venv/lib/python3.11/site-packages/sklearn/linear_model/_logistic.py:473: ConvergenceWarning: lbfgs failed to converge after 5 iteration(s) (status=1):
STOP: TOTAL NO. OF ITERATIONS REACHED LIMIT

Increase the number of iterations to improve the convergence (max_iter=5).
You might also want to scale the data as shown in:
    https://scikit-learn.org/stable/modules/preprocessing.html
Please also refer to the documentation for alternative solver options:
    https://scikit-learn.org/stable/modules/linear_model.html#logistic-regression
  n_iter_i = _check_optimize_result(
  ↳ [triplet] new best (val BAL-acc=0.4914) snapshot stored in memory
/project/6106383/ewillis/pca_contrastive/venv/lib/python3.11/site-packages/sklearn/linear_model/_logistic.py:1272: FutureWarning: 'multi_class' was deprecated in version 1.5 and will be removed in 1.7. From then on, it will always use 'multinomial'. Leave it to its default value to avoid this warning.
  warnings.warn(
/project/6106383/ewillis/pca_contrastive/venv/lib/python3.11/site-packages/sklearn/linear_model/_logistic.py:473: ConvergenceWarning: lbfgs failed to converge after 5 iteration(s) (status=1):
STOP: TOTAL NO. OF ITERATIONS REACHED LIMIT

Increase the number of iterations to improve the convergence (max_iter=5).
You might also want to scale the data as shown in:
    https://scikit-learn.org/stable/modules/preprocessing.html
Please also refer to the documentation for alternative solver options:
    https://scikit-learn.org/stable/modules/linear_model.html#logistic-regression
  n_iter_i = _check_optimize_result(
  ↳ [triplet] new best (val BAL-acc=0.5038) snapshot stored in memory
/project/6106383/ewillis/pca_contrastive/venv/lib/python3.11/site-packages/sklearn/linear_model/_logistic.py:1272: FutureWarning: 'multi_class' was deprecated in version 1.5 and will be removed in 1.7. From then on, it will always use 'multinomial'. Leave it to its default value to avoid this warning.
  warnings.warn(
/project/6106383/ewillis/pca_contrastive/venv/lib/python3.11/site-packages/sklearn/linear_model/_logistic.py:473: ConvergenceWarning: lbfgs failed to converge after 5 iteration(s) (status=1):
STOP: TOTAL NO. OF ITERATIONS REACHED LIMIT

Increase the number of iterations to improve the convergence (max_iter=5).
You might also want to scale the data as shown in:
    https://scikit-learn.org/stable/modules/preprocessing.html
Please also refer to the documentation for alternative solver options:
    https://scikit-learn.org/stable/modules/linear_model.html#logistic-regression
  n_iter_i = _check_optimize_result(
  ↳ [triplet] no improvement (1/10)
/project/6106383/ewillis/pca_contrastive/venv/lib/python3.11/site-packages/sklearn/linear_model/_logistic.py:1272: FutureWarning: 'multi_class' was deprecated in version 1.5 and will be removed in 1.7. From then on, it will always use 'multinomial'. Leave it to its default value to avoid this warning.
  warnings.warn(
/project/6106383/ewillis/pca_contrastive/venv/lib/python3.11/site-packages/sklearn/linear_model/_logistic.py:473: ConvergenceWarning: lbfgs failed to converge after 5 iteration(s) (status=1):
STOP: TOTAL NO. OF ITERATIONS REACHED LIMIT

Increase the number of iterations to improve the convergence (max_iter=5).
You might also want to scale the data as shown in:
    https://scikit-learn.org/stable/modules/preprocessing.html
Please also refer to the documentation for alternative solver options:
    https://scikit-learn.org/stable/modules/linear_model.html#logistic-regression
  n_iter_i = _check_optimize_result(
  ↳ [triplet] new best (val BAL-acc=0.5154) snapshot stored in memory
/project/6106383/ewillis/pca_contrastive/venv/lib/python3.11/site-packages/sklearn/linear_model/_logistic.py:1272: FutureWarning: 'multi_class' was deprecated in version 1.5 and will be removed in 1.7. From then on, it will always use 'multinomial'. Leave it to its default value to avoid this warning.
  warnings.warn(
/project/6106383/ewillis/pca_contrastive/venv/lib/python3.11/site-packages/sklearn/linear_model/_logistic.py:473: ConvergenceWarning: lbfgs failed to converge after 5 iteration(s) (status=1):
STOP: TOTAL NO. OF ITERATIONS REACHED LIMIT

Increase the number of iterations to improve the convergence (max_iter=5).
You might also want to scale the data as shown in:
    https://scikit-learn.org/stable/modules/preprocessing.html
Please also refer to the documentation for alternative solver options:
    https://scikit-learn.org/stable/modules/linear_model.html#logistic-regression
  n_iter_i = _check_optimize_result(
  ↳ [triplet] no improvement (1/10)
/project/6106383/ewillis/pca_contrastive/venv/lib/python3.11/site-packages/sklearn/linear_model/_logistic.py:1272: FutureWarning: 'multi_class' was deprecated in version 1.5 and will be removed in 1.7. From then on, it will always use 'multinomial'. Leave it to its default value to avoid this warning.
  warnings.warn(
/project/6106383/ewillis/pca_contrastive/venv/lib/python3.11/site-packages/sklearn/linear_model/_logistic.py:473: ConvergenceWarning: lbfgs failed to converge after 5 iteration(s) (status=1):
STOP: TOTAL NO. OF ITERATIONS REACHED LIMIT

Increase the number of iterations to improve the convergence (max_iter=5).
You might also want to scale the data as shown in:
    https://scikit-learn.org/stable/modules/preprocessing.html
Please also refer to the documentation for alternative solver options:
    https://scikit-learn.org/stable/modules/linear_model.html#logistic-regression
  n_iter_i = _check_optimize_result(
  ↳ [triplet] no improvement (2/10)
/project/6106383/ewillis/pca_contrastive/venv/lib/python3.11/site-packages/sklearn/linear_model/_logistic.py:1272: FutureWarning: 'multi_class' was deprecated in version 1.5 and will be removed in 1.7. From then on, it will always use 'multinomial'. Leave it to its default value to avoid this warning.
  warnings.warn(
/project/6106383/ewillis/pca_contrastive/venv/lib/python3.11/site-packages/sklearn/linear_model/_logistic.py:473: ConvergenceWarning: lbfgs failed to converge after 5 iteration(s) (status=1):
STOP: TOTAL NO. OF ITERATIONS REACHED LIMIT

Increase the number of iterations to improve the convergence (max_iter=5).
You might also want to scale the data as shown in:
    https://scikit-learn.org/stable/modules/preprocessing.html
Please also refer to the documentation for alternative solver options:
    https://scikit-learn.org/stable/modules/linear_model.html#logistic-regression
  n_iter_i = _check_optimize_result(
  ↳ [triplet] new best (val BAL-acc=0.5191) snapshot stored in memory
/project/6106383/ewillis/pca_contrastive/venv/lib/python3.11/site-packages/sklearn/linear_model/_logistic.py:1272: FutureWarning: 'multi_class' was deprecated in version 1.5 and will be removed in 1.7. From then on, it will always use 'multinomial'. Leave it to its default value to avoid this warning.
  warnings.warn(
/project/6106383/ewillis/pca_contrastive/venv/lib/python3.11/site-packages/sklearn/linear_model/_logistic.py:473: ConvergenceWarning: lbfgs failed to converge after 5 iteration(s) (status=1):
STOP: TOTAL NO. OF ITERATIONS REACHED LIMIT

Increase the number of iterations to improve the convergence (max_iter=5).
You might also want to scale the data as shown in:
    https://scikit-learn.org/stable/modules/preprocessing.html
Please also refer to the documentation for alternative solver options:
    https://scikit-learn.org/stable/modules/linear_model.html#logistic-regression
  n_iter_i = _check_optimize_result(
  ↳ [triplet] no improvement (1/10)
/project/6106383/ewillis/pca_contrastive/venv/lib/python3.11/site-packages/sklearn/linear_model/_logistic.py:1272: FutureWarning: 'multi_class' was deprecated in version 1.5 and will be removed in 1.7. From then on, it will always use 'multinomial'. Leave it to its default value to avoid this warning.
  warnings.warn(
/project/6106383/ewillis/pca_contrastive/venv/lib/python3.11/site-packages/sklearn/linear_model/_logistic.py:473: ConvergenceWarning: lbfgs failed to converge after 5 iteration(s) (status=1):
STOP: TOTAL NO. OF ITERATIONS REACHED LIMIT

Increase the number of iterations to improve the convergence (max_iter=5).
You might also want to scale the data as shown in:
    https://scikit-learn.org/stable/modules/preprocessing.html
Please also refer to the documentation for alternative solver options:
    https://scikit-learn.org/stable/modules/linear_model.html#logistic-regression
  n_iter_i = _check_optimize_result(
  ↳ [triplet] no improvement (2/10)
/project/6106383/ewillis/pca_contrastive/venv/lib/python3.11/site-packages/sklearn/linear_model/_logistic.py:1272: FutureWarning: 'multi_class' was deprecated in version 1.5 and will be removed in 1.7. From then on, it will always use 'multinomial'. Leave it to its default value to avoid this warning.
  warnings.warn(
/project/6106383/ewillis/pca_contrastive/venv/lib/python3.11/site-packages/sklearn/linear_model/_logistic.py:473: ConvergenceWarning: lbfgs failed to converge after 5 iteration(s) (status=1):
STOP: TOTAL NO. OF ITERATIONS REACHED LIMIT

Increase the number of iterations to improve the convergence (max_iter=5).
You might also want to scale the data as shown in:
    https://scikit-learn.org/stable/modules/preprocessing.html
Please also refer to the documentation for alternative solver options:
    https://scikit-learn.org/stable/modules/linear_model.html#logistic-regression
  n_iter_i = _check_optimize_result(
  ↳ [triplet] no improvement (3/10)
/project/6106383/ewillis/pca_contrastive/venv/lib/python3.11/site-packages/sklearn/linear_model/_logistic.py:1272: FutureWarning: 'multi_class' was deprecated in version 1.5 and will be removed in 1.7. From then on, it will always use 'multinomial'. Leave it to its default value to avoid this warning.
  warnings.warn(
/project/6106383/ewillis/pca_contrastive/venv/lib/python3.11/site-packages/sklearn/linear_model/_logistic.py:473: ConvergenceWarning: lbfgs failed to converge after 5 iteration(s) (status=1):
STOP: TOTAL NO. OF ITERATIONS REACHED LIMIT

Increase the number of iterations to improve the convergence (max_iter=5).
You might also want to scale the data as shown in:
    https://scikit-learn.org/stable/modules/preprocessing.html
Please also refer to the documentation for alternative solver options:
    https://scikit-learn.org/stable/modules/linear_model.html#logistic-regression
  n_iter_i = _check_optimize_result(
  ↳ [triplet] no improvement (4/10)
/project/6106383/ewillis/pca_contrastive/venv/lib/python3.11/site-packages/sklearn/linear_model/_logistic.py:1272: FutureWarning: 'multi_class' was deprecated in version 1.5 and will be removed in 1.7. From then on, it will always use 'multinomial'. Leave it to its default value to avoid this warning.
  warnings.warn(
/project/6106383/ewillis/pca_contrastive/venv/lib/python3.11/site-packages/sklearn/linear_model/_logistic.py:473: ConvergenceWarning: lbfgs failed to converge after 5 iteration(s) (status=1):
STOP: TOTAL NO. OF ITERATIONS REACHED LIMIT

Increase the number of iterations to improve the convergence (max_iter=5).
You might also want to scale the data as shown in:
    https://scikit-learn.org/stable/modules/preprocessing.html
Please also refer to the documentation for alternative solver options:
    https://scikit-learn.org/stable/modules/linear_model.html#logistic-regression
  n_iter_i = _check_optimize_result(
  ↳ [triplet] no improvement (5/10)
/project/6106383/ewillis/pca_contrastive/venv/lib/python3.11/site-packages/sklearn/linear_model/_logistic.py:1272: FutureWarning: 'multi_class' was deprecated in version 1.5 and will be removed in 1.7. From then on, it will always use 'multinomial'. Leave it to its default value to avoid this warning.
  warnings.warn(
/project/6106383/ewillis/pca_contrastive/venv/lib/python3.11/site-packages/sklearn/linear_model/_logistic.py:473: ConvergenceWarning: lbfgs failed to converge after 5 iteration(s) (status=1):
STOP: TOTAL NO. OF ITERATIONS REACHED LIMIT

Increase the number of iterations to improve the convergence (max_iter=5).
You might also want to scale the data as shown in:
    https://scikit-learn.org/stable/modules/preprocessing.html
Please also refer to the documentation for alternative solver options:
    https://scikit-learn.org/stable/modules/linear_model.html#logistic-regression
  n_iter_i = _check_optimize_result(
  ↳ [triplet] new best (val BAL-acc=0.5199) snapshot stored in memory
/project/6106383/ewillis/pca_contrastive/venv/lib/python3.11/site-packages/sklearn/linear_model/_logistic.py:1272: FutureWarning: 'multi_class' was deprecated in version 1.5 and will be removed in 1.7. From then on, it will always use 'multinomial'. Leave it to its default value to avoid this warning.
  warnings.warn(
/project/6106383/ewillis/pca_contrastive/venv/lib/python3.11/site-packages/sklearn/linear_model/_logistic.py:473: ConvergenceWarning: lbfgs failed to converge after 5 iteration(s) (status=1):
STOP: TOTAL NO. OF ITERATIONS REACHED LIMIT

Increase the number of iterations to improve the convergence (max_iter=5).
You might also want to scale the data as shown in:
    https://scikit-learn.org/stable/modules/preprocessing.html
Please also refer to the documentation for alternative solver options:
    https://scikit-learn.org/stable/modules/linear_model.html#logistic-regression
  n_iter_i = _check_optimize_result(
  ↳ [triplet] new best (val BAL-acc=0.5255) snapshot stored in memory
/project/6106383/ewillis/pca_contrastive/venv/lib/python3.11/site-packages/sklearn/linear_model/_logistic.py:1272: FutureWarning: 'multi_class' was deprecated in version 1.5 and will be removed in 1.7. From then on, it will always use 'multinomial'. Leave it to its default value to avoid this warning.
  warnings.warn(
/project/6106383/ewillis/pca_contrastive/venv/lib/python3.11/site-packages/sklearn/linear_model/_logistic.py:473: ConvergenceWarning: lbfgs failed to converge after 5 iteration(s) (status=1):
STOP: TOTAL NO. OF ITERATIONS REACHED LIMIT

Increase the number of iterations to improve the convergence (max_iter=5).
You might also want to scale the data as shown in:
    https://scikit-learn.org/stable/modules/preprocessing.html
Please also refer to the documentation for alternative solver options:
    https://scikit-learn.org/stable/modules/linear_model.html#logistic-regression
  n_iter_i = _check_optimize_result(
  ↳ [triplet] new best (val BAL-acc=0.5260) snapshot stored in memory
/project/6106383/ewillis/pca_contrastive/venv/lib/python3.11/site-packages/sklearn/linear_model/_logistic.py:1272: FutureWarning: 'multi_class' was deprecated in version 1.5 and will be removed in 1.7. From then on, it will always use 'multinomial'. Leave it to its default value to avoid this warning.
  warnings.warn(
/project/6106383/ewillis/pca_contrastive/venv/lib/python3.11/site-packages/sklearn/linear_model/_logistic.py:473: ConvergenceWarning: lbfgs failed to converge after 5 iteration(s) (status=1):
STOP: TOTAL NO. OF ITERATIONS REACHED LIMIT

Increase the number of iterations to improve the convergence (max_iter=5).
You might also want to scale the data as shown in:
    https://scikit-learn.org/stable/modules/preprocessing.html
Please also refer to the documentation for alternative solver options:
    https://scikit-learn.org/stable/modules/linear_model.html#logistic-regression
  n_iter_i = _check_optimize_result(
  ↳ [triplet] no improvement (1/10)
/project/6106383/ewillis/pca_contrastive/venv/lib/python3.11/site-packages/sklearn/linear_model/_logistic.py:1272: FutureWarning: 'multi_class' was deprecated in version 1.5 and will be removed in 1.7. From then on, it will always use 'multinomial'. Leave it to its default value to avoid this warning.
  warnings.warn(
/project/6106383/ewillis/pca_contrastive/venv/lib/python3.11/site-packages/sklearn/linear_model/_logistic.py:473: ConvergenceWarning: lbfgs failed to converge after 5 iteration(s) (status=1):
STOP: TOTAL NO. OF ITERATIONS REACHED LIMIT

Increase the number of iterations to improve the convergence (max_iter=5).
You might also want to scale the data as shown in:
    https://scikit-learn.org/stable/modules/preprocessing.html
Please also refer to the documentation for alternative solver options:
    https://scikit-learn.org/stable/modules/linear_model.html#logistic-regression
  n_iter_i = _check_optimize_result(
  ↳ [triplet] new best (val BAL-acc=0.5276) snapshot stored in memory
/project/6106383/ewillis/pca_contrastive/venv/lib/python3.11/site-packages/sklearn/linear_model/_logistic.py:1272: FutureWarning: 'multi_class' was deprecated in version 1.5 and will be removed in 1.7. From then on, it will always use 'multinomial'. Leave it to its default value to avoid this warning.
  warnings.warn(
/project/6106383/ewillis/pca_contrastive/venv/lib/python3.11/site-packages/sklearn/linear_model/_logistic.py:473: ConvergenceWarning: lbfgs failed to converge after 5 iteration(s) (status=1):
STOP: TOTAL NO. OF ITERATIONS REACHED LIMIT

Increase the number of iterations to improve the convergence (max_iter=5).
You might also want to scale the data as shown in:
    https://scikit-learn.org/stable/modules/preprocessing.html
Please also refer to the documentation for alternative solver options:
    https://scikit-learn.org/stable/modules/linear_model.html#logistic-regression
  n_iter_i = _check_optimize_result(
  ↳ [triplet] no improvement (1/10)
/project/6106383/ewillis/pca_contrastive/venv/lib/python3.11/site-packages/sklearn/linear_model/_logistic.py:1272: FutureWarning: 'multi_class' was deprecated in version 1.5 and will be removed in 1.7. From then on, it will always use 'multinomial'. Leave it to its default value to avoid this warning.
  warnings.warn(
/project/6106383/ewillis/pca_contrastive/venv/lib/python3.11/site-packages/sklearn/linear_model/_logistic.py:473: ConvergenceWarning: lbfgs failed to converge after 5 iteration(s) (status=1):
STOP: TOTAL NO. OF ITERATIONS REACHED LIMIT

Increase the number of iterations to improve the convergence (max_iter=5).
You might also want to scale the data as shown in:
    https://scikit-learn.org/stable/modules/preprocessing.html
Please also refer to the documentation for alternative solver options:
    https://scikit-learn.org/stable/modules/linear_model.html#logistic-regression
  n_iter_i = _check_optimize_result(
  ↳ [triplet] new best (val BAL-acc=0.5279) snapshot stored in memory
/project/6106383/ewillis/pca_contrastive/venv/lib/python3.11/site-packages/sklearn/linear_model/_logistic.py:1272: FutureWarning: 'multi_class' was deprecated in version 1.5 and will be removed in 1.7. From then on, it will always use 'multinomial'. Leave it to its default value to avoid this warning.
  warnings.warn(
/project/6106383/ewillis/pca_contrastive/venv/lib/python3.11/site-packages/sklearn/linear_model/_logistic.py:473: ConvergenceWarning: lbfgs failed to converge after 5 iteration(s) (status=1):
STOP: TOTAL NO. OF ITERATIONS REACHED LIMIT

Increase the number of iterations to improve the convergence (max_iter=5).
You might also want to scale the data as shown in:
    https://scikit-learn.org/stable/modules/preprocessing.html
Please also refer to the documentation for alternative solver options:
    https://scikit-learn.org/stable/modules/linear_model.html#logistic-regression
  n_iter_i = _check_optimize_result(
  ↳ [triplet] no improvement (1/10)
/project/6106383/ewillis/pca_contrastive/venv/lib/python3.11/site-packages/sklearn/linear_model/_logistic.py:1272: FutureWarning: 'multi_class' was deprecated in version 1.5 and will be removed in 1.7. From then on, it will always use 'multinomial'. Leave it to its default value to avoid this warning.
  warnings.warn(
/project/6106383/ewillis/pca_contrastive/venv/lib/python3.11/site-packages/sklearn/linear_model/_logistic.py:473: ConvergenceWarning: lbfgs failed to converge after 5 iteration(s) (status=1):
STOP: TOTAL NO. OF ITERATIONS REACHED LIMIT

Increase the number of iterations to improve the convergence (max_iter=5).
You might also want to scale the data as shown in:
    https://scikit-learn.org/stable/modules/preprocessing.html
Please also refer to the documentation for alternative solver options:
    https://scikit-learn.org/stable/modules/linear_model.html#logistic-regression
  n_iter_i = _check_optimize_result(
  ↳ [triplet] no improvement (2/10)
/project/6106383/ewillis/pca_contrastive/venv/lib/python3.11/site-packages/sklearn/linear_model/_logistic.py:1272: FutureWarning: 'multi_class' was deprecated in version 1.5 and will be removed in 1.7. From then on, it will always use 'multinomial'. Leave it to its default value to avoid this warning.
  warnings.warn(
/project/6106383/ewillis/pca_contrastive/venv/lib/python3.11/site-packages/sklearn/linear_model/_logistic.py:473: ConvergenceWarning: lbfgs failed to converge after 5 iteration(s) (status=1):
STOP: TOTAL NO. OF ITERATIONS REACHED LIMIT

Increase the number of iterations to improve the convergence (max_iter=5).
You might also want to scale the data as shown in:
    https://scikit-learn.org/stable/modules/preprocessing.html
Please also refer to the documentation for alternative solver options:
    https://scikit-learn.org/stable/modules/linear_model.html#logistic-regression
  n_iter_i = _check_optimize_result(
  ↳ [triplet] no improvement (3/10)
/project/6106383/ewillis/pca_contrastive/venv/lib/python3.11/site-packages/sklearn/linear_model/_logistic.py:1272: FutureWarning: 'multi_class' was deprecated in version 1.5 and will be removed in 1.7. From then on, it will always use 'multinomial'. Leave it to its default value to avoid this warning.
  warnings.warn(
/project/6106383/ewillis/pca_contrastive/venv/lib/python3.11/site-packages/sklearn/linear_model/_logistic.py:473: ConvergenceWarning: lbfgs failed to converge after 5 iteration(s) (status=1):
STOP: TOTAL NO. OF ITERATIONS REACHED LIMIT

Increase the number of iterations to improve the convergence (max_iter=5).
You might also want to scale the data as shown in:
    https://scikit-learn.org/stable/modules/preprocessing.html
Please also refer to the documentation for alternative solver options:
    https://scikit-learn.org/stable/modules/linear_model.html#logistic-regression
  n_iter_i = _check_optimize_result(
  ↳ [triplet] new best (val BAL-acc=0.5323) snapshot stored in memory
/project/6106383/ewillis/pca_contrastive/venv/lib/python3.11/site-packages/sklearn/linear_model/_logistic.py:1272: FutureWarning: 'multi_class' was deprecated in version 1.5 and will be removed in 1.7. From then on, it will always use 'multinomial'. Leave it to its default value to avoid this warning.
  warnings.warn(
/project/6106383/ewillis/pca_contrastive/venv/lib/python3.11/site-packages/sklearn/linear_model/_logistic.py:473: ConvergenceWarning: lbfgs failed to converge after 5 iteration(s) (status=1):
STOP: TOTAL NO. OF ITERATIONS REACHED LIMIT

Increase the number of iterations to improve the convergence (max_iter=5).
You might also want to scale the data as shown in:
    https://scikit-learn.org/stable/modules/preprocessing.html
Please also refer to the documentation for alternative solver options:
    https://scikit-learn.org/stable/modules/linear_model.html#logistic-regression
  n_iter_i = _check_optimize_result(
  ↳ [triplet] new best (val BAL-acc=0.5384) snapshot stored in memory
/project/6106383/ewillis/pca_contrastive/venv/lib/python3.11/site-packages/sklearn/linear_model/_logistic.py:1272: FutureWarning: 'multi_class' was deprecated in version 1.5 and will be removed in 1.7. From then on, it will always use 'multinomial'. Leave it to its default value to avoid this warning.
  warnings.warn(
/project/6106383/ewillis/pca_contrastive/venv/lib/python3.11/site-packages/sklearn/linear_model/_logistic.py:473: ConvergenceWarning: lbfgs failed to converge after 5 iteration(s) (status=1):
STOP: TOTAL NO. OF ITERATIONS REACHED LIMIT

Increase the number of iterations to improve the convergence (max_iter=5).
You might also want to scale the data as shown in:
    https://scikit-learn.org/stable/modules/preprocessing.html
Please also refer to the documentation for alternative solver options:
    https://scikit-learn.org/stable/modules/linear_model.html#logistic-regression
  n_iter_i = _check_optimize_result(
  ↳ [triplet] no improvement (1/10)
/project/6106383/ewillis/pca_contrastive/venv/lib/python3.11/site-packages/sklearn/linear_model/_logistic.py:1272: FutureWarning: 'multi_class' was deprecated in version 1.5 and will be removed in 1.7. From then on, it will always use 'multinomial'. Leave it to its default value to avoid this warning.
  warnings.warn(
/project/6106383/ewillis/pca_contrastive/venv/lib/python3.11/site-packages/sklearn/linear_model/_logistic.py:473: ConvergenceWarning: lbfgs failed to converge after 5 iteration(s) (status=1):
STOP: TOTAL NO. OF ITERATIONS REACHED LIMIT

Increase the number of iterations to improve the convergence (max_iter=5).
You might also want to scale the data as shown in:
    https://scikit-learn.org/stable/modules/preprocessing.html
Please also refer to the documentation for alternative solver options:
    https://scikit-learn.org/stable/modules/linear_model.html#logistic-regression
  n_iter_i = _check_optimize_result(
  ↳ [triplet] no improvement (2/10)
/project/6106383/ewillis/pca_contrastive/venv/lib/python3.11/site-packages/sklearn/linear_model/_logistic.py:1272: FutureWarning: 'multi_class' was deprecated in version 1.5 and will be removed in 1.7. From then on, it will always use 'multinomial'. Leave it to its default value to avoid this warning.
  warnings.warn(
/project/6106383/ewillis/pca_contrastive/venv/lib/python3.11/site-packages/sklearn/linear_model/_logistic.py:473: ConvergenceWarning: lbfgs failed to converge after 5 iteration(s) (status=1):
STOP: TOTAL NO. OF ITERATIONS REACHED LIMIT

Increase the number of iterations to improve the convergence (max_iter=5).
You might also want to scale the data as shown in:
    https://scikit-learn.org/stable/modules/preprocessing.html
Please also refer to the documentation for alternative solver options:
    https://scikit-learn.org/stable/modules/linear_model.html#logistic-regression
  n_iter_i = _check_optimize_result(
  ↳ [triplet] new best (val BAL-acc=0.5504) snapshot stored in memory
/project/6106383/ewillis/pca_contrastive/venv/lib/python3.11/site-packages/sklearn/linear_model/_logistic.py:1272: FutureWarning: 'multi_class' was deprecated in version 1.5 and will be removed in 1.7. From then on, it will always use 'multinomial'. Leave it to its default value to avoid this warning.
  warnings.warn(
/project/6106383/ewillis/pca_contrastive/venv/lib/python3.11/site-packages/sklearn/linear_model/_logistic.py:473: ConvergenceWarning: lbfgs failed to converge after 5 iteration(s) (status=1):
STOP: TOTAL NO. OF ITERATIONS REACHED LIMIT

Increase the number of iterations to improve the convergence (max_iter=5).
You might also want to scale the data as shown in:
    https://scikit-learn.org/stable/modules/preprocessing.html
Please also refer to the documentation for alternative solver options:
    https://scikit-learn.org/stable/modules/linear_model.html#logistic-regression
  n_iter_i = _check_optimize_result(
  ↳ [triplet] no improvement (1/10)
/project/6106383/ewillis/pca_contrastive/venv/lib/python3.11/site-packages/sklearn/linear_model/_logistic.py:1272: FutureWarning: 'multi_class' was deprecated in version 1.5 and will be removed in 1.7. From then on, it will always use 'multinomial'. Leave it to its default value to avoid this warning.
  warnings.warn(
/project/6106383/ewillis/pca_contrastive/venv/lib/python3.11/site-packages/sklearn/linear_model/_logistic.py:473: ConvergenceWarning: lbfgs failed to converge after 5 iteration(s) (status=1):
STOP: TOTAL NO. OF ITERATIONS REACHED LIMIT

Increase the number of iterations to improve the convergence (max_iter=5).
You might also want to scale the data as shown in:
    https://scikit-learn.org/stable/modules/preprocessing.html
Please also refer to the documentation for alternative solver options:
    https://scikit-learn.org/stable/modules/linear_model.html#logistic-regression
  n_iter_i = _check_optimize_result(
  ↳ [triplet] no improvement (2/10)
/project/6106383/ewillis/pca_contrastive/venv/lib/python3.11/site-packages/sklearn/linear_model/_logistic.py:1272: FutureWarning: 'multi_class' was deprecated in version 1.5 and will be removed in 1.7. From then on, it will always use 'multinomial'. Leave it to its default value to avoid this warning.
  warnings.warn(
/project/6106383/ewillis/pca_contrastive/venv/lib/python3.11/site-packages/sklearn/linear_model/_logistic.py:473: ConvergenceWarning: lbfgs failed to converge after 5 iteration(s) (status=1):
STOP: TOTAL NO. OF ITERATIONS REACHED LIMIT

Increase the number of iterations to improve the convergence (max_iter=5).
You might also want to scale the data as shown in:
    https://scikit-learn.org/stable/modules/preprocessing.html
Please also refer to the documentation for alternative solver options:
    https://scikit-learn.org/stable/modules/linear_model.html#logistic-regression
  n_iter_i = _check_optimize_result(
  ↳ [triplet] no improvement (3/10)
/project/6106383/ewillis/pca_contrastive/venv/lib/python3.11/site-packages/sklearn/linear_model/_logistic.py:1272: FutureWarning: 'multi_class' was deprecated in version 1.5 and will be removed in 1.7. From then on, it will always use 'multinomial'. Leave it to its default value to avoid this warning.
  warnings.warn(
/project/6106383/ewillis/pca_contrastive/venv/lib/python3.11/site-packages/sklearn/linear_model/_logistic.py:473: ConvergenceWarning: lbfgs failed to converge after 5 iteration(s) (status=1):
STOP: TOTAL NO. OF ITERATIONS REACHED LIMIT

Increase the number of iterations to improve the convergence (max_iter=5).
You might also want to scale the data as shown in:
    https://scikit-learn.org/stable/modules/preprocessing.html
Please also refer to the documentation for alternative solver options:
    https://scikit-learn.org/stable/modules/linear_model.html#logistic-regression
  n_iter_i = _check_optimize_result(
  ↳ [triplet] no improvement (4/10)
/project/6106383/ewillis/pca_contrastive/venv/lib/python3.11/site-packages/sklearn/linear_model/_logistic.py:1272: FutureWarning: 'multi_class' was deprecated in version 1.5 and will be removed in 1.7. From then on, it will always use 'multinomial'. Leave it to its default value to avoid this warning.
  warnings.warn(
/project/6106383/ewillis/pca_contrastive/venv/lib/python3.11/site-packages/sklearn/linear_model/_logistic.py:473: ConvergenceWarning: lbfgs failed to converge after 5 iteration(s) (status=1):
STOP: TOTAL NO. OF ITERATIONS REACHED LIMIT

Increase the number of iterations to improve the convergence (max_iter=5).
You might also want to scale the data as shown in:
    https://scikit-learn.org/stable/modules/preprocessing.html
Please also refer to the documentation for alternative solver options:
    https://scikit-learn.org/stable/modules/linear_model.html#logistic-regression
  n_iter_i = _check_optimize_result(
  ↳ [triplet] no improvement (5/10)
/project/6106383/ewillis/pca_contrastive/venv/lib/python3.11/site-packages/sklearn/linear_model/_logistic.py:1272: FutureWarning: 'multi_class' was deprecated in version 1.5 and will be removed in 1.7. From then on, it will always use 'multinomial'. Leave it to its default value to avoid this warning.
  warnings.warn(
/project/6106383/ewillis/pca_contrastive/venv/lib/python3.11/site-packages/sklearn/linear_model/_logistic.py:473: ConvergenceWarning: lbfgs failed to converge after 5 iteration(s) (status=1):
STOP: TOTAL NO. OF ITERATIONS REACHED LIMIT

Increase the number of iterations to improve the convergence (max_iter=5).
You might also want to scale the data as shown in:
    https://scikit-learn.org/stable/modules/preprocessing.html
Please also refer to the documentation for alternative solver options:
    https://scikit-learn.org/stable/modules/linear_model.html#logistic-regression
  n_iter_i = _check_optimize_result(
  ↳ [triplet] new best (val BAL-acc=0.5575) snapshot stored in memory
/project/6106383/ewillis/pca_contrastive/venv/lib/python3.11/site-packages/sklearn/linear_model/_logistic.py:1272: FutureWarning: 'multi_class' was deprecated in version 1.5 and will be removed in 1.7. From then on, it will always use 'multinomial'. Leave it to its default value to avoid this warning.
  warnings.warn(
/project/6106383/ewillis/pca_contrastive/venv/lib/python3.11/site-packages/sklearn/linear_model/_logistic.py:473: ConvergenceWarning: lbfgs failed to converge after 5 iteration(s) (status=1):
STOP: TOTAL NO. OF ITERATIONS REACHED LIMIT

Increase the number of iterations to improve the convergence (max_iter=5).
You might also want to scale the data as shown in:
    https://scikit-learn.org/stable/modules/preprocessing.html
Please also refer to the documentation for alternative solver options:
    https://scikit-learn.org/stable/modules/linear_model.html#logistic-regression
  n_iter_i = _check_optimize_result(
  ↳ [triplet] no improvement (1/10)
/project/6106383/ewillis/pca_contrastive/venv/lib/python3.11/site-packages/sklearn/linear_model/_logistic.py:1272: FutureWarning: 'multi_class' was deprecated in version 1.5 and will be removed in 1.7. From then on, it will always use 'multinomial'. Leave it to its default value to avoid this warning.
  warnings.warn(
/project/6106383/ewillis/pca_contrastive/venv/lib/python3.11/site-packages/sklearn/linear_model/_logistic.py:473: ConvergenceWarning: lbfgs failed to converge after 5 iteration(s) (status=1):
STOP: TOTAL NO. OF ITERATIONS REACHED LIMIT

Increase the number of iterations to improve the convergence (max_iter=5).
You might also want to scale the data as shown in:
    https://scikit-learn.org/stable/modules/preprocessing.html
Please also refer to the documentation for alternative solver options:
    https://scikit-learn.org/stable/modules/linear_model.html#logistic-regression
  n_iter_i = _check_optimize_result(
  ↳ [triplet] no improvement (2/10)
/project/6106383/ewillis/pca_contrastive/venv/lib/python3.11/site-packages/sklearn/linear_model/_logistic.py:1272: FutureWarning: 'multi_class' was deprecated in version 1.5 and will be removed in 1.7. From then on, it will always use 'multinomial'. Leave it to its default value to avoid this warning.
  warnings.warn(
/project/6106383/ewillis/pca_contrastive/venv/lib/python3.11/site-packages/sklearn/linear_model/_logistic.py:473: ConvergenceWarning: lbfgs failed to converge after 5 iteration(s) (status=1):
STOP: TOTAL NO. OF ITERATIONS REACHED LIMIT

Increase the number of iterations to improve the convergence (max_iter=5).
You might also want to scale the data as shown in:
    https://scikit-learn.org/stable/modules/preprocessing.html
Please also refer to the documentation for alternative solver options:
    https://scikit-learn.org/stable/modules/linear_model.html#logistic-regression
  n_iter_i = _check_optimize_result(
  ↳ [triplet] no improvement (3/10)
/project/6106383/ewillis/pca_contrastive/venv/lib/python3.11/site-packages/sklearn/linear_model/_logistic.py:1272: FutureWarning: 'multi_class' was deprecated in version 1.5 and will be removed in 1.7. From then on, it will always use 'multinomial'. Leave it to its default value to avoid this warning.
  warnings.warn(
/project/6106383/ewillis/pca_contrastive/venv/lib/python3.11/site-packages/sklearn/linear_model/_logistic.py:473: ConvergenceWarning: lbfgs failed to converge after 5 iteration(s) (status=1):
STOP: TOTAL NO. OF ITERATIONS REACHED LIMIT

Increase the number of iterations to improve the convergence (max_iter=5).
You might also want to scale the data as shown in:
    https://scikit-learn.org/stable/modules/preprocessing.html
Please also refer to the documentation for alternative solver options:
    https://scikit-learn.org/stable/modules/linear_model.html#logistic-regression
  n_iter_i = _check_optimize_result(
  ↳ [triplet] no improvement (4/10)
/project/6106383/ewillis/pca_contrastive/venv/lib/python3.11/site-packages/sklearn/linear_model/_logistic.py:1272: FutureWarning: 'multi_class' was deprecated in version 1.5 and will be removed in 1.7. From then on, it will always use 'multinomial'. Leave it to its default value to avoid this warning.
  warnings.warn(
/project/6106383/ewillis/pca_contrastive/venv/lib/python3.11/site-packages/sklearn/linear_model/_logistic.py:473: ConvergenceWarning: lbfgs failed to converge after 5 iteration(s) (status=1):
STOP: TOTAL NO. OF ITERATIONS REACHED LIMIT

Increase the number of iterations to improve the convergence (max_iter=5).
You might also want to scale the data as shown in:
    https://scikit-learn.org/stable/modules/preprocessing.html
Please also refer to the documentation for alternative solver options:
    https://scikit-learn.org/stable/modules/linear_model.html#logistic-regression
  n_iter_i = _check_optimize_result(
  ↳ [triplet] no improvement (5/10)
/project/6106383/ewillis/pca_contrastive/venv/lib/python3.11/site-packages/sklearn/linear_model/_logistic.py:1272: FutureWarning: 'multi_class' was deprecated in version 1.5 and will be removed in 1.7. From then on, it will always use 'multinomial'. Leave it to its default value to avoid this warning.
  warnings.warn(
/project/6106383/ewillis/pca_contrastive/venv/lib/python3.11/site-packages/sklearn/linear_model/_logistic.py:473: ConvergenceWarning: lbfgs failed to converge after 5 iteration(s) (status=1):
STOP: TOTAL NO. OF ITERATIONS REACHED LIMIT

Increase the number of iterations to improve the convergence (max_iter=5).
You might also want to scale the data as shown in:
    https://scikit-learn.org/stable/modules/preprocessing.html
Please also refer to the documentation for alternative solver options:
    https://scikit-learn.org/stable/modules/linear_model.html#logistic-regression
  n_iter_i = _check_optimize_result(
  ↳ [triplet] no improvement (6/10)
[stage2] scope=head_and_proj (training head and projector, not encoder)
[HEAD 001] train: loss 0.6159 bacc 0.6652 acc 0.6075 f1 0.5907 || val: loss 0.1229 acc 0.6520 BAL-acc 0.5633 f1 0.4097 | acc[c0]=0.655  acc[c1]=0.708  acc[c2]=0.327 | auc[c0]=0.896  auc[c1]=0.766  auc[c2]=0.866 | macroAUC=0.843 | macroSens=0.563 macroSpec=0.851 | sens[c0]=0.655  sens[c1]=0.708  sens[c2]=0.327 | spec[c0]=0.912  spec[c1]=0.660  spec[c2]=0.981
Confusion matrix (LR val): rows=true, cols=pred
true\pred  ISUP01  ISUP23  ISUP45
   ISUP01    4085    2098      57
   ISUP23      30     245      71
   ISUP45      10      64      36
  ↳ [head] new best (val BAL-acc=0.5633) snapshot stored in memory
[HEAD 002] train: loss 0.4624 bacc 0.7674 acc 0.7466 f1 0.7218 || val: loss 0.1453 acc 0.7037 BAL-acc 0.5763 f1 0.4254 | acc[c0]=0.710  acc[c1]=0.728  acc[c2]=0.291 | auc[c0]=0.896  auc[c1]=0.799  auc[c2]=0.845 | macroAUC=0.847 | macroSens=0.576 macroSpec=0.861 | sens[c0]=0.710  sens[c1]=0.728  sens[c2]=0.291 | spec[c0]=0.888  spec[c1]=0.715  spec[c2]=0.981
Confusion matrix (LR val): rows=true, cols=pred
true\pred  ISUP01  ISUP23  ISUP45
   ISUP01    4428    1743      69
   ISUP23      39     252      55
   ISUP45      12      66      32
  ↳ [head] new best (val BAL-acc=0.5763) snapshot stored in memory
[HEAD 003] train: loss 0.4456 bacc 0.8013 acc 0.7771 f1 0.7559 || val: loss 0.1621 acc 0.7430 BAL-acc 0.5923 f1 0.4468 | acc[c0]=0.750  acc[c1]=0.763  acc[c2]=0.264 | auc[c0]=0.893  auc[c1]=0.827  auc[c2]=0.834 | macroAUC=0.851 | macroSens=0.592 macroSpec=0.870 | sens[c0]=0.750  sens[c1]=0.763  sens[c2]=0.264 | spec[c0]=0.873  spec[c1]=0.754  spec[c2]=0.985
Confusion matrix (LR val): rows=true, cols=pred
true\pred  ISUP01  ISUP23  ISUP45
   ISUP01    4682    1499      59
   ISUP23      43     264      39
   ISUP45      15      66      29
  ↳ [head] new best (val BAL-acc=0.5923) snapshot stored in memory
[HEAD 004] train: loss 0.4271 bacc 0.8164 acc 0.7896 f1 0.7672 || val: loss 0.1652 acc 0.7484 BAL-acc 0.5849 f1 0.4430 | acc[c0]=0.757  acc[c1]=0.743  acc[c2]=0.255 | auc[c0]=0.892  auc[c1]=0.820  auc[c2]=0.857 | macroAUC=0.856 | macroSens=0.585 macroSpec=0.870 | sens[c0]=0.757  sens[c1]=0.743  sens[c2]=0.255 | spec[c0]=0.866  spec[c1]=0.761  spec[c2]=0.984
Confusion matrix (LR val): rows=true, cols=pred
true\pred  ISUP01  ISUP23  ISUP45
   ISUP01    4726    1454      60
   ISUP23      43     257      46
   ISUP45      18      64      28
  ↳ [head] no improvement (1/10)
[HEAD 005] train: loss 0.3940 bacc 0.8243 acc 0.7999 f1 0.7773 || val: loss 0.1700 acc 0.7512 BAL-acc 0.5891 f1 0.4390 | acc[c0]=0.761  acc[c1]=0.734  acc[c2]=0.273 | auc[c0]=0.891  auc[c1]=0.815  auc[c2]=0.845 | macroAUC=0.850 | macroSens=0.589 macroSpec=0.871 | sens[c0]=0.761  sens[c1]=0.734  sens[c2]=0.273 | spec[c0]=0.866  spec[c1]=0.770  spec[c2]=0.978
Confusion matrix (LR val): rows=true, cols=pred
true\pred  ISUP01  ISUP23  ISUP45
   ISUP01    4746    1399      95
   ISUP23      43     254      49
   ISUP45      18      62      30
  ↳ [head] no improvement (2/10)
[HEAD 006] train: loss 0.3609 bacc 0.8415 acc 0.8140 f1 0.7944 || val: loss 0.1777 acc 0.7300 BAL-acc 0.5809 f1 0.4305 | acc[c0]=0.738  acc[c1]=0.723  acc[c2]=0.282 | auc[c0]=0.890  auc[c1]=0.792  auc[c2]=0.857 | macroAUC=0.846 | macroSens=0.581 macroSpec=0.866 | sens[c0]=0.738  sens[c1]=0.723  sens[c2]=0.282 | spec[c0]=0.873  spec[c1]=0.747  spec[c2]=0.979
Confusion matrix (LR val): rows=true, cols=pred
true\pred  ISUP01  ISUP23  ISUP45
   ISUP01    4607    1548      85
   ISUP23      40     250      56
   ISUP45      18      61      31
  ↳ [head] no improvement (3/10)
[HEAD 007] train: loss 0.3577 bacc 0.8400 acc 0.8142 f1 0.7965 || val: loss 0.1832 acc 0.7616 BAL-acc 0.5877 f1 0.4480 | acc[c0]=0.773  acc[c1]=0.708  acc[c2]=0.282 | auc[c0]=0.885  auc[c1]=0.802  auc[c2]=0.853 | macroAUC=0.847 | macroSens=0.588 macroSpec=0.872 | sens[c0]=0.773  sens[c1]=0.708  sens[c2]=0.282 | spec[c0]=0.855  spec[c1]=0.779  spec[c2]=0.981
Confusion matrix (LR val): rows=true, cols=pred
true\pred  ISUP01  ISUP23  ISUP45
   ISUP01    4824    1343      73
   ISUP23      47     245      54
   ISUP45      19      60      31
  ↳ [head] no improvement (4/10)
[HEAD 008] train: loss 0.3210 bacc 0.8546 acc 0.8242 f1 0.8091 || val: loss 0.1972 acc 0.7428 BAL-acc 0.5811 f1 0.4360 | acc[c0]=0.752  acc[c1]=0.737  acc[c2]=0.255 | auc[c0]=0.886  auc[c1]=0.812  auc[c2]=0.843 | macroAUC=0.847 | macroSens=0.581 macroSpec=0.867 | sens[c0]=0.752  sens[c1]=0.737  sens[c2]=0.255 | spec[c0]=0.862  spec[c1]=0.758  spec[c2]=0.982
Confusion matrix (LR val): rows=true, cols=pred
true\pred  ISUP01  ISUP23  ISUP45
   ISUP01    4691    1475      74
   ISUP23      44     255      47
   ISUP45      19      63      28
  ↳ [head] no improvement (5/10)
[HEAD 009] train: loss 0.3356 bacc 0.8500 acc 0.8257 f1 0.8044 || val: loss 0.2016 acc 0.7634 BAL-acc 0.5791 f1 0.4399 | acc[c0]=0.775  acc[c1]=0.717  acc[c2]=0.245 | auc[c0]=0.884  auc[c1]=0.816  auc[c2]=0.845 | macroAUC=0.848 | macroSens=0.579 macroSpec=0.870 | sens[c0]=0.775  sens[c1]=0.717  sens[c2]=0.245 | spec[c0]=0.846  spec[c1]=0.782  spec[c2]=0.980
Confusion matrix (LR val): rows=true, cols=pred
true\pred  ISUP01  ISUP23  ISUP45
   ISUP01    4837    1320      83
   ISUP23      49     248      49
   ISUP45      21      62      27
  ↳ [head] no improvement (6/10)
[HEAD 010] train: loss 0.2960 bacc 0.8613 acc 0.8369 f1 0.8199 || val: loss 0.1974 acc 0.7848 BAL-acc 0.5839 f1 0.4498 | acc[c0]=0.800  acc[c1]=0.679  acc[c2]=0.273 | auc[c0]=0.888  auc[c1]=0.814  auc[c2]=0.844 | macroAUC=0.849 | macroSens=0.584 macroSpec=0.876 | sens[c0]=0.800  sens[c1]=0.679  sens[c2]=0.273 | spec[c0]=0.844  spec[c1]=0.808  spec[c2]=0.977
Confusion matrix (LR val): rows=true, cols=pred
true\pred  ISUP01  ISUP23  ISUP45
   ISUP01    4990    1156      94
   ISUP23      52     235      59
   ISUP45      19      61      30
  ↳ [head] no improvement (7/10)
[HEAD 011] train: loss 0.2839 bacc 0.8705 acc 0.8416 f1 0.8263 || val: loss 0.2141 acc 0.7830 BAL-acc 0.5866 f1 0.4545 | acc[c0]=0.797  acc[c1]=0.699  acc[c2]=0.264 | auc[c0]=0.886  auc[c1]=0.816  auc[c2]=0.838 | macroAUC=0.846 | macroSens=0.587 macroSpec=0.874 | sens[c0]=0.797  sens[c1]=0.699  sens[c2]=0.264 | spec[c0]=0.838  spec[c1]=0.803  spec[c2]=0.981
Confusion matrix (LR val): rows=true, cols=pred
true\pred  ISUP01  ISUP23  ISUP45
   ISUP01    4972    1193      75
   ISUP23      54     242      50
   ISUP45      20      61      29
  ↳ [head] no improvement (8/10)
[HEAD 012] train: loss 0.2661 bacc 0.8745 acc 0.8396 f1 0.8262 || val: loss 0.2254 acc 0.7999 BAL-acc 0.5807 f1 0.4554 | acc[c0]=0.816  acc[c1]=0.699  acc[c2]=0.227 | auc[c0]=0.886  auc[c1]=0.829  auc[c2]=0.823 | macroAUC=0.846 | macroSens=0.581 macroSpec=0.874 | sens[c0]=0.816  sens[c1]=0.699  sens[c2]=0.227 | spec[c0]=0.820  spec[c1]=0.821  spec[c2]=0.981
Confusion matrix (LR val): rows=true, cols=pred
true\pred  ISUP01  ISUP23  ISUP45
   ISUP01    5089    1072      79
   ISUP23      59     242      45
   ISUP45      23      62      25
  ↳ [head] no improvement (9/10)
[HEAD 013] train: loss 0.2739 bacc 0.8766 acc 0.8465 f1 0.8333 || val: loss 0.2140 acc 0.7649 BAL-acc 0.5964 f1 0.4433 | acc[c0]=0.777  acc[c1]=0.685  acc[c2]=0.327 | auc[c0]=0.887  auc[c1]=0.799  auc[c2]=0.827 | macroAUC=0.838 | macroSens=0.596 macroSpec=0.870 | sens[c0]=0.777  sens[c1]=0.685  sens[c2]=0.327 | spec[c0]=0.846  spec[c1]=0.794  spec[c2]=0.970
Confusion matrix (LR val): rows=true, cols=pred
true\pred  ISUP01  ISUP23  ISUP45
   ISUP01    4849    1254     137
   ISUP23      49     237      60
   ISUP45      21      53      36
  ↳ [head] new best (val BAL-acc=0.5964) snapshot stored in memory
[HEAD 014] train: loss 0.2539 bacc 0.8829 acc 0.8512 f1 0.8357 || val: loss 0.2406 acc 0.7761 BAL-acc 0.5750 f1 0.4431 | acc[c0]=0.790  acc[c1]=0.708  acc[c2]=0.227 | auc[c0]=0.886  auc[c1]=0.816  auc[c2]=0.810 | macroAUC=0.838 | macroSens=0.575 macroSpec=0.872 | sens[c0]=0.790  sens[c1]=0.708  sens[c2]=0.227 | spec[c0]=0.840  spec[c1]=0.795  spec[c2]=0.981
Confusion matrix (LR val): rows=true, cols=pred
true\pred  ISUP01  ISUP23  ISUP45
   ISUP01    4927    1239      74
   ISUP23      52     245      49
   ISUP45      21      64      25
  ↳ [head] no improvement (1/10)
[HEAD 015] train: loss 0.2591 bacc 0.8836 acc 0.8521 f1 0.8396 || val: loss 0.2269 acc 0.7944 BAL-acc 0.5951 f1 0.4634 | acc[c0]=0.809  acc[c1]=0.685  acc[c2]=0.291 | auc[c0]=0.887  auc[c1]=0.809  auc[c2]=0.811 | macroAUC=0.836 | macroSens=0.595 macroSpec=0.874 | sens[c0]=0.809  sens[c1]=0.685  sens[c2]=0.291 | spec[c0]=0.825  spec[c1]=0.817  spec[c2]=0.979
Confusion matrix (LR val): rows=true, cols=pred
true\pred  ISUP01  ISUP23  ISUP45
   ISUP01    5050    1107      83
   ISUP23      56     237      53
   ISUP45      24      54      32
  ↳ [head] no improvement (2/10)
[HEAD 016] train: loss 0.2418 bacc 0.8924 acc 0.8579 f1 0.8448 || val: loss 0.2388 acc 0.7706 BAL-acc 0.5843 f1 0.4436 | acc[c0]=0.783  acc[c1]=0.697  acc[c2]=0.273 | auc[c0]=0.884  auc[c1]=0.811  auc[c2]=0.803 | macroAUC=0.833 | macroSens=0.584 macroSpec=0.869 | sens[c0]=0.783  sens[c1]=0.697  sens[c2]=0.273 | spec[c0]=0.838  spec[c1]=0.794  spec[c2]=0.976
Confusion matrix (LR val): rows=true, cols=pred
true\pred  ISUP01  ISUP23  ISUP45
   ISUP01    4889    1248     103
   ISUP23      53     241      52
   ISUP45      21      59      30
  ↳ [head] no improvement (3/10)
[HEAD 017] train: loss 0.2268 bacc 0.8996 acc 0.8677 f1 0.8577 || val: loss 0.2358 acc 0.7978 BAL-acc 0.5910 f1 0.4597 | acc[c0]=0.813  acc[c1]=0.697  acc[c2]=0.264 | auc[c0]=0.889  auc[c1]=0.824  auc[c2]=0.778 | macroAUC=0.830 | macroSens=0.591 macroSpec=0.873 | sens[c0]=0.813  sens[c1]=0.697  sens[c2]=0.264 | spec[c0]=0.818  spec[c1]=0.822  spec[c2]=0.979
Confusion matrix (LR val): rows=true, cols=pred
true\pred  ISUP01  ISUP23  ISUP45
   ISUP01    5072    1075      93
   ISUP23      59     241      46
   ISUP45      24      57      29
  ↳ [head] no improvement (4/10)
[HEAD 018] train: loss 0.2197 bacc 0.9018 acc 0.8688 f1 0.8600 || val: loss 0.2444 acc 0.7746 BAL-acc 0.5878 f1 0.4507 | acc[c0]=0.788  acc[c1]=0.694  acc[c2]=0.282 | auc[c0]=0.886  auc[c1]=0.803  auc[c2]=0.767 | macroAUC=0.818 | macroSens=0.588 macroSpec=0.870 | sens[c0]=0.788  sens[c1]=0.694  sens[c2]=0.282 | spec[c0]=0.836  spec[c1]=0.796  spec[c2]=0.979
Confusion matrix (LR val): rows=true, cols=pred
true\pred  ISUP01  ISUP23  ISUP45
   ISUP01    4916    1237      87
   ISUP23      54     240      52
   ISUP45      21      58      31
  ↳ [head] no improvement (5/10)
[HEAD 019] train: loss 0.2229 bacc 0.9012 acc 0.8648 f1 0.8577 || val: loss 0.2467 acc 0.8029 BAL-acc 0.5748 f1 0.4526 | acc[c0]=0.820  acc[c1]=0.668  acc[c2]=0.236 | auc[c0]=0.885  auc[c1]=0.814  auc[c2]=0.737 | macroAUC=0.812 | macroSens=0.575 macroSpec=0.869 | sens[c0]=0.820  sens[c1]=0.668  sens[c2]=0.236 | spec[c0]=0.800  spec[c1]=0.829  spec[c2]=0.978
Confusion matrix (LR val): rows=true, cols=pred
true\pred  ISUP01  ISUP23  ISUP45
   ISUP01    5119    1027      94
   ISUP23      65     231      50
   ISUP45      26      58      26
  ↳ [head] no improvement (6/10)
[HEAD 020] train: loss 0.1949 bacc 0.9088 acc 0.8773 f1 0.8681 || val: loss 0.2534 acc 0.8036 BAL-acc 0.5837 f1 0.4632 | acc[c0]=0.820  acc[c1]=0.676  acc[c2]=0.255 | auc[c0]=0.888  auc[c1]=0.816  auc[c2]=0.740 | macroAUC=0.815 | macroSens=0.584 macroSpec=0.871 | sens[c0]=0.820  sens[c1]=0.676  sens[c2]=0.255 | spec[c0]=0.805  spec[c1]=0.826  spec[c2]=0.982
Confusion matrix (LR val): rows=true, cols=pred
true\pred  ISUP01  ISUP23  ISUP45
   ISUP01    5119    1052      69
   ISUP23      62     234      50
   ISUP45      27      55      28
  ↳ [head] no improvement (7/10)
[HEAD 021] train: loss 0.2134 bacc 0.9050 acc 0.8709 f1 0.8642 || val: loss 0.2446 acc 0.8103 BAL-acc 0.5844 f1 0.4632 | acc[c0]=0.829  acc[c1]=0.633  acc[c2]=0.291 | auc[c0]=0.881  auc[c1]=0.805  auc[c2]=0.762 | macroAUC=0.816 | macroSens=0.584 macroSpec=0.868 | sens[c0]=0.829  sens[c1]=0.633  sens[c2]=0.291 | spec[c0]=0.787  spec[c1]=0.840  spec[c2]=0.976
Confusion matrix (LR val): rows=true, cols=pred
true\pred  ISUP01  ISUP23  ISUP45
   ISUP01    5175     963     102
   ISUP23      71     219      56
   ISUP45      26      52      32
  ↳ [head] no improvement (8/10)
[HEAD 022] train: loss 0.1875 bacc 0.9137 acc 0.8796 f1 0.8721 || val: loss 0.2522 acc 0.8068 BAL-acc 0.5690 f1 0.4496 | acc[c0]=0.827  acc[c1]=0.607  acc[c2]=0.273 | auc[c0]=0.884  auc[c1]=0.790  auc[c2]=0.761 | macroAUC=0.812 | macroSens=0.569 macroSpec=0.868 | sens[c0]=0.827  sens[c1]=0.607  sens[c2]=0.273 | spec[c0]=0.792  spec[c1]=0.841  spec[c2]=0.971
Confusion matrix (LR val): rows=true, cols=pred
true\pred  ISUP01  ISUP23  ISUP45
   ISUP01    5162     957     121
   ISUP23      69     210      67
   ISUP45      26      54      30
  ↳ [head] no improvement (9/10)
[HEAD 023] train: loss 0.2001 bacc 0.9134 acc 0.8825 f1 0.8753 || val: loss 0.2594 acc 0.8081 BAL-acc 0.5835 f1 0.4644 | acc[c0]=0.825  acc[c1]=0.671  acc[c2]=0.255 | auc[c0]=0.880  auc[c1]=0.815  auc[c2]=0.710 | macroAUC=0.802 | macroSens=0.584 macroSpec=0.870 | sens[c0]=0.825  sens[c1]=0.671  sens[c2]=0.255 | spec[c0]=0.798  spec[c1]=0.831  spec[c2]=0.981
Confusion matrix (LR val): rows=true, cols=pred
true\pred  ISUP01  ISUP23  ISUP45
   ISUP01    5151    1013      76
   ISUP23      67     232      47
   ISUP45      25      57      28
  ↳ [head] no improvement (10/10)
[head] Early stopping at epoch 23.
[FINAL VAL] loss 0.2140 acc 0.7649 f1 0.4433 | acc[c0]=0.777  acc[c1]=0.685  acc[c2]=0.327 | auc[c0]=0.887  auc[c1]=0.799  auc[c2]=0.827 | macroAUC=0.838 | macroSens=0.596 macroSpec=0.870 | sens[c0]=0.777  sens[c1]=0.685  sens[c2]=0.327 | spec[c0]=0.846  spec[c1]=0.794  spec[c2]=0.970
Confusion matrix (LR val): rows=true, cols=pred
true\pred  ISUP01  ISUP23  ISUP45
   ISUP01    4849    1254     137
   ISUP23      49     237      60
   ISUP45      21      53      36

=== Final model: Sensitivity at fixed specificity ===
       class |          AUC |  Sens@Spec40 |  Sens@Spec60 |  Sens@Spec80 |  Sens@Spec90 |  Sens@Spec95 |  Sens@Spec99
          c0 |        0.887 |        0.976 |        0.932 |        0.834 |        0.691 |        0.497 |        0.084
          c1 |        0.799 |        0.922 |        0.838 |        0.676 |        0.497 |        0.306 |        0.095
          c2 |        0.827 |        0.927 |        0.882 |        0.718 |        0.518 |        0.391 |        0.173
       macro |        0.838 |        0.942 |        0.884 |        0.743 |        0.569 |        0.398 |        0.117
[FINAL TEST] loss 0.2388 acc 0.7637 f1 0.4211 | acc[c0]=0.782  acc[c1]=0.615  acc[c2]=0.208 | auc[c0]=0.858  auc[c1]=0.789  auc[c2]=0.770 | macroAUC=0.805 | macroSens=0.535 macroSpec=0.843 | sens[c0]=0.782  sens[c1]=0.615  sens[c2]=0.208 | spec[c0]=0.760  spec[c1]=0.795  spec[c2]=0.974
Confusion matrix (LR val): rows=true, cols=pred
true\pred  ISUP01  ISUP23  ISUP45
   ISUP01    4890    1249     114
   ISUP23      97     254      62
   ISUP45      25      51      20

=== Final model: Sensitivity at fixed specificity ===
       class |          AUC |  Sens@Spec40 |  Sens@Spec60 |  Sens@Spec80 |  Sens@Spec90 |  Sens@Spec95 |  Sens@Spec99
          c0 |        0.858 |        0.978 |        0.918 |        0.742 |        0.533 |        0.400 |        0.180
          c1 |        0.789 |        0.920 |        0.809 |        0.608 |        0.443 |        0.329 |        0.143
          c2 |        0.770 |        0.885 |        0.750 |        0.604 |        0.438 |        0.312 |        0.083
       macro |        0.805 |        0.928 |        0.826 |        0.651 |        0.471 |        0.347 |        0.135
wandb:                                                                                
wandb: 
wandb: Run history:
wandb:         aux/head/lr ▁▁▁▁▁▁▁▁▁▁▁▁▁▁▁▁▁▁▁▁▁▁▁
wandb:      aux/lr_val/acc █▁▄▇▇▇█▇▇▇▆▆▆▇▆▆▆▆▆▅▅▇▆▆▆▄▆▅▆▆▄▅▅▆▅▅▄▅▆▆
wandb:   aux/lr_val/acc_c0 █▁▃▅▅▅▆▅▅▅▄▄▄▅▄▄▄▄▄▃▃▅▄▄▄▃▄▃▄▄▂▃▃▄▃▃▃▃▄▄
wandb:   aux/lr_val/acc_c1 ▁▆▇▆▇▇▇▇▇▇▇▇▇▇███████▇▇▇█▇▇▇▇▇█▇▇▇██▇▇▇▇
wandb:   aux/lr_val/acc_c2 ▁▁▁▁▁▁▁▁▁▁▁▁▁▁▁▁▁▁▁▁▁▁▂▃▄▅▆▇▆▆▆▇▇█▆▆█▅█▇
wandb:   aux/lr_val/auc_c0 ▁▆▆▇▇█████████████▇█▇▇▇█▇▇▇▇▇▇▇▇▇▇▇▇▇▇▇▇
wandb:   aux/lr_val/auc_c1 ▁▆▆▇▇█████████████▇▇▇▇▇▇▇▇▇▇▇▇▇▇▇▇▇▇▇▇▇▇
wandb:   aux/lr_val/auc_c2 ▁▆▆▆▇▇▇██▇██▇██▇████▇█▇█████▇▇█▇██▇▇██▇█
wandb:     aux/lr_val/bacc ▁▄▅▅▆▆▆▆▆▅▆▆▆▆▆▆▆▆▆▆▆▆▆▇▇▇▇█▇▇██▇████▇▇█
wandb: aux/lr_val/f1_macro ▁▂▃▃▄▄▄▄▄▄▄▄▃▄▄▄▄▄▄▄▃▄▄▅▆▆▇▇▇▇▇▇▇█▇▇▇▆▇▇
wandb:                 +32 ...
wandb: 
wandb: Run summary:
wandb:         aux/head/lr 1e-05
wandb:      aux/lr_val/acc 0.88665
wandb:   aux/lr_val/acc_c0 0.91474
wandb:   aux/lr_val/acc_c1 0.62717
wandb:   aux/lr_val/acc_c2 0.10909
wandb:   aux/lr_val/auc_c0 0.89393
wandb:   aux/lr_val/auc_c1 0.87686
wandb:   aux/lr_val/auc_c2 0.89196
wandb:     aux/lr_val/bacc 0.55033
wandb: aux/lr_val/f1_macro 0.49469
wandb:                 +32 ...
wandb: 
wandb: 🚀 View run isup3-kl-scope-head_and_proj at: https://wandb.ai/jesande7-queens/MID_DEC_KILLARNEY_NEW_SPIE/runs/081dhfeq
wandb: ⭐️ View project at: https://wandb.ai/jesande7-queens/MID_DEC_KILLARNEY_NEW_SPIE
wandb: Synced 5 W&B file(s), 0 media file(s), 0 artifact file(s) and 0 other file(s)
wandb: Find logs at: ./wandb/run-20260403_002744-081dhfeq/logs
